Component: ARM Compiler 5.06 update 6 (build 750) Tool: armlink [4d35ed]

==============================================================================

Section Cross References

    startup_stm32l062xx.o(RESET) refers to startup_stm32l062xx.o(STACK) for __initial_sp
    startup_stm32l062xx.o(RESET) refers to startup_stm32l062xx.o(.text) for Reset_Handler
    startup_stm32l062xx.o(RESET) refers to stm32l0xx_it.o(i.NMI_Handler) for NMI_Handler
    startup_stm32l062xx.o(RESET) refers to stm32l0xx_it.o(i.HardFault_Handler) for HardFault_Handler
    startup_stm32l062xx.o(RESET) refers to stm32l0xx_it.o(i.SVC_Handler) for SVC_Handler
    startup_stm32l062xx.o(RESET) refers to stm32l0xx_it.o(i.PendSV_Handler) for PendSV_Handler
    startup_stm32l062xx.o(RESET) refers to stm32l0xx_it.o(i.SysTick_Handler) for SysTick_Handler
    startup_stm32l062xx.o(RESET) refers to stm32l0xx_it.o(i.USART1_IRQHandler) for USART1_IRQHandler
    startup_stm32l062xx.o(.text) refers to system_stm32l0xx.o(i.SystemInit) for SystemInit
    startup_stm32l062xx.o(.text) refers to entry.o(.ARM.Collect$$$$00000000) for __main
    main.o(i.MX_GPIO_Init) refers to memseta.o(.text) for __aeabi_memclr4
    main.o(i.MX_GPIO_Init) refers to stm32l0xx_hal_gpio.o(i.HAL_GPIO_WritePin) for HAL_GPIO_WritePin
    main.o(i.MX_GPIO_Init) refers to stm32l0xx_hal_gpio.o(i.HAL_GPIO_Init) for HAL_GPIO_Init
    main.o(i.SystemClock_Config) refers to memseta.o(.text) for __aeabi_memclr4
    main.o(i.SystemClock_Config) refers to stm32l0xx_hal_rcc.o(i.HAL_RCC_OscConfig) for HAL_RCC_OscConfig
    main.o(i.SystemClock_Config) refers to main.o(i.Error_Handler) for Error_Handler
    main.o(i.SystemClock_Config) refers to stm32l0xx_hal_rcc.o(i.HAL_RCC_ClockConfig) for HAL_RCC_ClockConfig
    main.o(i.SystemClock_Config) refers to stm32l0xx_hal_rcc_ex.o(i.HAL_RCCEx_PeriphCLKConfig) for HAL_RCCEx_PeriphCLKConfig
    main.o(i.main) refers to stm32l0xx_hal.o(i.HAL_Init) for HAL_Init
    main.o(i.main) refers to main.o(i.SystemClock_Config) for SystemClock_Config
    main.o(i.main) refers to cr95hf.o(i.CR95HF_UART_Init) for CR95HF_UART_Init
    main.o(i.main) refers to uart.o(i.MX_USART2_UART_Init) for MX_USART2_UART_Init
    main.o(i.main) refers to stm32l0xx_hal.o(i.HAL_Delay) for HAL_Delay
    main.o(i.main) refers to cr95hf.o(i.CR95HF_Process) for CR95HF_Process
    stm32l0xx_it.o(i.SysTick_Handler) refers to stm32l0xx_hal.o(i.HAL_IncTick) for HAL_IncTick
    stm32l0xx_it.o(i.USART1_IRQHandler) refers to stm32l0xx_hal_uart.o(i.HAL_UART_IRQHandler) for HAL_UART_IRQHandler
    stm32l0xx_it.o(i.USART1_IRQHandler) refers to cr95hf.o(.bss) for huart1
    stm32l0xx_hal_msp.o(i.HAL_UART_MspDeInit) refers to stm32l0xx_hal_gpio.o(i.HAL_GPIO_DeInit) for HAL_GPIO_DeInit
    stm32l0xx_hal_msp.o(i.HAL_UART_MspDeInit) refers to stm32l0xx_hal_cortex.o(i.HAL_NVIC_DisableIRQ) for HAL_NVIC_DisableIRQ
    stm32l0xx_hal_msp.o(i.HAL_UART_MspInit) refers to memseta.o(.text) for __aeabi_memclr4
    stm32l0xx_hal_msp.o(i.HAL_UART_MspInit) refers to stm32l0xx_hal_gpio.o(i.HAL_GPIO_Init) for HAL_GPIO_Init
    stm32l0xx_hal_msp.o(i.HAL_UART_MspInit) refers to stm32l0xx_hal_cortex.o(i.HAL_NVIC_SetPriority) for HAL_NVIC_SetPriority
    stm32l0xx_hal_msp.o(i.HAL_UART_MspInit) refers to stm32l0xx_hal_cortex.o(i.HAL_NVIC_EnableIRQ) for HAL_NVIC_EnableIRQ
    uart.o(i.CR95HF_GetUID) refers to uart.o(i.CR95HF_REQA) for CR95HF_REQA
    uart.o(i.CR95HF_GetUID) refers to uart.o(i.CR95HF_Anticollision) for CR95HF_Anticollision
    uart.o(i.CR95HF_GetUID) refers to uart.o(i.CR95HF_Select) for CR95HF_Select
    uart.o(i.CR95HF_GetUID) refers to memcpya.o(.text) for __aeabi_memcpy
    uart.o(i.CR95HF_GetUID) refers to uart.o(.bss) for cr95hf_full_uid
    uart.o(i.CR95HF_GetUID) refers to uart.o(.data) for cr95hf_uid_length
    uart.o(i.CR95HF_IsTransactionDone) refers to stm32l0xx_hal.o(i.HAL_GetTick) for HAL_GetTick
    uart.o(i.CR95HF_IsTransactionDone) refers to uart.o(.data) for cr95hf_start_tick
    uart.o(i.CR95HF_REQA) refers to uart.o(i.CR95HF_Send) for CR95HF_Send
    uart.o(i.CR95HF_SelectProtocol_ISO14443A) refers to uart.o(i.CR95HF_Send) for CR95HF_Send
    uart.o(i.MX_USART1_UART_Init) refers to stm32l0xx_hal_uart.o(i.HAL_UART_Init) for HAL_UART_Init
    uart.o(i.MX_USART1_UART_Init) refers to main.o(i.Error_Handler) for Error_Handler
    uart.o(i.MX_USART1_UART_Init) refers to cr95hf.o(.bss) for huart1
    uart.o(i.MX_USART2_UART_Init) refers to stm32l0xx_hal_uart.o(i.HAL_UART_Init) for HAL_UART_Init
    uart.o(i.MX_USART2_UART_Init) refers to main.o(i.Error_Handler) for Error_Handler
    uart.o(i.MX_USART2_UART_Init) refers to uart.o(.bss) for huart2
    uart.o(i.UART2_GetBuffer) refers to uart.o(.data) for uart2_frame_ready
    uart.o(i.UART2_GetBuffer) refers to uart.o(.bss) for uart2_rx_buffer
    uart.o(i.UART2_GetLength) refers to uart.o(.data) for uart2_expected_len
    uart.o(i.UART2_IsFrameReceived) refers to uart.o(.data) for uart2_frame_ready
[...]
    stm32l0xx_hal_uart.o(i.UART_DMATxHalfCplt) refers to stm32l0xx_hal_uart.o(i.HAL_UART_TxHalfCpltCallback) for HAL_UART_TxHalfCpltCallback
    stm32l0xx_hal_uart.o(i.UART_DMATxOnlyAbortCallback) refers to stm32l0xx_hal_uart.o(i.HAL_UART_AbortTransmitCpltCallback) for HAL_UART_AbortTransmitCpltCallback
    stm32l0xx_hal_uart.o(i.UART_EndRxTransfer) refers to stm32l0xx_hal_uart.o(i.__get_PRIMASK) for __get_PRIMASK
    stm32l0xx_hal_uart.o(i.UART_EndRxTransfer) refers to stm32l0xx_hal_uart.o(i.__set_PRIMASK) for __set_PRIMASK
    stm32l0xx_hal_uart.o(i.UART_EndTransmit_IT) refers to stm32l0xx_hal_uart.o(i.__get_PRIMASK) for __get_PRIMASK
    stm32l0xx_hal_uart.o(i.UART_EndTransmit_IT) refers to stm32l0xx_hal_uart.o(i.__set_PRIMASK) for __set_PRIMASK
    stm32l0xx_hal_uart.o(i.UART_EndTransmit_IT) refers to stm32l0xx_hal_uart.o(i.HAL_UART_TxCpltCallback) for HAL_UART_TxCpltCallback
    stm32l0xx_hal_uart.o(i.UART_EndTxTransfer) refers to stm32l0xx_hal_uart.o(i.__get_PRIMASK) for __get_PRIMASK
    stm32l0xx_hal_uart.o(i.UART_EndTxTransfer) refers to stm32l0xx_hal_uart.o(i.__set_PRIMASK) for __set_PRIMASK
    stm32l0xx_hal_uart.o(i.UART_RxISR_16BIT) refers to stm32l0xx_hal_uart.o(i.__get_PRIMASK) for __get_PRIMASK
    stm32l0xx_hal_uart.o(i.UART_RxISR_16BIT) refers to stm32l0xx_hal_uart.o(i.__set_PRIMASK) for __set_PRIMASK
    stm32l0xx_hal_uart.o(i.UART_RxISR_16BIT) refers to stm32l0xx_hal_uart.o(i.HAL_UARTEx_RxEventCallback) for HAL_UARTEx_RxEventCallback
    stm32l0xx_hal_uart.o(i.UART_RxISR_16BIT) refers to cr95hf.o(i.HAL_UART_RxCpltCallback) for HAL_UART_RxCpltCallback
    stm32l0xx_hal_uart.o(i.UART_RxISR_8BIT) refers to stm32l0xx_hal_uart.o(i.__get_PRIMASK) for __get_PRIMASK
    stm32l0xx_hal_uart.o(i.UART_RxISR_8BIT) refers to stm32l0xx_hal_uart.o(i.__set_PRIMASK) for __set_PRIMASK
    stm32l0xx_hal_uart.o(i.UART_RxISR_8BIT) refers to stm32l0xx_hal_uart.o(i.HAL_UARTEx_RxEventCallback) for HAL_UARTEx_RxEventCallback
    stm32l0xx_hal_uart.o(i.UART_RxISR_8BIT) refers to cr95hf.o(i.HAL_UART_RxCpltCallback) for HAL_UART_RxCpltCallback
    stm32l0xx_hal_uart.o(i.UART_SetConfig) refers to stm32l0xx_hal_rcc.o(i.HAL_RCC_GetPCLK1Freq) for HAL_RCC_GetPCLK1Freq
    stm32l0xx_hal_uart.o(i.UART_SetConfig) refers to stm32l0xx_hal_rcc.o(i.HAL_RCC_GetSysClockFreq) for HAL_RCC_GetSysClockFreq
    stm32l0xx_hal_uart.o(i.UART_SetConfig) refers to stm32l0xx_hal_uart.o(i.__ARM_common_ll_muluu) for __ARM_common_ll_muluu
    stm32l0xx_hal_uart.o(i.UART_SetConfig) refers to uldiv.o(.text) for __aeabi_uldivmod
    stm32l0xx_hal_uart.o(i.UART_SetConfig) refers to cr95hf.o(i.__ARM_common_switch8) for __ARM_common_switch8
    stm32l0xx_hal_uart.o(i.UART_SetConfig) refers to stm32l0xx_hal_rcc.o(i.HAL_RCC_GetPCLK2Freq) for HAL_RCC_GetPCLK2Freq
    stm32l0xx_hal_uart.o(i.UART_SetConfig) refers to uidiv.o(.text) for __aeabi_uidivmod
    stm32l0xx_hal_uart.o(i.UART_Start_Receive_DMA) refers to stm32l0xx_hal_dma.o(i.HAL_DMA_Start_IT) for HAL_DMA_Start_IT
    stm32l0xx_hal_uart.o(i.UART_Start_Receive_DMA) refers to stm32l0xx_hal_uart.o(i.__get_PRIMASK) for __get_PRIMASK
    stm32l0xx_hal_uart.o(i.UART_Start_Receive_DMA) refers to stm32l0xx_hal_uart.o(i.__set_PRIMASK) for __set_PRIMASK
    stm32l0xx_hal_uart.o(i.UART_Start_Receive_DMA) refers to stm32l0xx_hal_uart.o(i.UART_DMAReceiveCplt) for UART_DMAReceiveCplt
    stm32l0xx_hal_uart.o(i.UART_Start_Receive_DMA) refers to stm32l0xx_hal_uart.o(i.UART_DMARxHalfCplt) for UART_DMARxHalfCplt
    stm32l0xx_hal_uart.o(i.UART_Start_Receive_DMA) refers to stm32l0xx_hal_uart.o(i.UART_DMAError) for UART_DMAError
    stm32l0xx_hal_uart.o(i.UART_Start_Receive_IT) refers to stm32l0xx_hal_uart.o(i.__get_PRIMASK) for __get_PRIMASK
    stm32l0xx_hal_uart.o(i.UART_Start_Receive_IT) refers to stm32l0xx_hal_uart.o(i.__set_PRIMASK) for __set_PRIMASK
    stm32l0xx_hal_uart.o(i.UART_Start_Receive_IT) refers to stm32l0xx_hal_uart.o(i.UART_RxISR_16BIT) for UART_RxISR_16BIT
    stm32l0xx_hal_uart.o(i.UART_Start_Receive_IT) refers to stm32l0xx_hal_uart.o(i.UART_RxISR_8BIT) for UART_RxISR_8BIT
    stm32l0xx_hal_uart.o(i.UART_TxISR_16BIT) refers to stm32l0xx_hal_uart.o(i.__get_PRIMASK) for __get_PRIMASK
    stm32l0xx_hal_uart.o(i.UART_TxISR_16BIT) refers to stm32l0xx_hal_uart.o(i.__set_PRIMASK) for __set_PRIMASK
    stm32l0xx_hal_uart.o(i.UART_TxISR_8BIT) refers to stm32l0xx_hal_uart.o(i.__get_PRIMASK) for __get_PRIMASK
    stm32l0xx_hal_uart.o(i.UART_TxISR_8BIT) refers to stm32l0xx_hal_uart.o(i.__set_PRIMASK) for __set_PRIMASK
    stm32l0xx_hal_uart.o(i.UART_WaitOnFlagUntilTimeout) refers to stm32l0xx_hal.o(i.HAL_GetTick) for HAL_GetTick
    stm32l0xx_hal_uart.o(i.UART_WaitOnFlagUntilTimeout) refers to stm32l0xx_hal_uart.o(i.UART_EndRxTransfer) for UART_EndRxTransfer
    stm32l0xx_hal_uart_ex.o(i.HAL_MultiProcessorEx_AddressLength_Set) refers to stm32l0xx_hal_uart.o(i.UART_CheckIdleState) for UART_CheckIdleState
    stm32l0xx_hal_uart_ex.o(i.HAL_RS485Ex_Init) refers to stm32l0xx_hal_msp.o(i.HAL_UART_MspInit) for HAL_UART_MspInit
    stm32l0xx_hal_uart_ex.o(i.HAL_RS485Ex_Init) refers to stm32l0xx_hal_uart.o(i.UART_AdvFeatureConfig) for UART_AdvFeatureConfig
    stm32l0xx_hal_uart_ex.o(i.HAL_RS485Ex_Init) refers to stm32l0xx_hal_uart.o(i.UART_SetConfig) for UART_SetConfig
    stm32l0xx_hal_uart_ex.o(i.HAL_RS485Ex_Init) refers to stm32l0xx_hal_uart.o(i.UART_CheckIdleState) for UART_CheckIdleState
    stm32l0xx_hal_uart_ex.o(i.HAL_UARTEx_DisableClockStopMode) refers to stm32l0xx_hal_uart_ex.o(i.__get_PRIMASK) for __get_PRIMASK
    stm32l0xx_hal_uart_ex.o(i.HAL_UARTEx_DisableClockStopMode) refers to stm32l0xx_hal_uart_ex.o(i.__set_PRIMASK) for __set_PRIMASK
    stm32l0xx_hal_uart_ex.o(i.HAL_UARTEx_DisableStopMode) refers to stm32l0xx_hal_uart_ex.o(i.__get_PRIMASK) for __get_PRIMASK
    stm32l0xx_hal_uart_ex.o(i.HAL_UARTEx_DisableStopMode) refers to stm32l0xx_hal_uart_ex.o(i.__set_PRIMASK) for __set_PRIMASK
    stm32l0xx_hal_uart_ex.o(i.HAL_UARTEx_EnableClockStopMode) refers to stm32l0xx_hal_uart_ex.o(i.__get_PRIMASK) for __get_PRIMASK
    stm32l0xx_hal_uart_ex.o(i.HAL_UARTEx_EnableClockStopMode) refers to stm32l0xx_hal_uart_ex.o(i.__set_PRIMASK) for __set_PRIMASK
    stm32l0xx_hal_uart_ex.o(i.HAL_UARTEx_EnableStopMode) refers to stm32l0xx_hal_uart_ex.o(i.__get_PRIMASK) for __get_PRIMASK
    stm32l0xx_hal_uart_ex.o(i.HAL_UARTEx_EnableStopMode) refers to stm32l0xx_hal_uart_ex.o(i.__set_PRIMASK) for __set_PRIMASK
    stm32l0xx_hal_uart_ex.o(i.HAL_UARTEx_ReceiveToIdle) refers to stm32l0xx_hal.o(i.HAL_GetTick) for HAL_GetTick
    stm32l0xx_hal_uart_ex.o(i.HAL_UARTEx_ReceiveToIdle_DMA) refers to stm32l0xx_hal_uart.o(i.UART_Start_Receive_DMA) for UART_Start_Receive_DMA
    stm32l0xx_hal_uart_ex.o(i.HAL_UARTEx_ReceiveToIdle_DMA) refers to stm32l0xx_hal_uart_ex.o(i.__get_PRIMASK) for __get_PRIMASK
    stm32l0xx_hal_uart_ex.o(i.HAL_UARTEx_ReceiveToIdle_DMA) refers to stm32l0xx_hal_uart_ex.o(i.__set_PRIMASK) for __set_PRIMASK
    stm32l0xx_hal_uart_ex.o(i.HAL_UARTEx_ReceiveToIdle_IT) refers to stm32l0xx_hal_uart.o(i.UART_Start_Receive_IT) for UART_Start_Receive_IT
    stm32l0xx_hal_uart_ex.o(i.HAL_UARTEx_ReceiveToIdle_IT) refers to stm32l0xx_hal_uart_ex.o(i.__get_PRIMASK) for __get_PRIMASK
    stm32l0xx_hal_uart_ex.o(i.HAL_UARTEx_ReceiveToIdle_IT) refers to stm32l0xx_hal_uart_ex.o(i.__set_PRIMASK) for __set_PRIMASK
    stm32l0xx_hal_uart_ex.o(i.HAL_UARTEx_StopModeWakeUpSourceConfig) refers to stm32l0xx_hal_uart_ex.o(i.UARTEx_Wakeup_AddressConfig) for UARTEx_Wakeup_AddressConfig
    stm32l0xx_hal_uart_ex.o(i.HAL_UARTEx_StopModeWakeUpSourceConfig) refers to stm32l0xx_hal.o(i.HAL_GetTick) for HAL_GetTick
    stm32l0xx_hal_uart_ex.o(i.HAL_UARTEx_StopModeWakeUpSourceConfig) refers to stm32l0xx_hal_uart.o(i.UART_WaitOnFlagUntilTimeout) for UART_WaitOnFlagUntilTimeout
    stm32l0xx_hal.o(i.HAL_DeInit) refers to stm32l0xx_hal.o(i.HAL_MspDeInit) for HAL_MspDeInit
    stm32l0xx_hal.o(i.HAL_Delay) refers to stm32l0xx_hal.o(i.HAL_GetTick) for HAL_GetTick
    stm32l0xx_hal.o(i.HAL_Delay) refers to stm32l0xx_hal.o(.data) for uwTickFreq
    stm32l0xx_hal.o(i.HAL_GetTick) refers to stm32l0xx_hal.o(.data) for uwTick
    stm32l0xx_hal.o(i.HAL_GetTickFreq) refers to stm32l0xx_hal.o(.data) for uwTickFreq
    stm32l0xx_hal.o(i.HAL_GetTickPrio) refers to stm32l0xx_hal.o(.data) for uwTickPrio
    stm32l0xx_hal.o(i.HAL_IncTick) refers to stm32l0xx_hal.o(.data) for uwTick
    stm32l0xx_hal.o(i.HAL_Init) refers to stm32l0xx_hal.o(i.HAL_InitTick) for HAL_InitTick
    stm32l0xx_hal.o(i.HAL_Init) refers to stm32l0xx_hal_msp.o(i.HAL_MspInit) for HAL_MspInit
    stm32l0xx_hal.o(i.HAL_InitTick) refers to uidiv.o(.text) for __aeabi_uidivmod
    stm32l0xx_hal.o(i.HAL_InitTick) refers to stm32l0xx_hal_cortex.o(i.HAL_SYSTICK_Config) for HAL_SYSTICK_Config
    stm32l0xx_hal.o(i.HAL_InitTick) refers to stm32l0xx_hal_cortex.o(i.HAL_NVIC_SetPriority) for HAL_NVIC_SetPriority
    stm32l0xx_hal.o(i.HAL_InitTick) refers to stm32l0xx_hal.o(.data) for uwTickFreq
    stm32l0xx_hal.o(i.HAL_InitTick) refers to system_stm32l0xx.o(.data) for SystemCoreClock
    stm32l0xx_hal.o(i.HAL_SetTickFreq) refers to stm32l0xx_hal.o(i.HAL_InitTick) for HAL_InitTick
    stm32l0xx_hal.o(i.HAL_SetTickFreq) refers to stm32l0xx_hal.o(.data) for uwTickFreq
    stm32l0xx_hal_rcc.o(i.HAL_RCC_ClockConfig) refers to stm32l0xx_hal.o(i.HAL_GetTick) for HAL_GetTick
    stm32l0xx_hal_rcc.o(i.HAL_RCC_ClockConfig) refers to stm32l0xx_hal_rcc.o(i.HAL_RCC_GetSysClockFreq) for HAL_RCC_GetSysClockFreq
    stm32l0xx_hal_rcc.o(i.HAL_RCC_ClockConfig) refers to stm32l0xx_hal.o(i.HAL_InitTick) for HAL_InitTick
    stm32l0xx_hal_rcc.o(i.HAL_RCC_ClockConfig) refers to system_stm32l0xx.o(.constdata) for AHBPrescTable
    stm32l0xx_hal_rcc.o(i.HAL_RCC_ClockConfig) refers to system_stm32l0xx.o(.data) for SystemCoreClock
    stm32l0xx_hal_rcc.o(i.HAL_RCC_ClockConfig) refers to stm32l0xx_hal.o(.data) for uwTickPrio
    stm32l0xx_hal_rcc.o(i.HAL_RCC_DeInit) refers to stm32l0xx_hal.o(i.HAL_GetTick) for HAL_GetTick
    stm32l0xx_hal_rcc.o(i.HAL_RCC_DeInit) refers to stm32l0xx_hal.o(i.HAL_InitTick) for HAL_InitTick
    stm32l0xx_hal_rcc.o(i.HAL_RCC_DeInit) refers to system_stm32l0xx.o(.data) for SystemCoreClock
    stm32l0xx_hal_rcc.o(i.HAL_RCC_DeInit) refers to stm32l0xx_hal.o(.data) for uwTickPrio
    stm32l0xx_hal_rcc.o(i.HAL_RCC_GetHCLKFreq) refers to system_stm32l0xx.o(.data) for SystemCoreClock
    stm32l0xx_hal_rcc.o(i.HAL_RCC_GetPCLK1Freq) refers to stm32l0xx_hal_rcc.o(i.HAL_RCC_GetHCLKFreq) for HAL_RCC_GetHCLKFreq
    stm32l0xx_hal_rcc.o(i.HAL_RCC_GetPCLK1Freq) refers to system_stm32l0xx.o(.constdata) for APBPrescTable
    stm32l0xx_hal_rcc.o(i.HAL_RCC_GetPCLK2Freq) refers to stm32l0xx_hal_rcc.o(i.HAL_RCC_GetHCLKFreq) for HAL_RCC_GetHCLKFreq
    stm32l0xx_hal_rcc.o(i.HAL_RCC_GetPCLK2Freq) refers to system_stm32l0xx.o(.constdata) for APBPrescTable
    stm32l0xx_hal_rcc.o(i.HAL_RCC_GetSysClockFreq) refers to uidiv.o(.text) for __aeabi_uidivmod
    stm32l0xx_hal_rcc.o(i.HAL_RCC_GetSysClockFreq) refers to system_stm32l0xx.o(.constdata) for PLLMulTable
    stm32l0xx_hal_rcc.o(i.HAL_RCC_MCOConfig) refers to memseta.o(.text) for __aeabi_memclr4
    stm32l0xx_hal_rcc.o(i.HAL_RCC_MCOConfig) refers to stm32l0xx_hal_gpio.o(i.HAL_GPIO_Init) for HAL_GPIO_Init
    stm32l0xx_hal_rcc.o(i.HAL_RCC_NMI_IRQHandler) refers to stm32l0xx_hal_rcc.o(i.HAL_RCC_CSSCallback) for HAL_RCC_CSSCallback
    stm32l0xx_hal_rcc.o(i.HAL_RCC_OscConfig) refers to stm32l0xx_hal.o(i.HAL_GetTick) for HAL_GetTick
    stm32l0xx_hal_rcc.o(i.HAL_RCC_OscConfig) refers to stm32l0xx_hal_rcc.o(i.HAL_RCC_GetSysClockFreq) for HAL_RCC_GetSysClockFreq
    stm32l0xx_hal_rcc.o(i.HAL_RCC_OscConfig) refers to stm32l0xx_hal.o(i.HAL_InitTick) for HAL_InitTick
    stm32l0xx_hal_rcc.o(i.HAL_RCC_OscConfig) refers to system_stm32l0xx.o(.constdata) for AHBPrescTable
    stm32l0xx_hal_rcc.o(i.HAL_RCC_OscConfig) refers to system_stm32l0xx.o(.data) for SystemCoreClock
    stm32l0xx_hal_rcc.o(i.HAL_RCC_OscConfig) refers to stm32l0xx_hal.o(.data) for uwTickPrio
    stm32l0xx_hal_rcc_ex.o(i.HAL_RCCEx_CRSWaitSynchronization) refers to stm32l0xx_hal.o(i.HAL_GetTick) for HAL_GetTick
    stm32l0xx_hal_rcc_ex.o(i.HAL_RCCEx_CRS_IRQHandler) refers to stm32l0xx_hal_rcc_ex.o(i.HAL_RCCEx_CRS_SyncOkCallback) for HAL_RCCEx_CRS_SyncOkCallback
    stm32l0xx_hal_rcc_ex.o(i.HAL_RCCEx_CRS_IRQHandler) refers to stm32l0xx_hal_rcc_ex.o(i.HAL_RCCEx_CRS_SyncWarnCallback) for HAL_RCCEx_CRS_SyncWarnCallback
    stm32l0xx_hal_rcc_ex.o(i.HAL_RCCEx_CRS_IRQHandler) refers to stm32l0xx_hal_rcc_ex.o(i.HAL_RCCEx_CRS_ExpectedSyncCallback) for HAL_RCCEx_CRS_ExpectedSyncCallback
    stm32l0xx_hal_rcc_ex.o(i.HAL_RCCEx_CRS_IRQHandler) refers to stm32l0xx_hal_rcc_ex.o(i.HAL_RCCEx_CRS_ErrorCallback) for HAL_RCCEx_CRS_ErrorCallback
    stm32l0xx_hal_rcc_ex.o(i.HAL_RCCEx_GetPeriphCLKFreq) refers to uidiv.o(.text) for __aeabi_uidivmod
    stm32l0xx_hal_rcc_ex.o(i.HAL_RCCEx_GetPeriphCLKFreq) refers to stm32l0xx_hal_rcc.o(i.HAL_RCC_GetPCLK2Freq) for HAL_RCC_GetPCLK2Freq
    stm32l0xx_hal_rcc_ex.o(i.HAL_RCCEx_GetPeriphCLKFreq) refers to stm32l0xx_hal_rcc.o(i.HAL_RCC_GetSysClockFreq) for HAL_RCC_GetSysClockFreq
    stm32l0xx_hal_rcc_ex.o(i.HAL_RCCEx_GetPeriphCLKFreq) refers to stm32l0xx_hal_rcc.o(i.HAL_RCC_GetPCLK1Freq) for HAL_RCC_GetPCLK1Freq
    stm32l0xx_hal_rcc_ex.o(i.HAL_RCCEx_GetPeriphCLKFreq) refers to system_stm32l0xx.o(.constdata) for PLLMulTable
    stm32l0xx_hal_rcc_ex.o(i.HAL_RCCEx_LSECSS_IRQHandler) refers to stm32l0xx_hal_rcc_ex.o(i.HAL_RCCEx_LSECSS_Callback) for HAL_RCCEx_LSECSS_Callback
    stm32l0xx_hal_rcc_ex.o(i.HAL_RCCEx_PeriphCLKConfig) refers to stm32l0xx_hal.o(i.HAL_GetTick) for HAL_GetTick
    stm32l0xx_hal_flash_ramfunc.o(i.FLASHRAM_SetErrorCode) refers to stm32l0xx_hal_flash.o(.bss) for pFlash
    stm32l0xx_hal_flash_ramfunc.o(i.FLASHRAM_WaitForLastOperation) refers to stm32l0xx_hal_flash_ramfunc.o(i.FLASHRAM_SetErrorCode) for FLASHRAM_SetErrorCode
    stm32l0xx_hal_flash_ramfunc.o(i.HAL_FLASHEx_GetError) refers to stm32l0xx_hal_flash.o(.bss) for pFlash
    stm32l0xx_hal_flash_ramfunc.o(i.HAL_FLASHEx_HalfPageProgram) refers to stm32l0xx_hal_flash_ramfunc.o(i.FLASHRAM_WaitForLastOperation) for FLASHRAM_WaitForLastOperation
    stm32l0xx_hal_flash.o(i.FLASH_SetErrorCode) refers to stm32l0xx_hal_flash.o(.bss) for pFlash
    stm32l0xx_hal_flash.o(i.FLASH_WaitForLastOperation) refers to stm32l0xx_hal.o(i.HAL_GetTick) for HAL_GetTick
    stm32l0xx_hal_flash.o(i.FLASH_WaitForLastOperation) refers to stm32l0xx_hal_flash.o(i.FLASH_SetErrorCode) for FLASH_SetErrorCode
    stm32l0xx_hal_flash.o(i.HAL_FLASH_GetError) refers to stm32l0xx_hal_flash.o(.bss) for pFlash
    stm32l0xx_hal_flash.o(i.HAL_FLASH_IRQHandler) refers to stm32l0xx_hal_flash.o(i.FLASH_SetErrorCode) for FLASH_SetErrorCode
    stm32l0xx_hal_flash.o(i.HAL_FLASH_IRQHandler) refers to stm32l0xx_hal_flash.o(i.HAL_FLASH_OperationErrorCallback) for HAL_FLASH_OperationErrorCallback
    stm32l0xx_hal_flash.o(i.HAL_FLASH_IRQHandler) refers to stm32l0xx_hal_flash.o(i.HAL_FLASH_EndOfOperationCallback) for HAL_FLASH_EndOfOperationCallback
    stm32l0xx_hal_flash.o(i.HAL_FLASH_IRQHandler) refers to stm32l0xx_hal_flash_ex.o(i.FLASH_PageErase) for FLASH_PageErase
    stm32l0xx_hal_flash.o(i.HAL_FLASH_IRQHandler) refers to stm32l0xx_hal_flash.o(.bss) for pFlash
    stm32l0xx_hal_flash.o(i.HAL_FLASH_OB_Launch) refers to stm32l0xx_hal_flash.o(i.FLASH_WaitForLastOperation) for FLASH_WaitForLastOperation
    stm32l0xx_hal_flash.o(i.HAL_FLASH_Program) refers to stm32l0xx_hal_flash.o(i.FLASH_WaitForLastOperation) for FLASH_WaitForLastOperation
    stm32l0xx_hal_flash.o(i.HAL_FLASH_Program) refers to stm32l0xx_hal_flash.o(.bss) for pFlash
    stm32l0xx_hal_flash.o(i.HAL_FLASH_Program_IT) refers to stm32l0xx_hal_flash.o(.bss) for pFlash
    stm32l0xx_hal_flash_ex.o(i.FLASH_OB_BOOTBit1Config) refers to stm32l0xx_hal_flash.o(i.FLASH_WaitForLastOperation) for FLASH_WaitForLastOperation
    stm32l0xx_hal_flash_ex.o(i.FLASH_OB_BOOTBit1Config) refers to stm32l0xx_hal_flash.o(.bss) for pFlash
    stm32l0xx_hal_flash_ex.o(i.FLASH_OB_BORConfig) refers to stm32l0xx_hal_flash.o(i.FLASH_WaitForLastOperation) for FLASH_WaitForLastOperation
    stm32l0xx_hal_flash_ex.o(i.FLASH_OB_BORConfig) refers to stm32l0xx_hal_flash.o(.bss) for pFlash
    stm32l0xx_hal_flash_ex.o(i.FLASH_OB_ProtectedSectorsConfig) refers to stm32l0xx_hal_flash.o(i.FLASH_WaitForLastOperation) for FLASH_WaitForLastOperation
    stm32l0xx_hal_flash_ex.o(i.FLASH_OB_ProtectedSectorsConfig) refers to stm32l0xx_hal_flash.o(.bss) for pFlash
    stm32l0xx_hal_flash_ex.o(i.FLASH_OB_RDPConfig) refers to stm32l0xx_hal_flash.o(i.FLASH_WaitForLastOperation) for FLASH_WaitForLastOperation
    stm32l0xx_hal_flash_ex.o(i.FLASH_OB_RDPConfig) refers to stm32l0xx_hal_flash.o(.bss) for pFlash
    stm32l0xx_hal_flash_ex.o(i.FLASH_OB_UserConfig) refers to stm32l0xx_hal_flash.o(i.FLASH_WaitForLastOperation) for FLASH_WaitForLastOperation
    stm32l0xx_hal_flash_ex.o(i.FLASH_OB_UserConfig) refers to stm32l0xx_hal_flash.o(.bss) for pFlash
    stm32l0xx_hal_flash_ex.o(i.FLASH_PageErase) refers to stm32l0xx_hal_flash.o(.bss) for pFlash
    stm32l0xx_hal_flash_ex.o(i.HAL_FLASHEx_AdvOBProgram) refers to stm32l0xx_hal_flash_ex.o(i.FLASH_OB_ProtectedSectorsConfig) for FLASH_OB_ProtectedSectorsConfig
    stm32l0xx_hal_flash_ex.o(i.HAL_FLASHEx_DATAEEPROM_Erase) refers to stm32l0xx_hal_flash.o(i.FLASH_WaitForLastOperation) for FLASH_WaitForLastOperation
    stm32l0xx_hal_flash_ex.o(i.HAL_FLASHEx_DATAEEPROM_Erase) refers to stm32l0xx_hal_flash.o(.bss) for pFlash
    stm32l0xx_hal_flash_ex.o(i.HAL_FLASHEx_DATAEEPROM_Program) refers to stm32l0xx_hal_flash.o(i.FLASH_WaitForLastOperation) for FLASH_WaitForLastOperation
    stm32l0xx_hal_flash_ex.o(i.HAL_FLASHEx_DATAEEPROM_Program) refers to stm32l0xx_hal_flash.o(.bss) for pFlash
    stm32l0xx_hal_flash_ex.o(i.HAL_FLASHEx_Erase) refers to stm32l0xx_hal_flash.o(i.FLASH_WaitForLastOperation) for FLASH_WaitForLastOperation
    stm32l0xx_hal_flash_ex.o(i.HAL_FLASHEx_Erase) refers to stm32l0xx_hal_flash_ex.o(i.FLASH_PageErase) for FLASH_PageErase
    stm32l0xx_hal_flash_ex.o(i.HAL_FLASHEx_Erase) refers to stm32l0xx_hal_flash.o(.bss) for pFlash
    stm32l0xx_hal_flash_ex.o(i.HAL_FLASHEx_Erase_IT) refers to stm32l0xx_hal_flash.o(i.FLASH_WaitForLastOperation) for FLASH_WaitForLastOperation
    stm32l0xx_hal_flash_ex.o(i.HAL_FLASHEx_Erase_IT) refers to stm32l0xx_hal_flash_ex.o(i.FLASH_PageErase) for FLASH_PageErase
    stm32l0xx_hal_flash_ex.o(i.HAL_FLASHEx_Erase_IT) refers to stm32l0xx_hal_flash.o(.bss) for pFlash
    stm32l0xx_hal_flash_ex.o(i.HAL_FLASHEx_OBGetConfig) refers to stm32l0xx_hal_flash_ex.o(i.FLASH_OB_GetWRP) for FLASH_OB_GetWRP
    stm32l0xx_hal_flash_ex.o(i.HAL_FLASHEx_OBGetConfig) refers to stm32l0xx_hal_flash_ex.o(i.FLASH_OB_GetRDP) for FLASH_OB_GetRDP
    stm32l0xx_hal_flash_ex.o(i.HAL_FLASHEx_OBGetConfig) refers to stm32l0xx_hal_flash_ex.o(i.FLASH_OB_GetUser) for FLASH_OB_GetUser
    stm32l0xx_hal_flash_ex.o(i.HAL_FLASHEx_OBGetConfig) refers to stm32l0xx_hal_flash_ex.o(i.FLASH_OB_GetBOR) for FLASH_OB_GetBOR
    stm32l0xx_hal_flash_ex.o(i.HAL_FLASHEx_OBGetConfig) refers to stm32l0xx_hal_flash_ex.o(i.FLASH_OB_GetBOOTBit1) for FLASH_OB_GetBOOTBit1
    stm32l0xx_hal_flash_ex.o(i.HAL_FLASHEx_OBProgram) refers to stm32l0xx_hal_flash_ex.o(i.FLASH_OB_ProtectedSectorsConfig) for FLASH_OB_ProtectedSectorsConfig
    stm32l0xx_hal_flash_ex.o(i.HAL_FLASHEx_OBProgram) refers to stm32l0xx_hal_flash_ex.o(i.FLASH_OB_RDPConfig) for FLASH_OB_RDPConfig
    stm32l0xx_hal_flash_ex.o(i.HAL_FLASHEx_OBProgram) refers to stm32l0xx_hal_flash_ex.o(i.FLASH_OB_UserConfig) for FLASH_OB_UserConfig
    stm32l0xx_hal_flash_ex.o(i.HAL_FLASHEx_OBProgram) refers to stm32l0xx_hal_flash_ex.o(i.FLASH_OB_BORConfig) for FLASH_OB_BORConfig
    stm32l0xx_hal_flash_ex.o(i.HAL_FLASHEx_OBProgram) refers to stm32l0xx_hal_flash_ex.o(i.FLASH_OB_BOOTBit1Config) for FLASH_OB_BOOTBit1Config
    stm32l0xx_hal_flash_ex.o(i.HAL_FLASHEx_OBProgram) refers to stm32l0xx_hal_flash.o(.bss) for pFlash
    stm32l0xx_hal_flash_ex.o(i.HAL_FLASHEx_OB_DeSelectPCROP) refers to stm32l0xx_hal_flash.o(i.FLASH_WaitForLastOperation) for FLASH_WaitForLastOperation
    stm32l0xx_hal_flash_ex.o(i.HAL_FLASHEx_OB_DeSelectPCROP) refers to stm32l0xx_hal_flash.o(.bss) for pFlash
    stm32l0xx_hal_flash_ex.o(i.HAL_FLASHEx_OB_SelectPCROP) refers to stm32l0xx_hal_flash.o(i.FLASH_WaitForLastOperation) for FLASH_WaitForLastOperation
    stm32l0xx_hal_flash_ex.o(i.HAL_FLASHEx_OB_SelectPCROP) refers to stm32l0xx_hal_flash.o(.bss) for pFlash
    stm32l0xx_hal_gpio.o(i.HAL_GPIO_EXTI_IRQHandler) refers to stm32l0xx_hal_gpio.o(i.HAL_GPIO_EXTI_Callback) for HAL_GPIO_EXTI_Callback
    stm32l0xx_hal_dma.o(i.HAL_DMA_DeInit) refers to uidiv.o(.text) for __aeabi_uidivmod
    stm32l0xx_hal_dma.o(i.HAL_DMA_Init) refers to uidiv.o(.text) for __aeabi_uidivmod
    stm32l0xx_hal_dma.o(i.HAL_DMA_PollForTransfer) refers to stm32l0xx_hal.o(i.HAL_GetTick) for HAL_GetTick
    stm32l0xx_hal_dma.o(i.HAL_DMA_Start) refers to stm32l0xx_hal_dma.o(i.DMA_SetConfig) for DMA_SetConfig
    stm32l0xx_hal_dma.o(i.HAL_DMA_Start_IT) refers to stm32l0xx_hal_dma.o(i.DMA_SetConfig) for DMA_SetConfig
    stm32l0xx_hal_dma.o(i.HAL_DMA_UnRegisterCallback) refers to cr95hf.o(i.__ARM_common_switch8) for __ARM_common_switch8
    stm32l0xx_hal_pwr.o(i.HAL_PWR_PVD_IRQHandler) refers to stm32l0xx_hal_pwr.o(i.HAL_PWR_PVDCallback) for HAL_PWR_PVDCallback
    stm32l0xx_hal_pwr_ex.o(i.HAL_PWREx_DisableLowPowerRunMode) refers to uidiv.o(.text) for __aeabi_uidivmod
    stm32l0xx_hal_pwr_ex.o(i.HAL_PWREx_DisableLowPowerRunMode) refers to system_stm32l0xx.o(.data) for SystemCoreClock
    stm32l0xx_hal_cortex.o(i.HAL_NVIC_SetPriority) refers to stm32l0xx_hal_cortex.o(i.__NVIC_SetPriority) for __NVIC_SetPriority
    stm32l0xx_hal_cortex.o(i.HAL_SYSTICK_Config) refers to stm32l0xx_hal_cortex.o(i.__NVIC_SetPriority) for __NVIC_SetPriority
    stm32l0xx_hal_cortex.o(i.HAL_SYSTICK_IRQHandler) refers to stm32l0xx_hal_cortex.o(i.HAL_SYSTICK_Callback) for HAL_SYSTICK_Callback
    system_stm32l0xx.o(i.SystemCoreClockUpdate) refers to uidiv.o(.text) for __aeabi_uidivmod
    system_stm32l0xx.o(i.SystemCoreClockUpdate) refers to system_stm32l0xx.o(.data) for SystemCoreClock
    system_stm32l0xx.o(i.SystemCoreClockUpdate) refers to system_stm32l0xx.o(.constdata) for PLLMulTable
    entry.o(.ARM.Collect$$$$00000000) refers (Special) to entry10a.o(.ARM.Collect$$$$0000000D) for __rt_final_cpp
    entry.o(.ARM.Collect$$$$00000000) refers (Special) to entry11a.o(.ARM.Collect$$$$0000000F) for __rt_final_exit
    entry.o(.ARM.Collect$$$$00000000) refers (Special) to entry7b.o(.ARM.Collect$$$$00000008) for _main_clock
    entry.o(.ARM.Collect$$$$00000000) refers (Special) to entry8b.o(.ARM.Collect$$$$0000000A) for _main_cpp_init
    entry.o(.ARM.Collect$$$$00000000) refers (Special) to entry9a.o(.ARM.Collect$$$$0000000B) for _main_init
    entry.o(.ARM.Collect$$$$00000000) refers (Special) to entry5.o(.ARM.Collect$$$$00000004) for _main_scatterload
    entry.o(.ARM.Collect$$$$00000000) refers (Special) to entry2.o(.ARM.Collect$$$$00000001) for _main_stk
    uldiv.o(.text) refers to llushr.o(.text) for __aeabi_llsr
    uldiv.o(.text) refers to llshl.o(.text) for __aeabi_llsl
    entry2.o(.ARM.Collect$$$$00000001) refers to entry2.o(.ARM.Collect$$$$00002712) for __lit__00000000
    entry2.o(.ARM.Collect$$$$00002712) refers to startup_stm32l062xx.o(STACK) for __initial_sp
    entry2.o(__vectab_stack_and_reset_area) refers to startup_stm32l062xx.o(STACK) for __initial_sp
    entry2.o(__vectab_stack_and_reset_area) refers to entry.o(.ARM.Collect$$$$00000000) for __main
    entry5.o(.ARM.Collect$$$$00000004) refers to init.o(.text) for __scatterload
    entry9a.o(.ARM.Collect$$$$0000000B) refers to main.o(i.main) for main
    entry9b.o(.ARM.Collect$$$$0000000C) refers to main.o(i.main) for main
    init.o(.text) refers to entry5.o(.ARM.Collect$$$$00000004) for __main_after_scatterload


==============================================================================

Removing Unused input sections from the image.

    Removing startup_stm32l062xx.o(HEAP), (512 bytes).
    Removing main.o(.rev16_text), (4 bytes).
    Removing main.o(.revsh_text), (4 bytes).
    Removing main.o(i.MX_GPIO_Init), (140 bytes).
    Removing stm32l0xx_it.o(.rev16_text), (4 bytes).
    Removing stm32l0xx_it.o(.revsh_text), (4 bytes).
    Removing stm32l0xx_hal_msp.o(.rev16_text), (4 bytes).
    Removing stm32l0xx_hal_msp.o(.revsh_text), (4 bytes).
    Removing stm32l0xx_hal_msp.o(i.HAL_UART_MspDeInit), (100 bytes).
    Removing modbus.o(i.Modbus_CRC16), (64 bytes).
    Removing uart.o(.rev16_text), (4 bytes).
    Removing uart.o(.revsh_text), (4 bytes).
    Removing uart.o(i.CR95HF_Anticollision), (4 bytes).
    Removing uart.o(i.CR95HF_GetUID), (152 bytes).
    Removing uart.o(i.CR95HF_IsTransactionDone), (44 bytes).
    Removing uart.o(i.CR95HF_REQA), (24 bytes).
    Removing uart.o(i.CR95HF_Select), (4 bytes).
    Removing uart.o(i.CR95HF_SelectProtocol_ISO14443A), (28 bytes).
    Removing uart.o(i.CR95HF_Send), (4 bytes).
    Removing uart.o(i.MX_USART1_UART_Init), (72 bytes).
    Removing uart.o(i.UART1_GetLength), (2 bytes).
    Removing uart.o(i.UART1_Send), (2 bytes).
    Removing uart.o(i.UART2_GetBuffer), (20 bytes).
    Removing uart.o(i.UART2_GetLength), (24 bytes).
    Removing uart.o(i.UART2_IsFrameReceived), (12 bytes).
    Removing uart.o(i.UART_StartReception), (108 bytes).
    Removing uart.o(.data), (22 bytes).
    Removing cr95hf.o(.rev16_text), (4 bytes).
    Removing cr95hf.o(.revsh_text), (4 bytes).
    Removing cr95hf.o(i.CR95HF_Process1), (1324 bytes).
    Removing stm32l0xx_hal_uart.o(.rev16_text), (4 bytes).
    Removing stm32l0xx_hal_uart.o(.revsh_text), (4 bytes).
    Removing stm32l0xx_hal_uart.o(i.HAL_HalfDuplex_EnableReceiver), (116 bytes).
    Removing stm32l0xx_hal_uart.o(i.HAL_HalfDuplex_EnableTransmitter), (116 bytes).
    Removing stm32l0xx_hal_uart.o(i.HAL_HalfDuplex_Init), (128 bytes).
    Removing stm32l0xx_hal_uart.o(i.HAL_LIN_Init), (170 bytes).
    Removing stm32l0xx_hal_uart.o(i.HAL_LIN_SendBreak), (58 bytes).
    Removing stm32l0xx_hal_uart.o(i.HAL_MultiProcessor_DisableMuteMode), (78 bytes).
    Removing stm32l0xx_hal_uart.o(i.HAL_MultiProcessor_EnableMuteMode), (78 bytes).
    Removing stm32l0xx_hal_uart.o(i.HAL_MultiProcessor_EnterMuteMode), (14 bytes).
    Removing stm32l0xx_hal_uart.o(i.HAL_MultiProcessor_Init), (160 bytes).
    Removing stm32l0xx_hal_uart.o(i.HAL_UART_Abort), (342 bytes).
    Removing stm32l0xx_hal_uart.o(i.HAL_UART_AbortCpltCallback), (2 bytes).
    Removing stm32l0xx_hal_uart.o(i.HAL_UART_AbortReceive), (240 bytes).
    Removing stm32l0xx_hal_uart.o(i.HAL_UART_AbortReceiveCpltCallback), (2 bytes).
    Removing stm32l0xx_hal_uart.o(i.HAL_UART_AbortReceive_IT), (276 bytes).
    Removing stm32l0xx_hal_uart.o(i.HAL_UART_AbortTransmit), (140 bytes).
    Removing stm32l0xx_hal_uart.o(i.HAL_UART_AbortTransmitCpltCallback), (2 bytes).
    Removing stm32l0xx_hal_uart.o(i.HAL_UART_AbortTransmit_IT), (164 bytes).
    Removing stm32l0xx_hal_uart.o(i.HAL_UART_Abort_IT), (400 bytes).
    Removing stm32l0xx_hal_uart.o(i.HAL_UART_DMAPause), (184 bytes).
    Removing stm32l0xx_hal_uart.o(i.HAL_UART_DMAResume), (172 bytes).
    Removing stm32l0xx_hal_uart.o(i.HAL_UART_DMAStop), (198 bytes).
    Removing stm32l0xx_hal_uart.o(i.HAL_UART_DeInit), (80 bytes).
    Removing stm32l0xx_hal_uart.o(i.HAL_UART_DisableReceiverTimeout), (84 bytes).
    Removing stm32l0xx_hal_uart.o(i.HAL_UART_EnableReceiverTimeout), (84 bytes).
    Removing stm32l0xx_hal_uart.o(i.HAL_UART_GetError), (8 bytes).
    Removing stm32l0xx_hal_uart.o(i.HAL_UART_GetState), (14 bytes).
    Removing stm32l0xx_hal_uart.o(i.HAL_UART_MspDeInit), (2 bytes).
    Removing stm32l0xx_hal_uart.o(i.HAL_UART_MspInit), (2 bytes).
    Removing stm32l0xx_hal_uart.o(i.HAL_UART_Receive), (336 bytes).
    Removing stm32l0xx_hal_uart.o(i.HAL_UART_Receive_DMA), (140 bytes).
    Removing stm32l0xx_hal_uart.o(i.HAL_UART_ReceiverTimeout_Config), (28 bytes).
    Removing stm32l0xx_hal_uart.o(i.HAL_UART_RxCpltCallback), (2 bytes).
    Removing stm32l0xx_hal_uart.o(i.HAL_UART_RxHalfCpltCallback), (2 bytes).
    Removing stm32l0xx_hal_uart.o(i.HAL_UART_Transmit_DMA), (200 bytes).
    Removing stm32l0xx_hal_uart.o(i.HAL_UART_Transmit_IT), (156 bytes).
    Removing stm32l0xx_hal_uart.o(i.HAL_UART_TxHalfCpltCallback), (2 bytes).
    Removing stm32l0xx_hal_uart.o(i.UART_DMAError), (88 bytes).
    Removing stm32l0xx_hal_uart.o(i.UART_DMAReceiveCplt), (236 bytes).
    Removing stm32l0xx_hal_uart.o(i.UART_DMARxAbortCallback), (84 bytes).
    Removing stm32l0xx_hal_uart.o(i.UART_DMARxHalfCplt), (72 bytes).
    Removing stm32l0xx_hal_uart.o(i.UART_DMARxOnlyAbortCallback), (48 bytes).
    Removing stm32l0xx_hal_uart.o(i.UART_DMATransmitCplt), (100 bytes).
    Removing stm32l0xx_hal_uart.o(i.UART_DMATxAbortCallback), (72 bytes).
    Removing stm32l0xx_hal_uart.o(i.UART_DMATxHalfCplt), (14 bytes).
    Removing stm32l0xx_hal_uart.o(i.UART_DMATxOnlyAbortCallback), (24 bytes).
    Removing stm32l0xx_hal_uart.o(i.UART_EndTxTransfer), (44 bytes).
    Removing stm32l0xx_hal_uart.o(i.UART_Start_Receive_DMA), (220 bytes).
    Removing stm32l0xx_hal_uart.o(i.UART_TxISR_16BIT), (118 bytes).
    Removing stm32l0xx_hal_uart.o(i.UART_TxISR_8BIT), (114 bytes).
    Removing stm32l0xx_hal_uart_ex.o(.rev16_text), (4 bytes).
    Removing stm32l0xx_hal_uart_ex.o(.revsh_text), (4 bytes).
    Removing stm32l0xx_hal_uart_ex.o(i.HAL_MultiProcessorEx_AddressLength_Set), (64 bytes).
    Removing stm32l0xx_hal_uart_ex.o(i.HAL_RS485Ex_Init), (156 bytes).
    Removing stm32l0xx_hal_uart_ex.o(i.HAL_UARTEx_DisableClockStopMode), (76 bytes).
    Removing stm32l0xx_hal_uart_ex.o(i.HAL_UARTEx_DisableStopMode), (74 bytes).
    Removing stm32l0xx_hal_uart_ex.o(i.HAL_UARTEx_EnableClockStopMode), (76 bytes).
    Removing stm32l0xx_hal_uart_ex.o(i.HAL_UARTEx_EnableStopMode), (74 bytes).
    Removing stm32l0xx_hal_uart_ex.o(i.HAL_UARTEx_GetRxEventType), (6 bytes).
    Removing stm32l0xx_hal_uart_ex.o(i.HAL_UARTEx_ReceiveToIdle), (424 bytes).
    Removing stm32l0xx_hal_uart_ex.o(i.HAL_UARTEx_ReceiveToIdle_DMA), (136 bytes).
    Removing stm32l0xx_hal_uart_ex.o(i.HAL_UARTEx_ReceiveToIdle_IT), (132 bytes).
    Removing stm32l0xx_hal_uart_ex.o(i.HAL_UARTEx_StopModeWakeUpSourceConfig), (148 bytes).
    Removing stm32l0xx_hal_uart_ex.o(i.UARTEx_Wakeup_AddressConfig), (42 bytes).
    Removing stm32l0xx_hal_uart_ex.o(i.__get_PRIMASK), (6 bytes).
    Removing stm32l0xx_hal_uart_ex.o(i.__set_PRIMASK), (6 bytes).
    Removing stm32l0xx_hal.o(.rev16_text), (4 bytes).
    Removing stm32l0xx_hal.o(.revsh_text), (4 bytes).
    Removing stm32l0xx_hal.o(i.HAL_DBGMCU_DBG_DisableLowPowerConfig), (16 bytes).
    Removing stm32l0xx_hal.o(i.HAL_DBGMCU_DBG_EnableLowPowerConfig), (16 bytes).
    Removing stm32l0xx_hal.o(i.HAL_DBGMCU_DisableDBGSleepMode), (20 bytes).
    Removing stm32l0xx_hal.o(i.HAL_DBGMCU_DisableDBGStandbyMode), (20 bytes).
    Removing stm32l0xx_hal.o(i.HAL_DBGMCU_DisableDBGStopMode), (20 bytes).
    Removing stm32l0xx_hal.o(i.HAL_DBGMCU_EnableDBGSleepMode), (20 bytes).
    Removing stm32l0xx_hal.o(i.HAL_DBGMCU_EnableDBGStandbyMode), (20 bytes).
    Removing stm32l0xx_hal.o(i.HAL_DBGMCU_EnableDBGStopMode), (20 bytes).
    Removing stm32l0xx_hal.o(i.HAL_DeInit), (52 bytes).
    Removing stm32l0xx_hal.o(i.HAL_GetDEVID), (16 bytes).
    Removing stm32l0xx_hal.o(i.HAL_GetHalVersion), (8 bytes).
    Removing stm32l0xx_hal.o(i.HAL_GetREVID), (12 bytes).
    Removing stm32l0xx_hal.o(i.HAL_GetTickFreq), (12 bytes).
    Removing stm32l0xx_hal.o(i.HAL_GetTickPrio), (12 bytes).
    Removing stm32l0xx_hal.o(i.HAL_GetUIDw0), (12 bytes).
    Removing stm32l0xx_hal.o(i.HAL_GetUIDw1), (12 bytes).
    Removing stm32l0xx_hal.o(i.HAL_GetUIDw2), (12 bytes).
    Removing stm32l0xx_hal.o(i.HAL_MspDeInit), (2 bytes).
    Removing stm32l0xx_hal.o(i.HAL_MspInit), (2 bytes).
    Removing stm32l0xx_hal.o(i.HAL_ResumeTick), (20 bytes).
    Removing stm32l0xx_hal.o(i.HAL_SYSCFG_Disable_Lock_VREFINT), (20 bytes).
    Removing stm32l0xx_hal.o(i.HAL_SYSCFG_Enable_Lock_VREFINT), (20 bytes).
    Removing stm32l0xx_hal.o(i.HAL_SYSCFG_GetBootMode), (16 bytes).
    Removing stm32l0xx_hal.o(i.HAL_SYSCFG_VREFINT_OutputSelect), (28 bytes).
    Removing stm32l0xx_hal.o(i.HAL_SetTickFreq), (52 bytes).
    Removing stm32l0xx_hal.o(i.HAL_SuspendTick), (20 bytes).
    Removing stm32l0xx_hal_i2c.o(.rev16_text), (4 bytes).
    Removing stm32l0xx_hal_i2c.o(.revsh_text), (4 bytes).
    Removing stm32l0xx_hal_i2c_ex.o(.rev16_text), (4 bytes).
    Removing stm32l0xx_hal_i2c_ex.o(.revsh_text), (4 bytes).
    Removing stm32l0xx_hal_rcc.o(.rev16_text), (4 bytes).
    Removing stm32l0xx_hal_rcc.o(.revsh_text), (4 bytes).
    Removing stm32l0xx_hal_rcc.o(i.HAL_RCC_CSSCallback), (2 bytes).
    Removing stm32l0xx_hal_rcc.o(i.HAL_RCC_DeInit), (280 bytes).
    Removing stm32l0xx_hal_rcc.o(i.HAL_RCC_EnableCSS), (20 bytes).
    Removing stm32l0xx_hal_rcc.o(i.HAL_RCC_GetClockConfig), (68 bytes).
    Removing stm32l0xx_hal_rcc.o(i.HAL_RCC_GetOscConfig), (284 bytes).
    Removing stm32l0xx_hal_rcc.o(i.HAL_RCC_MCOConfig), (160 bytes).
    Removing stm32l0xx_hal_rcc.o(i.HAL_RCC_NMI_IRQHandler), (36 bytes).
    Removing stm32l0xx_hal_rcc_ex.o(.rev16_text), (4 bytes).
    Removing stm32l0xx_hal_rcc_ex.o(.revsh_text), (4 bytes).
    Removing stm32l0xx_hal_rcc_ex.o(i.HAL_RCCEx_CRSConfig), (92 bytes).
    Removing stm32l0xx_hal_rcc_ex.o(i.HAL_RCCEx_CRSGetSynchronizationInfo), (48 bytes).
    Removing stm32l0xx_hal_rcc_ex.o(i.HAL_RCCEx_CRSSoftwareSynchronizationGenerate), (20 bytes).
    Removing stm32l0xx_hal_rcc_ex.o(i.HAL_RCCEx_CRSWaitSynchronization), (204 bytes).
    Removing stm32l0xx_hal_rcc_ex.o(i.HAL_RCCEx_CRS_ErrorCallback), (2 bytes).
    Removing stm32l0xx_hal_rcc_ex.o(i.HAL_RCCEx_CRS_ExpectedSyncCallback), (2 bytes).
    Removing stm32l0xx_hal_rcc_ex.o(i.HAL_RCCEx_CRS_IRQHandler), (172 bytes).
    Removing stm32l0xx_hal_rcc_ex.o(i.HAL_RCCEx_CRS_SyncOkCallback), (2 bytes).
    Removing stm32l0xx_hal_rcc_ex.o(i.HAL_RCCEx_CRS_SyncWarnCallback), (2 bytes).
    Removing stm32l0xx_hal_rcc_ex.o(i.HAL_RCCEx_DisableHSI48_VREFINT), (20 bytes).
    Removing stm32l0xx_hal_rcc_ex.o(i.HAL_RCCEx_DisableLSECSS), (36 bytes).
    Removing stm32l0xx_hal_rcc_ex.o(i.HAL_RCCEx_EnableHSI48_VREFINT), (20 bytes).
    Removing stm32l0xx_hal_rcc_ex.o(i.HAL_RCCEx_EnableLSECSS), (20 bytes).
    Removing stm32l0xx_hal_rcc_ex.o(i.HAL_RCCEx_EnableLSECSS_IT), (68 bytes).
    Removing stm32l0xx_hal_rcc_ex.o(i.HAL_RCCEx_GetPeriphCLKConfig), (136 bytes).
    Removing stm32l0xx_hal_rcc_ex.o(i.HAL_RCCEx_GetPeriphCLKFreq), (828 bytes).
    Removing stm32l0xx_hal_rcc_ex.o(i.HAL_RCCEx_LSECSS_Callback), (2 bytes).
    Removing stm32l0xx_hal_rcc_ex.o(i.HAL_RCCEx_LSECSS_IRQHandler), (32 bytes).
    Removing stm32l0xx_hal_flash_ramfunc.o(.rev16_text), (4 bytes).
    Removing stm32l0xx_hal_flash_ramfunc.o(.revsh_text), (4 bytes).
    Removing stm32l0xx_hal_flash_ramfunc.o(i.FLASHRAM_SetErrorCode), (240 bytes).
    Removing stm32l0xx_hal_flash_ramfunc.o(i.FLASHRAM_WaitForLastOperation), (152 bytes).
    Removing stm32l0xx_hal_flash_ramfunc.o(i.HAL_FLASHEx_DisableRunPowerDown), (44 bytes).
    Removing stm32l0xx_hal_flash_ramfunc.o(i.HAL_FLASHEx_EnableRunPowerDown), (44 bytes).
    Removing stm32l0xx_hal_flash_ramfunc.o(i.HAL_FLASHEx_GetError), (16 bytes).
    Removing stm32l0xx_hal_flash_ramfunc.o(i.HAL_FLASHEx_HalfPageProgram), (112 bytes).
    Removing stm32l0xx_hal_flash.o(.rev16_text), (4 bytes).
    Removing stm32l0xx_hal_flash.o(.revsh_text), (4 bytes).
    Removing stm32l0xx_hal_flash.o(i.FLASH_SetErrorCode), (240 bytes).
    Removing stm32l0xx_hal_flash.o(i.FLASH_WaitForLastOperation), (168 bytes).
    Removing stm32l0xx_hal_flash.o(i.HAL_FLASH_EndOfOperationCallback), (2 bytes).
    Removing stm32l0xx_hal_flash.o(i.HAL_FLASH_GetError), (12 bytes).
    Removing stm32l0xx_hal_flash.o(i.HAL_FLASH_IRQHandler), (336 bytes).
    Removing stm32l0xx_hal_flash.o(i.HAL_FLASH_Lock), (32 bytes).
    Removing stm32l0xx_hal_flash.o(i.HAL_FLASH_OB_Launch), (32 bytes).
    Removing stm32l0xx_hal_flash.o(i.HAL_FLASH_OB_Lock), (20 bytes).
    Removing stm32l0xx_hal_flash.o(i.HAL_FLASH_OB_Unlock), (92 bytes).
    Removing stm32l0xx_hal_flash.o(i.HAL_FLASH_OperationErrorCallback), (2 bytes).
    Removing stm32l0xx_hal_flash.o(i.HAL_FLASH_Program), (80 bytes).
    Removing stm32l0xx_hal_flash.o(i.HAL_FLASH_Program_IT), (72 bytes).
    Removing stm32l0xx_hal_flash.o(i.HAL_FLASH_Unlock), (140 bytes).
    Removing stm32l0xx_hal_flash.o(.bss), (24 bytes).
    Removing stm32l0xx_hal_flash_ex.o(.rev16_text), (4 bytes).
    Removing stm32l0xx_hal_flash_ex.o(.revsh_text), (4 bytes).
    Removing stm32l0xx_hal_flash_ex.o(i.FLASH_OB_BOOTBit1Config), (84 bytes).
    Removing stm32l0xx_hal_flash_ex.o(i.FLASH_OB_BORConfig), (84 bytes).
    Removing stm32l0xx_hal_flash_ex.o(i.FLASH_OB_GetBOOTBit1), (12 bytes).
    Removing stm32l0xx_hal_flash_ex.o(i.FLASH_OB_GetBOR), (20 bytes).
    Removing stm32l0xx_hal_flash_ex.o(i.FLASH_OB_GetRDP), (28 bytes).
    Removing stm32l0xx_hal_flash_ex.o(i.FLASH_OB_GetUser), (20 bytes).
    Removing stm32l0xx_hal_flash_ex.o(i.FLASH_OB_GetWRP), (12 bytes).
    Removing stm32l0xx_hal_flash_ex.o(i.FLASH_OB_ProtectedSectorsConfig), (112 bytes).
    Removing stm32l0xx_hal_flash_ex.o(i.FLASH_OB_RDPConfig), (76 bytes).
    Removing stm32l0xx_hal_flash_ex.o(i.FLASH_OB_UserConfig), (104 bytes).
    Removing stm32l0xx_hal_flash_ex.o(i.FLASH_PageErase), (52 bytes).
    Removing stm32l0xx_hal_flash_ex.o(i.HAL_FLASHEx_AdvOBGetConfig), (36 bytes).
    Removing stm32l0xx_hal_flash_ex.o(i.HAL_FLASHEx_AdvOBProgram), (28 bytes).
    Removing stm32l0xx_hal_flash_ex.o(i.HAL_FLASHEx_DATAEEPROM_DisableFixedTimeProgram), (20 bytes).
    Removing stm32l0xx_hal_flash_ex.o(i.HAL_FLASHEx_DATAEEPROM_EnableFixedTimeProgram), (20 bytes).
    Removing stm32l0xx_hal_flash_ex.o(i.HAL_FLASHEx_DATAEEPROM_Erase), (44 bytes).
    Removing stm32l0xx_hal_flash_ex.o(i.HAL_FLASHEx_DATAEEPROM_Lock), (20 bytes).
    Removing stm32l0xx_hal_flash_ex.o(i.HAL_FLASHEx_DATAEEPROM_Program), (108 bytes).
    Removing stm32l0xx_hal_flash_ex.o(i.HAL_FLASHEx_DATAEEPROM_Unlock), (76 bytes).
    Removing stm32l0xx_hal_flash_ex.o(i.HAL_FLASHEx_Erase), (140 bytes).
    Removing stm32l0xx_hal_flash_ex.o(i.HAL_FLASHEx_Erase_IT), (112 bytes).
    Removing stm32l0xx_hal_flash_ex.o(i.HAL_FLASHEx_OBGetConfig), (40 bytes).
    Removing stm32l0xx_hal_flash_ex.o(i.HAL_FLASHEx_OBProgram), (232 bytes).
    Removing stm32l0xx_hal_flash_ex.o(i.HAL_FLASHEx_OB_DeSelectPCROP), (80 bytes).
    Removing stm32l0xx_hal_flash_ex.o(i.HAL_FLASHEx_OB_SelectPCROP), (88 bytes).
    Removing stm32l0xx_hal_gpio.o(.rev16_text), (4 bytes).
    Removing stm32l0xx_hal_gpio.o(.revsh_text), (4 bytes).
    Removing stm32l0xx_hal_gpio.o(i.HAL_GPIO_DeInit), (280 bytes).
    Removing stm32l0xx_hal_gpio.o(i.HAL_GPIO_EXTI_Callback), (2 bytes).
    Removing stm32l0xx_hal_gpio.o(i.HAL_GPIO_EXTI_IRQHandler), (32 bytes).
    Removing stm32l0xx_hal_gpio.o(i.HAL_GPIO_LockPin), (50 bytes).
    Removing stm32l0xx_hal_gpio.o(i.HAL_GPIO_ReadPin), (18 bytes).
    Removing stm32l0xx_hal_gpio.o(i.HAL_GPIO_TogglePin), (20 bytes).
    Removing stm32l0xx_hal_gpio.o(i.HAL_GPIO_WritePin), (12 bytes).
    Removing stm32l0xx_hal_dma.o(.rev16_text), (4 bytes).
    Removing stm32l0xx_hal_dma.o(.revsh_text), (4 bytes).
    Removing stm32l0xx_hal_dma.o(i.DMA_SetConfig), (46 bytes).
    Removing stm32l0xx_hal_dma.o(i.HAL_DMA_DeInit), (124 bytes).
    Removing stm32l0xx_hal_dma.o(i.HAL_DMA_GetError), (6 bytes).
    Removing stm32l0xx_hal_dma.o(i.HAL_DMA_GetState), (8 bytes).
    Removing stm32l0xx_hal_dma.o(i.HAL_DMA_IRQHandler), (264 bytes).
    Removing stm32l0xx_hal_dma.o(i.HAL_DMA_Init), (168 bytes).
    Removing stm32l0xx_hal_dma.o(i.HAL_DMA_PollForTransfer), (256 bytes).
    Removing stm32l0xx_hal_dma.o(i.HAL_DMA_RegisterCallback), (92 bytes).
    Removing stm32l0xx_hal_dma.o(i.HAL_DMA_Start), (110 bytes).
    Removing stm32l0xx_hal_dma.o(i.HAL_DMA_Start_IT), (154 bytes).
    Removing stm32l0xx_hal_dma.o(i.HAL_DMA_UnRegisterCallback), (108 bytes).
    Removing stm32l0xx_hal_pwr.o(.rev16_text), (4 bytes).
    Removing stm32l0xx_hal_pwr.o(.revsh_text), (4 bytes).
    Removing stm32l0xx_hal_pwr.o(i.HAL_PWR_ConfigPVD), (176 bytes).
    Removing stm32l0xx_hal_pwr.o(i.HAL_PWR_DeInit), (32 bytes).
    Removing stm32l0xx_hal_pwr.o(i.HAL_PWR_DisableBkUpAccess), (20 bytes).
    Removing stm32l0xx_hal_pwr.o(i.HAL_PWR_DisablePVD), (20 bytes).
    Removing stm32l0xx_hal_pwr.o(i.HAL_PWR_DisableSEVOnPend), (20 bytes).
    Removing stm32l0xx_hal_pwr.o(i.HAL_PWR_DisableSleepOnExit), (20 bytes).
    Removing stm32l0xx_hal_pwr.o(i.HAL_PWR_DisableWakeUpPin), (16 bytes).
    Removing stm32l0xx_hal_pwr.o(i.HAL_PWR_EnableBkUpAccess), (20 bytes).
    Removing stm32l0xx_hal_pwr.o(i.HAL_PWR_EnablePVD), (20 bytes).
    Removing stm32l0xx_hal_pwr.o(i.HAL_PWR_EnableSEVOnPend), (20 bytes).
    Removing stm32l0xx_hal_pwr.o(i.HAL_PWR_EnableSleepOnExit), (20 bytes).
    Removing stm32l0xx_hal_pwr.o(i.HAL_PWR_EnableWakeUpPin), (16 bytes).
    Removing stm32l0xx_hal_pwr.o(i.HAL_PWR_EnterSLEEPMode), (128 bytes).
    Removing stm32l0xx_hal_pwr.o(i.HAL_PWR_EnterSTANDBYMode), (40 bytes).
    Removing stm32l0xx_hal_pwr.o(i.HAL_PWR_EnterSTOPMode), (136 bytes).
    Removing stm32l0xx_hal_pwr.o(i.HAL_PWR_PVDCallback), (2 bytes).
    Removing stm32l0xx_hal_pwr.o(i.HAL_PWR_PVD_IRQHandler), (36 bytes).
    Removing stm32l0xx_hal_pwr_ex.o(.rev16_text), (4 bytes).
    Removing stm32l0xx_hal_pwr_ex.o(.revsh_text), (4 bytes).
    Removing stm32l0xx_hal_pwr_ex.o(i.HAL_PWREx_DisableFastWakeUp), (20 bytes).
    Removing stm32l0xx_hal_pwr_ex.o(i.HAL_PWREx_DisableLowPowerRunMode), (96 bytes).
    Removing stm32l0xx_hal_pwr_ex.o(i.HAL_PWREx_DisableUltraLowPower), (20 bytes).
    Removing stm32l0xx_hal_pwr_ex.o(i.HAL_PWREx_EnableFastWakeUp), (20 bytes).
    Removing stm32l0xx_hal_pwr_ex.o(i.HAL_PWREx_EnableLowPowerRunMode), (32 bytes).
    Removing stm32l0xx_hal_pwr_ex.o(i.HAL_PWREx_EnableUltraLowPower), (20 bytes).
    Removing stm32l0xx_hal_pwr_ex.o(i.HAL_PWREx_GetVoltageRange), (16 bytes).
    Removing stm32l0xx_hal_cortex.o(.rev16_text), (4 bytes).
    Removing stm32l0xx_hal_cortex.o(.revsh_text), (4 bytes).
    Removing stm32l0xx_hal_cortex.o(i.HAL_MPU_ConfigRegion), (76 bytes).
    Removing stm32l0xx_hal_cortex.o(i.HAL_MPU_Disable), (28 bytes).
    Removing stm32l0xx_hal_cortex.o(i.HAL_MPU_DisableRegion), (20 bytes).
    Removing stm32l0xx_hal_cortex.o(i.HAL_MPU_Enable), (48 bytes).
    Removing stm32l0xx_hal_cortex.o(i.HAL_MPU_EnableRegion), (20 bytes).
    Removing stm32l0xx_hal_cortex.o(i.HAL_NVIC_ClearPendingIRQ), (28 bytes).
    Removing stm32l0xx_hal_cortex.o(i.HAL_NVIC_DisableIRQ), (60 bytes).
    Removing stm32l0xx_hal_cortex.o(i.HAL_NVIC_GetPendingIRQ), (48 bytes).
    Removing stm32l0xx_hal_cortex.o(i.HAL_NVIC_GetPriority), (72 bytes).
    Removing stm32l0xx_hal_cortex.o(i.HAL_NVIC_SetPendingIRQ), (28 bytes).
    Removing stm32l0xx_hal_cortex.o(i.HAL_NVIC_SystemReset), (56 bytes).
    Removing stm32l0xx_hal_cortex.o(i.HAL_SYSTICK_CLKSourceConfig), (36 bytes).
    Removing stm32l0xx_hal_cortex.o(i.HAL_SYSTICK_Callback), (2 bytes).
    Removing stm32l0xx_hal_cortex.o(i.HAL_SYSTICK_IRQHandler), (8 bytes).
    Removing stm32l0xx_hal_exti.o(.rev16_text), (4 bytes).
    Removing stm32l0xx_hal_exti.o(.revsh_text), (4 bytes).
    Removing stm32l0xx_hal_exti.o(i.HAL_EXTI_ClearConfigLine), (124 bytes).
    Removing stm32l0xx_hal_exti.o(i.HAL_EXTI_ClearPending), (28 bytes).
    Removing stm32l0xx_hal_exti.o(i.HAL_EXTI_GenerateSWI), (24 bytes).
    Removing stm32l0xx_hal_exti.o(i.HAL_EXTI_GetConfigLine), (164 bytes).
    Removing stm32l0xx_hal_exti.o(i.HAL_EXTI_GetHandle), (16 bytes).
    Removing stm32l0xx_hal_exti.o(i.HAL_EXTI_GetPending), (36 bytes).
    Removing stm32l0xx_hal_exti.o(i.HAL_EXTI_IRQHandler), (48 bytes).
    Removing stm32l0xx_hal_exti.o(i.HAL_EXTI_RegisterCallback), (22 bytes).
    Removing stm32l0xx_hal_exti.o(i.HAL_EXTI_SetConfigLine), (236 bytes).
    Removing system_stm32l0xx.o(.rev16_text), (4 bytes).
    Removing system_stm32l0xx.o(.revsh_text), (4 bytes).
    Removing system_stm32l0xx.o(i.SystemCoreClockUpdate), (276 bytes).

289 unused section(s) (total 20436 bytes) removed from the image.

==============================================================================

Image Symbol Table

    Local Symbols

    Symbol Name                              Value     Ov Type        Size  Object(Section)

    ../Core/Src/main.c                       0x00000000   Number         0  main.o ABSOLUTE
    ../Core/Src/stm32l0xx_hal_msp.c          0x00000000   Number         0  stm32l0xx_hal_msp.o ABSOLUTE
    ../Core/Src/stm32l0xx_it.c               0x00000000   Number         0  stm32l0xx_it.o ABSOLUTE
    ../Core/Src/system_stm32l0xx.c           0x00000000   Number         0  system_stm32l0xx.o ABSOLUTE
    ../Drivers/STM32L0xx_HAL_Driver/Src/stm32l0xx_hal.c 0x00000000   Number         0  stm32l0xx_hal.o ABSOLUTE
    ../Drivers/STM32L0xx_HAL_Driver/Src/stm32l0xx_hal_cortex.c 0x00000000   Number         0  stm32l0xx_hal_cortex.o ABSOLUTE
    ../Drivers/STM32L0xx_HAL_Driver/Src/stm32l0xx_hal_dma.c 0x00000000   Number         0  stm32l0xx_hal_dma.o ABSOLUTE
    ../Drivers/STM32L0xx_HAL_Driver/Src/stm32l0xx_hal_exti.c 0x00000000   Number         0  stm32l0xx_hal_exti.o ABSOLUTE
    ../Drivers/STM32L0xx_HAL_Driver/Src/stm32l0xx_hal_flash.c 0x00000000   Number         0  stm32l0xx_hal_flash.o ABSOLUTE
    ../Drivers/STM32L0xx_HAL_Driver/Src/stm32l0xx_hal_flash_ex.c 0x00000000   Number         0  stm32l0xx_hal_flash_ex.o ABSOLUTE
    ../Drivers/STM32L0xx_HAL_Driver/Src/stm32l0xx_hal_flash_ramfunc.c 0x00000000   Number         0  stm32l0xx_hal_flash_ramfunc.o ABSOLUTE
    ../Drivers/STM32L0xx_HAL_Driver/Src/stm32l0xx_hal_gpio.c 0x00000000   Number         0  stm32l0xx_hal_gpio.o ABSOLUTE
    ../Drivers/STM32L0xx_HAL_Driver/Src/stm32l0xx_hal_i2c.c 0x00000000   Number         0  stm32l0xx_hal_i2c.o ABSOLUTE
    ../Drivers/STM32L0xx_HAL_Driver/Src/stm32l0xx_hal_i2c_ex.c 0x00000000   Number         0  stm32l0xx_hal_i2c_ex.o ABSOLUTE
    ../Drivers/STM32L0xx_HAL_Driver/Src/stm32l0xx_hal_pwr.c 0x00000000   Number         0  stm32l0xx_hal_pwr.o ABSOLUTE
    ../Drivers/STM32L0xx_HAL_Driver/Src/stm32l0xx_hal_pwr_ex.c 0x00000000   Number         0  stm32l0xx_hal_pwr_ex.o ABSOLUTE
    ../Drivers/STM32L0xx_HAL_Driver/Src/stm32l0xx_hal_rcc.c 0x00000000   Number         0  stm32l0xx_hal_rcc.o ABSOLUTE
    ../Drivers/STM32L0xx_HAL_Driver/Src/stm32l0xx_hal_rcc_ex.c 0x00000000   Number         0  stm32l0xx_hal_rcc_ex.o ABSOLUTE
    ../Drivers/STM32L0xx_HAL_Driver/Src/stm32l0xx_hal_uart.c 0x00000000   Number         0  stm32l0xx_hal_uart.o ABSOLUTE
    ../Drivers/STM32L0xx_HAL_Driver/Src/stm32l0xx_hal_uart_ex.c 0x00000000   Number         0  stm32l0xx_hal_uart_ex.o ABSOLUTE
    ../clib/microlib/division.c              0x00000000   Number         0  uidiv.o ABSOLUTE
    ../clib/microlib/division.c              0x00000000   Number         0  uldiv.o ABSOLUTE
    ../clib/microlib/init/entry.s            0x00000000   Number         0  entry10a.o ABSOLUTE
    ../clib/microlib/init/entry.s            0x00000000   Number         0  entry2.o ABSOLUTE
    ../clib/microlib/init/entry.s            0x00000000   Number         0  entry7b.o ABSOLUTE
    ../clib/microlib/init/entry.s            0x00000000   Number         0  entry9b.o ABSOLUTE
    ../clib/microlib/init/entry.s            0x00000000   Number         0  entry7a.o ABSOLUTE
    ../clib/microlib/init/entry.s            0x00000000   Number         0  entry9a.o ABSOLUTE
    ../clib/microlib/init/entry.s            0x00000000   Number         0  entry.o ABSOLUTE
    ../clib/microlib/init/entry.s            0x00000000   Number         0  entry8a.o ABSOLUTE
    ../clib/microlib/init/entry.s            0x00000000   Number         0  entry11b.o ABSOLUTE
    ../clib/microlib/init/entry.s            0x00000000   Number         0  entry5.o ABSOLUTE
    ../clib/microlib/init/entry.s            0x00000000   Number         0  entry11a.o ABSOLUTE
    ../clib/microlib/init/entry.s            0x00000000   Number         0  entry10b.o ABSOLUTE
    ../clib/microlib/init/entry.s            0x00000000   Number         0  entry8b.o ABSOLUTE
    ../clib/microlib/longlong.c              0x00000000   Number         0  llushr.o ABSOLUTE
    ../clib/microlib/longlong.c              0x00000000   Number         0  llshl.o ABSOLUTE
    ../clib/microlib/string/memcpy.c         0x00000000   Number         0  memcpyb.o ABSOLUTE
    ../clib/microlib/string/memcpy.c         0x00000000   Number         0  memcpya.o ABSOLUTE
    ../clib/microlib/string/memset.c         0x00000000   Number         0  memseta.o ABSOLUTE
    ../clib/microlib/string/strlen.c         0x00000000   Number         0  strlen.o ABSOLUTE
    ..\Core\Src\cr95hf.c                     0x00000000   Number         0  cr95hf.o ABSOLUTE
    ..\Core\Src\main.c                       0x00000000   Number         0  main.o ABSOLUTE
    ..\Core\Src\modbus.c                     0x00000000   Number         0  modbus.o ABSOLUTE
    ..\Core\Src\stm32l0xx_hal_msp.c          0x00000000   Number         0  stm32l0xx_hal_msp.o ABSOLUTE
    ..\Core\Src\stm32l0xx_it.c               0x00000000   Number         0  stm32l0xx_it.o ABSOLUTE
    ..\Core\Src\system_stm32l0xx.c           0x00000000   Number         0  system_stm32l0xx.o ABSOLUTE
    ..\Core\Src\uart.c                       0x00000000   Number         0  uart.o ABSOLUTE
    ..\Drivers\STM32L0xx_HAL_Driver\Src\stm32l0xx_hal.c 0x00000000   Number         0  stm32l0xx_hal.o ABSOLUTE
    ..\Drivers\STM32L0xx_HAL_Driver\Src\stm32l0xx_hal_cortex.c 0x00000000   Number         0  stm32l0xx_hal_cortex.o ABSOLUTE
    ..\Drivers\STM32L0xx_HAL_Driver\Src\stm32l0xx_hal_dma.c 0x00000000   Number         0  stm32l0xx_hal_dma.o ABSOLUTE
    ..\Drivers\STM32L0xx_HAL_Driver\Src\stm32l0xx_hal_exti.c 0x00000000   Number         0  stm32l0xx_hal_exti.o ABSOLUTE
    ..\Drivers\STM32L0xx_HAL_Driver\Src\stm32l0xx_hal_flash.c 0x00000000   Number         0  stm32l0xx_hal_flash.o ABSOLUTE
    ..\Drivers\STM32L0xx_HAL_Driver\Src\stm32l0xx_hal_flash_ex.c 0x00000000   Number         0  stm32l0xx_hal_flash_ex.o ABSOLUTE
    ..\Drivers\STM32L0xx_HAL_Driver\Src\stm32l0xx_hal_flash_ramfunc.c 0x00000000   Number         0  stm32l0xx_hal_flash_ramfunc.o ABSOLUTE
    ..\Drivers\STM32L0xx_HAL_Driver\Src\stm32l0xx_hal_gpio.c 0x00000000   Number         0  stm32l0xx_hal_gpio.o ABSOLUTE
    ..\Drivers\STM32L0xx_HAL_Driver\Src\stm32l0xx_hal_i2c.c 0x00000000   Number         0  stm32l0xx_hal_i2c.o ABSOLUTE
    ..\Drivers\STM32L0xx_HAL_Driver\Src\stm32l0xx_hal_i2c_ex.c 0x00000000   Number         0  stm32l0xx_hal_i2c_ex.o ABSOLUTE
    ..\Drivers\STM32L0xx_HAL_Driver\Src\stm32l0xx_hal_pwr.c 0x00000000   Number         0  stm32l0xx_hal_pwr.o ABSOLUTE
    ..\Drivers\STM32L0xx_HAL_Driver\Src\stm32l0xx_hal_pwr_ex.c 0x00000000   Number         0  stm32l0xx_hal_pwr_ex.o ABSOLUTE
    ..\Drivers\STM32L0xx_HAL_Driver\Src\stm32l0xx_hal_rcc.c 0x00000000   Number         0  stm32l0xx_hal_rcc.o ABSOLUTE
    ..\Drivers\STM32L0xx_HAL_Driver\Src\stm32l0xx_hal_rcc_ex.c 0x00000000   Number         0  stm32l0xx_hal_rcc_ex.o ABSOLUTE
    ..\Drivers\STM32L0xx_HAL_Driver\Src\stm32l0xx_hal_uart.c 0x00000000   Number         0  stm32l0xx_hal_uart.o ABSOLUTE
    ..\Drivers\STM32L0xx_HAL_Driver\Src\stm32l0xx_hal_uart_ex.c 0x00000000   Number         0  stm32l0xx_hal_uart_ex.o ABSOLUTE
    ..\\Core\\Src\\cr95hf.c                  0x00000000   Number         0  cr95hf.o ABSOLUTE
    ..\\Core\\Src\\uart.c                    0x00000000   Number         0  uart.o ABSOLUTE
    dc.s                                     0x00000000   Number         0  dc.o ABSOLUTE
    handlers.s                               0x00000000   Number         0  handlers.o ABSOLUTE
    init.s                                   0x00000000   Number         0  init.o ABSOLUTE
    startup_stm32l062xx.s                    0x00000000   Number         0  startup_stm32l062xx.o ABSOLUTE
    RESET                                    0x08000000   Section      192  startup_stm32l062xx.o(RESET)
    .ARM.Collect$$$$00000000                 0x080000c0   Section        0  entry.o(.ARM.Collect$$$$00000000)
    .ARM.Collect$$$$00000001                 0x080000c0   Section        4  entry2.o(.ARM.Collect$$$$00000001)
    .ARM.Collect$$$$00000004                 0x080000c4   Section        4  entry5.o(.ARM.Collect$$$$00000004)
    .ARM.Collect$$$$00000008                 0x080000c8   Section        0  entry7b.o(.ARM.Collect$$$$00000008)
    .ARM.Collect$$$$0000000A                 0x080000c8   Section        0  entry8b.o(.ARM.Collect$$$$0000000A)
    .ARM.Collect$$$$0000000B                 0x080000c8   Section        8  entry9a.o(.ARM.Collect$$$$0000000B)
    .ARM.Collect$$$$0000000D                 0x080000d0   Section        0  entry10a.o(.ARM.Collect$$$$0000000D)
    .ARM.Collect$$$$0000000F                 0x080000d0   Section        0  entry11a.o(.ARM.Collect$$$$0000000F)
    .ARM.Collect$$$$00002712                 0x080000d0   Section        4  entry2.o(.ARM.Collect$$$$00002712)
    __lit__00000000                          0x080000d0   Data           4  entry2.o(.ARM.Collect$$$$00002712)
    .text                                    0x080000d4   Section       28  startup_stm32l062xx.o(.text)
    .text                                    0x080000f0   Section        0  uidiv.o(.text)
    .text                                    0x0800011c   Section        0  uldiv.o(.text)
    .text                                    0x0800017c   Section        0  memcpya.o(.text)
    .text                                    0x080001a0   Section        0  memseta.o(.text)
    .text                                    0x080001c4   Section        0  strlen.o(.text)
    .text                                    0x080001d2   Section        0  llshl.o(.text)
    .text                                    0x080001f2   Section        0  llushr.o(.text)
    .text                                    0x08000214   Section       36  init.o(.text)
    i.CR95HF_Process                         0x08000238   Section        0  cr95hf.o(i.CR95HF_Process)
    i.CR95HF_Send1                           0x08000e3c   Section        0  cr95hf.o(i.CR95HF_Send1)
    CR95HF_Send1                             0x08000e3d   Thumb Code    64  cr95hf.o(i.CR95HF_Send1)
    i.CR95HF_UART_Init                       0x08000e98   Section        0  cr95hf.o(i.CR95HF_UART_Init)
    i.DBG_Print                              0x08000f1c   Section        0  cr95hf.o(i.DBG_Print)
    DBG_Print                                0x08000f1d   Thumb Code    26  cr95hf.o(i.DBG_Print)
    i.DBG_PrintHex                           0x08000f3c   Section        0  cr95hf.o(i.DBG_PrintHex)
    DBG_PrintHex                             0x08000f3d   Thumb Code    68  cr95hf.o(i.DBG_PrintHex)
    i.Error_Handler                          0x08000f8c   Section        0  main.o(i.Error_Handler)
    i.HAL_DMA_Abort                          0x08000f92   Section        0  stm32l0xx_hal_dma.o(i.HAL_DMA_Abort)
    i.HAL_DMA_Abort_IT                       0x08000fea   Section        0  stm32l0xx_hal_dma.o(i.HAL_DMA_Abort_IT)
    i.HAL_Delay                              0x08001048   Section        0  stm32l0xx_hal.o(i.HAL_Delay)
    i.HAL_GPIO_Init                          0x08001074   Section        0  stm32l0xx_hal_gpio.o(i.HAL_GPIO_Init)
    i.HAL_GetTick                            0x08001264   Section        0  stm32l0xx_hal.o(i.HAL_GetTick)
    i.HAL_IncTick                            0x08001270   Section        0  stm32l0xx_hal.o(i.HAL_IncTick)
    i.HAL_Init                               0x08001288   Section        0  stm32l0xx_hal.o(i.HAL_Init)
    i.HAL_InitTick                           0x080012b4   Section        0  stm32l0xx_hal.o(i.HAL_InitTick)
    i.HAL_MspInit                            0x08001308   Section        0  stm32l0xx_hal_msp.o(i.HAL_MspInit)
    i.HAL_NVIC_EnableIRQ                     0x08001328   Section        0  stm32l0xx_hal_cortex.o(i.HAL_NVIC_EnableIRQ)
    i.HAL_NVIC_SetPriority                   0x08001344   Section        0  stm32l0xx_hal_cortex.o(i.HAL_NVIC_SetPriority)
    i.HAL_RCCEx_PeriphCLKConfig              0x08001358   Section        0  stm32l0xx_hal_rcc_ex.o(i.HAL_RCCEx_PeriphCLKConfig)
    i.HAL_RCC_ClockConfig                    0x080015a8   Section        0  stm32l0xx_hal_rcc.o(i.HAL_RCC_ClockConfig)
    i.HAL_RCC_GetHCLKFreq                    0x080017dc   Section        0  stm32l0xx_hal_rcc.o(i.HAL_RCC_GetHCLKFreq)
    i.HAL_RCC_GetPCLK1Freq                   0x080017e8   Section        0  stm32l0xx_hal_rcc.o(i.HAL_RCC_GetPCLK1Freq)
    i.HAL_RCC_GetPCLK2Freq                   0x0800180c   Section        0  stm32l0xx_hal_rcc.o(i.HAL_RCC_GetPCLK2Freq)
    i.HAL_RCC_GetSysClockFreq                0x08001830   Section        0  stm32l0xx_hal_rcc.o(i.HAL_RCC_GetSysClockFreq)
    i.HAL_RCC_OscConfig                      0x08001900   Section        0  stm32l0xx_hal_rcc.o(i.HAL_RCC_OscConfig)
    i.HAL_SYSTICK_Config                     0x08001fe0   Section        0  stm32l0xx_hal_cortex.o(i.HAL_SYSTICK_Config)
    i.HAL_UARTEx_RxEventCallback             0x08002018   Section        0  stm32l0xx_hal_uart.o(i.HAL_UARTEx_RxEventCallback)
    i.HAL_UARTEx_WakeupCallback              0x0800201a   Section        0  stm32l0xx_hal_uart_ex.o(i.HAL_UARTEx_WakeupCallback)
    i.HAL_UART_ErrorCallback                 0x0800201c   Section        0  stm32l0xx_hal_uart.o(i.HAL_UART_ErrorCallback)
    i.HAL_UART_IRQHandler                    0x08002020   Section        0  stm32l0xx_hal_uart.o(i.HAL_UART_IRQHandler)
    i.HAL_UART_Init                          0x08002424   Section        0  stm32l0xx_hal_uart.o(i.HAL_UART_Init)
    i.HAL_UART_MspInit                       0x080024a4   Section        0  stm32l0xx_hal_msp.o(i.HAL_UART_MspInit)
    i.HAL_UART_Receive_IT                    0x08002588   Section        0  stm32l0xx_hal_uart.o(i.HAL_UART_Receive_IT)
    i.HAL_UART_RxCpltCallback                0x08002614   Section        0  cr95hf.o(i.HAL_UART_RxCpltCallback)
    i.HAL_UART_Transmit                      0x08002664   Section        0  stm32l0xx_hal_uart.o(i.HAL_UART_Transmit)
    i.HAL_UART_TxCpltCallback                0x0800274c   Section        0  stm32l0xx_hal_uart.o(i.HAL_UART_TxCpltCallback)
    i.HardFault_Handler                      0x0800274e   Section        0  stm32l0xx_it.o(i.HardFault_Handler)
    i.MX_USART2_UART_Init                    0x08002754   Section        0  uart.o(i.MX_USART2_UART_Init)
    i.NMI_Handler                            0x08002798   Section        0  stm32l0xx_it.o(i.NMI_Handler)
    i.PendSV_Handler                         0x0800279c   Section        0  stm32l0xx_it.o(i.PendSV_Handler)
    i.SVC_Handler                            0x0800279e   Section        0  stm32l0xx_it.o(i.SVC_Handler)
    i.SysTick_Handler                        0x080027a0   Section        0  stm32l0xx_it.o(i.SysTick_Handler)
    i.SystemClock_Config                     0x080027a8   Section        0  main.o(i.SystemClock_Config)
    i.SystemInit                             0x0800283c   Section        0  system_stm32l0xx.o(i.SystemInit)
    i.UART_AdvFeatureConfig                  0x0800283e   Section        0  stm32l0xx_hal_uart.o(i.UART_AdvFeatureConfig)
    i.UART_CheckIdleState                    0x08002930   Section        0  stm32l0xx_hal_uart.o(i.UART_CheckIdleState)
    i.UART_DMAAbortOnError                   0x08002a30   Section        0  stm32l0xx_hal_uart.o(i.UART_DMAAbortOnError)
    UART_DMAAbortOnError                     0x08002a31   Thumb Code    20  stm32l0xx_hal_uart.o(i.UART_DMAAbortOnError)
    i.UART_EndRxTransfer                     0x08002a44   Section        0  stm32l0xx_hal_uart.o(i.UART_EndRxTransfer)
    UART_EndRxTransfer                       0x08002a45   Thumb Code   128  stm32l0xx_hal_uart.o(i.UART_EndRxTransfer)
    i.UART_EndTransmit_IT                    0x08002ac4   Section        0  stm32l0xx_hal_uart.o(i.UART_EndTransmit_IT)
    UART_EndTransmit_IT                      0x08002ac5   Thumb Code    54  stm32l0xx_hal_uart.o(i.UART_EndTransmit_IT)
    i.UART_RxISR_16BIT                       0x08002afc   Section        0  stm32l0xx_hal_uart.o(i.UART_RxISR_16BIT)
    UART_RxISR_16BIT                         0x08002afd   Thumb Code   298  stm32l0xx_hal_uart.o(i.UART_RxISR_16BIT)
    i.UART_RxISR_8BIT                        0x08002c2c   Section        0  stm32l0xx_hal_uart.o(i.UART_RxISR_8BIT)
    UART_RxISR_8BIT                          0x08002c2d   Thumb Code   298  stm32l0xx_hal_uart.o(i.UART_RxISR_8BIT)
    i.UART_SetConfig                         0x08002d5c   Section        0  stm32l0xx_hal_uart.o(i.UART_SetConfig)
    i.UART_Start_Receive_IT                  0x0800306c   Section        0  stm32l0xx_hal_uart.o(i.UART_Start_Receive_IT)
    i.UART_WaitOnFlagUntilTimeout            0x0800318c   Section        0  stm32l0xx_hal_uart.o(i.UART_WaitOnFlagUntilTimeout)
    i.USART1_IRQHandler                      0x08003240   Section        0  stm32l0xx_it.o(i.USART1_IRQHandler)
    i.WaitRx                                 0x08003250   Section        0  cr95hf.o(i.WaitRx)
    WaitRx                                   0x08003251   Thumb Code    46  cr95hf.o(i.WaitRx)
    i.__ARM_common_ll_muluu                  0x0800328c   Section        0  stm32l0xx_hal_uart.o(i.__ARM_common_ll_muluu)
    i.__ARM_common_switch8                   0x080032bc   Section        0  cr95hf.o(i.__ARM_common_switch8)
    i.__NVIC_SetPriority                     0x080032d8   Section        0  stm32l0xx_hal_cortex.o(i.__NVIC_SetPriority)
    __NVIC_SetPriority                       0x080032d9   Thumb Code   110  stm32l0xx_hal_cortex.o(i.__NVIC_SetPriority)
    i.__get_PRIMASK                          0x08003350   Section        0  stm32l0xx_hal_uart.o(i.__get_PRIMASK)
    __get_PRIMASK                            0x08003351   Thumb Code     6  stm32l0xx_hal_uart.o(i.__get_PRIMASK)
    i.__scatterload_copy                     0x08003356   Section       14  handlers.o(i.__scatterload_copy)
    i.__scatterload_null                     0x08003364   Section        2  handlers.o(i.__scatterload_null)
    i.__scatterload_zeroinit                 0x08003366   Section       14  handlers.o(i.__scatterload_zeroinit)
    i.__set_PRIMASK                          0x08003374   Section        0  stm32l0xx_hal_uart.o(i.__set_PRIMASK)
    __set_PRIMASK                            0x08003375   Thumb Code     6  stm32l0xx_hal_uart.o(i.__set_PRIMASK)
    i.main                                   0x0800337a   Section        0  main.o(i.main)
    .constdata                               0x08003398   Section       17  cr95hf.o(.constdata)
    hex                                      0x08003398   Data          17  cr95hf.o(.constdata)
    .constdata                               0x080033a9   Section       33  system_stm32l0xx.o(.constdata)
    .data                                    0x20000000   Section       18  cr95hf.o(.data)
    rxDone                                   0x20000000   Data           1  cr95hf.o(.data)
    rxTick                                   0x20000004   Data           4  cr95hf.o(.data)
    rxLen                                    0x20000008   Data           1  cr95hf.o(.data)
    uidLen                                   0x20000009   Data           1  cr95hf.o(.data)
    state                                    0x2000000a   Data           1  cr95hf.o(.data)
    uart1_rx_index                           0x2000000c   Data           2  cr95hf.o(.data)
    uart1_expected_len                       0x2000000e   Data           2  cr95hf.o(.data)
    uart1_frame_ready                        0x20000010   Data           1  cr95hf.o(.data)
    rxByte                                   0x20000011   Data           1  cr95hf.o(.data)
    .data                                    0x20000014   Section        9  stm32l0xx_hal.o(.data)
    .data                                    0x20000020   Section        4  system_stm32l0xx.o(.data)
    .bss                                     0x20000024   Section      338  uart.o(.bss)
    uart2_rx_buffer                          0x200000f6   Data         128  uart.o(.bss)
    .bss                                     0x20000178   Section      274  cr95hf.o(.bss)
    uid                                      0x20000200   Data          10  cr95hf.o(.bss)
    uart1_rx_buffer                          0x2000020a   Data         128  cr95hf.o(.bss)
    STACK                                    0x20000290   Section     1024  startup_stm32l062xx.o(STACK)

    Global Symbols

    Symbol Name                              Value     Ov Type        Size  Object(Section)

    BuildAttributes$$THM_ISAv3M$S$PE$A:L22$X:L11$S22$IEEE1$IW$USESV6$~STKCKD$USESV7$~SHL$OSPACE$EBA8$MICROLIB$REQ8$PRES8$EABIv2 0x00000000   Number         0  anon$$obj.o ABSOLUTE
    __ARM_use_no_argv                        0x00000000   Number         0  main.o ABSOLUTE
    __cpp_initialize__aeabi_                  - Undefined Weak Reference
    __cxa_finalize                            - Undefined Weak Reference
    __decompress                              - Undefined Weak Reference
    _clock_init                               - Undefined Weak Reference
    _microlib_exit                            - Undefined Weak Reference
    __Vectors_Size                           0x000000c0   Number         0  startup_stm32l062xx.o ABSOLUTE
    __Vectors                                0x08000000   Data           4  startup_stm32l062xx.o(RESET)
    __Vectors_End                            0x080000c0   Data           0  startup_stm32l062xx.o(RESET)
    __main                                   0x080000c1   Thumb Code     0  entry.o(.ARM.Collect$$$$00000000)
    _main_stk                                0x080000c1   Thumb Code     0  entry2.o(.ARM.Collect$$$$00000001)
    _main_scatterload                        0x080000c5   Thumb Code     0  entry5.o(.ARM.Collect$$$$00000004)
    __main_after_scatterload                 0x080000c9   Thumb Code     0  entry5.o(.ARM.Collect$$$$00000004)
    _main_clock                              0x080000c9   Thumb Code     0  entry7b.o(.ARM.Collect$$$$00000008)
    _main_cpp_init                           0x080000c9   Thumb Code     0  entry8b.o(.ARM.Collect$$$$0000000A)
    _main_init                               0x080000c9   Thumb Code     0  entry9a.o(.ARM.Collect$$$$0000000B)
    __rt_final_cpp                           0x080000d1   Thumb Code     0  entry10a.o(.ARM.Collect$$$$0000000D)
    __rt_final_exit                          0x080000d1   Thumb Code     0  entry11a.o(.ARM.Collect$$$$0000000F)
    Reset_Handler                            0x080000d5   Thumb Code     8  startup_stm32l062xx.o(.text)
    ADC1_COMP_IRQHandler                     0x080000e7   Thumb Code     0  startup_stm32l062xx.o(.text)
    AES_RNG_LPUART1_IRQHandler               0x080000e7   Thumb Code     0  startup_stm32l062xx.o(.text)
    DMA1_Channel1_IRQHandler                 0x080000e7   Thumb Code     0  startup_stm32l062xx.o(.text)
    DMA1_Channel2_3_IRQHandler               0x080000e7   Thumb Code     0  startup_stm32l062xx.o(.text)
    DMA1_Channel4_5_6_7_IRQHandler           0x080000e7   Thumb Code     0  startup_stm32l062xx.o(.text)
    EXTI0_1_IRQHandler                       0x080000e7   Thumb Code     0  startup_stm32l062xx.o(.text)
    EXTI2_3_IRQHandler                       0x080000e7   Thumb Code     0  startup_stm32l062xx.o(.text)
    EXTI4_15_IRQHandler                      0x080000e7   Thumb Code     0  startup_stm32l062xx.o(.text)
    FLASH_IRQHandler                         0x080000e7   Thumb Code     0  startup_stm32l062xx.o(.text)
    I2C1_IRQHandler                          0x080000e7   Thumb Code     0  startup_stm32l062xx.o(.text)
    I2C2_IRQHandler                          0x080000e7   Thumb Code     0  startup_stm32l062xx.o(.text)
    LPTIM1_IRQHandler                        0x080000e7   Thumb Code     0  startup_stm32l062xx.o(.text)
    PVD_IRQHandler                           0x080000e7   Thumb Code     0  startup_stm32l062xx.o(.text)
    RCC_CRS_IRQHandler                       0x080000e7   Thumb Code     0  startup_stm32l062xx.o(.text)
    RTC_IRQHandler                           0x080000e7   Thumb Code     0  startup_stm32l062xx.o(.text)
    SPI1_IRQHandler                          0x080000e7   Thumb Code     0  startup_stm32l062xx.o(.text)
    SPI2_IRQHandler                          0x080000e7   Thumb Code     0  startup_stm32l062xx.o(.text)
    TIM21_IRQHandler                         0x080000e7   Thumb Code     0  startup_stm32l062xx.o(.text)
    TIM22_IRQHandler                         0x080000e7   Thumb Code     0  startup_stm32l062xx.o(.text)
    TIM2_IRQHandler                          0x080000e7   Thumb Code     0  startup_stm32l062xx.o(.text)
    TIM6_DAC_IRQHandler                      0x080000e7   Thumb Code     0  startup_stm32l062xx.o(.text)
    TSC_IRQHandler                           0x080000e7   Thumb Code     0  startup_stm32l062xx.o(.text)
    USART2_IRQHandler                        0x080000e7   Thumb Code     0  startup_stm32l062xx.o(.text)
    USB_IRQHandler                           0x080000e7   Thumb Code     0  startup_stm32l062xx.o(.text)
    WWDG_IRQHandler                          0x080000e7   Thumb Code     0  startup_stm32l062xx.o(.text)
    __aeabi_uidiv                            0x080000f1   Thumb Code     0  uidiv.o(.text)
    __aeabi_uidivmod                         0x080000f1   Thumb Code    44  uidiv.o(.text)
    __aeabi_uldivmod                         0x0800011d   Thumb Code    96  uldiv.o(.text)
    __aeabi_memcpy                           0x0800017d   Thumb Code    36  memcpya.o(.text)
    __aeabi_memcpy4                          0x0800017d   Thumb Code     0  memcpya.o(.text)
    __aeabi_memcpy8                          0x0800017d   Thumb Code     0  memcpya.o(.text)
    __aeabi_memset                           0x080001a1   Thumb Code    14  memseta.o(.text)
    __aeabi_memset4                          0x080001a1   Thumb Code     0  memseta.o(.text)
    __aeabi_memset8                          0x080001a1   Thumb Code     0  memseta.o(.text)
    __aeabi_memclr                           0x080001af   Thumb Code     4  memseta.o(.text)
    __aeabi_memclr4                          0x080001af   Thumb Code     0  memseta.o(.text)
    __aeabi_memclr8                          0x080001af   Thumb Code     0  memseta.o(.text)
    _memset$wrapper                          0x080001b3   Thumb Code    18  memseta.o(.text)
    strlen                                   0x080001c5   Thumb Code    14  strlen.o(.text)
    __aeabi_llsl                             0x080001d3   Thumb Code    32  llshl.o(.text)
    _ll_shift_l                              0x080001d3   Thumb Code     0  llshl.o(.text)
    __aeabi_llsr                             0x080001f3   Thumb Code    34  llushr.o(.text)
    _ll_ushift_r                             0x080001f3   Thumb Code     0  llushr.o(.text)
    __scatterload                            0x08000215   Thumb Code    28  init.o(.text)
    __scatterload_rt2                        0x08000215   Thumb Code     0  init.o(.text)
    CR95HF_Process                           0x08000239   Thumb Code  3026  cr95hf.o(i.CR95HF_Process)
    CR95HF_UART_Init                         0x08000e99   Thumb Code   116  cr95hf.o(i.CR95HF_UART_Init)
    Error_Handler                            0x08000f8d   Thumb Code     6  main.o(i.Error_Handler)
    HAL_DMA_Abort                            0x08000f93   Thumb Code    88  stm32l0xx_hal_dma.o(i.HAL_DMA_Abort)
    HAL_DMA_Abort_IT                         0x08000feb   Thumb Code    92  stm32l0xx_hal_dma.o(i.HAL_DMA_Abort_IT)
    HAL_Delay                                0x08001049   Thumb Code    38  stm32l0xx_hal.o(i.HAL_Delay)
    HAL_GPIO_Init                            0x08001075   Thumb Code   468  stm32l0xx_hal_gpio.o(i.HAL_GPIO_Init)
    HAL_GetTick                              0x08001265   Thumb Code     6  stm32l0xx_hal.o(i.HAL_GetTick)
    HAL_IncTick                              0x08001271   Thumb Code    16  stm32l0xx_hal.o(i.HAL_IncTick)
    HAL_Init                                 0x08001289   Thumb Code    38  stm32l0xx_hal.o(i.HAL_Init)
    HAL_InitTick                             0x080012b5   Thumb Code    70  stm32l0xx_hal.o(i.HAL_InitTick)
    HAL_MspInit                              0x08001309   Thumb Code    26  stm32l0xx_hal_msp.o(i.HAL_MspInit)
    HAL_NVIC_EnableIRQ                       0x08001329   Thumb Code    22  stm32l0xx_hal_cortex.o(i.HAL_NVIC_EnableIRQ)
    HAL_NVIC_SetPriority                     0x08001345   Thumb Code    18  stm32l0xx_hal_cortex.o(i.HAL_NVIC_SetPriority)
    HAL_RCCEx_PeriphCLKConfig                0x08001359   Thumb Code   580  stm32l0xx_hal_rcc_ex.o(i.HAL_RCCEx_PeriphCLKConfig)
    HAL_RCC_ClockConfig                      0x080015a9   Thumb Code   540  stm32l0xx_hal_rcc.o(i.HAL_RCC_ClockConfig)
    HAL_RCC_GetHCLKFreq                      0x080017dd   Thumb Code     6  stm32l0xx_hal_rcc.o(i.HAL_RCC_GetHCLKFreq)
    HAL_RCC_GetPCLK1Freq                     0x080017e9   Thumb Code    26  stm32l0xx_hal_rcc.o(i.HAL_RCC_GetPCLK1Freq)
    HAL_RCC_GetPCLK2Freq                     0x0800180d   Thumb Code    26  stm32l0xx_hal_rcc.o(i.HAL_RCC_GetPCLK2Freq)
    HAL_RCC_GetSysClockFreq                  0x08001831   Thumb Code   186  stm32l0xx_hal_rcc.o(i.HAL_RCC_GetSysClockFreq)
    HAL_RCC_OscConfig                        0x08001901   Thumb Code  1742  stm32l0xx_hal_rcc.o(i.HAL_RCC_OscConfig)
    HAL_SYSTICK_Config                       0x08001fe1   Thumb Code    46  stm32l0xx_hal_cortex.o(i.HAL_SYSTICK_Config)
    HAL_UARTEx_RxEventCallback               0x08002019   Thumb Code     2  stm32l0xx_hal_uart.o(i.HAL_UARTEx_RxEventCallback)
    HAL_UARTEx_WakeupCallback                0x0800201b   Thumb Code     2  stm32l0xx_hal_uart_ex.o(i.HAL_UARTEx_WakeupCallback)
    HAL_UART_ErrorCallback                   0x0800201d   Thumb Code     2  stm32l0xx_hal_uart.o(i.HAL_UART_ErrorCallback)
    HAL_UART_IRQHandler                      0x08002021   Thumb Code  1028  stm32l0xx_hal_uart.o(i.HAL_UART_IRQHandler)
    HAL_UART_Init                            0x08002425   Thumb Code   126  stm32l0xx_hal_uart.o(i.HAL_UART_Init)
    HAL_UART_MspInit                         0x080024a5   Thumb Code   210  stm32l0xx_hal_msp.o(i.HAL_UART_MspInit)
    HAL_UART_Receive_IT                      0x08002589   Thumb Code   134  stm32l0xx_hal_uart.o(i.HAL_UART_Receive_IT)
    HAL_UART_RxCpltCallback                  0x08002615   Thumb Code    60  cr95hf.o(i.HAL_UART_RxCpltCallback)
    HAL_UART_Transmit                        0x08002665   Thumb Code   232  stm32l0xx_hal_uart.o(i.HAL_UART_Transmit)
    HAL_UART_TxCpltCallback                  0x0800274d   Thumb Code     2  stm32l0xx_hal_uart.o(i.HAL_UART_TxCpltCallback)
    HardFault_Handler                        0x0800274f   Thumb Code     4  stm32l0xx_it.o(i.HardFault_Handler)
    MX_USART2_UART_Init                      0x08002755   Thumb Code    58  uart.o(i.MX_USART2_UART_Init)
    NMI_Handler                              0x08002799   Thumb Code     4  stm32l0xx_it.o(i.NMI_Handler)
    PendSV_Handler                           0x0800279d   Thumb Code     2  stm32l0xx_it.o(i.PendSV_Handler)
    SVC_Handler                              0x0800279f   Thumb Code     2  stm32l0xx_it.o(i.SVC_Handler)
    SysTick_Handler                          0x080027a1   Thumb Code     8  stm32l0xx_it.o(i.SysTick_Handler)
    SystemClock_Config                       0x080027a9   Thumb Code   142  main.o(i.SystemClock_Config)
    SystemInit                               0x0800283d   Thumb Code     2  system_stm32l0xx.o(i.SystemInit)
    UART_AdvFeatureConfig                    0x0800283f   Thumb Code   240  stm32l0xx_hal_uart.o(i.UART_AdvFeatureConfig)
    UART_CheckIdleState                      0x08002931   Thumb Code   252  stm32l0xx_hal_uart.o(i.UART_CheckIdleState)
    UART_SetConfig                           0x08002d5d   Thumb Code   748  stm32l0xx_hal_uart.o(i.UART_SetConfig)
    UART_Start_Receive_IT                    0x0800306d   Thumb Code   276  stm32l0xx_hal_uart.o(i.UART_Start_Receive_IT)
    UART_WaitOnFlagUntilTimeout              0x0800318d   Thumb Code   180  stm32l0xx_hal_uart.o(i.UART_WaitOnFlagUntilTimeout)
    USART1_IRQHandler                        0x08003241   Thumb Code    10  stm32l0xx_it.o(i.USART1_IRQHandler)
    __ARM_common_ll_muluu                    0x0800328d   Thumb Code    48  stm32l0xx_hal_uart.o(i.__ARM_common_ll_muluu)
    __ARM_common_switch8                     0x080032bd   Thumb Code    28  cr95hf.o(i.__ARM_common_switch8)
    __scatterload_copy                       0x08003357   Thumb Code    14  handlers.o(i.__scatterload_copy)
    __scatterload_null                       0x08003365   Thumb Code     2  handlers.o(i.__scatterload_null)
    __scatterload_zeroinit                   0x08003367   Thumb Code    14  handlers.o(i.__scatterload_zeroinit)
    main                                     0x0800337b   Thumb Code    30  main.o(i.main)
    AHBPrescTable                            0x080033a9   Data          16  system_stm32l0xx.o(.constdata)
    APBPrescTable                            0x080033b9   Data           8  system_stm32l0xx.o(.constdata)
    PLLMulTable                              0x080033c1   Data           9  system_stm32l0xx.o(.constdata)
    Region$$Table$$Base                      0x080033cc   Number         0  anon$$obj.o(Region$$Table)
    Region$$Table$$Limit                     0x080033ec   Number         0  anon$$obj.o(Region$$Table)
    uwTick                                   0x20000014   Data           4  stm32l0xx_hal.o(.data)
    uwTickPrio                               0x20000018   Data           4  stm32l0xx_hal.o(.data)
    uwTickFreq                               0x2000001c   Data           1  stm32l0xx_hal.o(.data)
    SystemCoreClock                          0x20000020   Data           4  system_stm32l0xx.o(.data)
    huart2                                   0x20000024   Data         136  uart.o(.bss)
    cr95hf_tx_buf                            0x200000ac   Data          32  uart.o(.bss)
    cr95hf_rx_buf                            0x200000cc   Data          32  uart.o(.bss)
    cr95hf_full_uid                          0x200000ec   Data          10  uart.o(.bss)
    huart1                                   0x20000178   Data         136  cr95hf.o(.bss)
    __initial_sp                             0x20000690   Data           0  startup_stm32l062xx.o(STACK)



==============================================================================

Memory Map of the image

  Image Entry point : 0x080000c1

  Load Region LR_IROM1 (Base: 0x08000000, Size: 0x00003410, Max: 0x00010000, ABSOLUTE)

    Execution Region ER_IROM1 (Exec base: 0x08000000, Load base: 0x08000000, Size: 0x000033ec, Max: 0x00010000, ABSOLUTE)

    Exec Addr    Load Addr    Size         Type   Attr      Idx    E Section Name        Object

    0x08000000   0x08000000   0x000000c0   Data   RO            3    RESET               startup_stm32l062xx.o
    0x080000c0   0x080000c0   0x00000000   Code   RO         2249  * .ARM.Collect$$$$00000000  mc_p.l(entry.o)
    0x080000c0   0x080000c0   0x00000004   Code   RO         2264    .ARM.Collect$$$$00000001  mc_p.l(entry2.o)
    0x080000c4   0x080000c4   0x00000004   Code   RO         2267    .ARM.Collect$$$$00000004  mc_p.l(entry5.o)
    0x080000c8   0x080000c8   0x00000000   Code   RO         2269    .ARM.Collect$$$$00000008  mc_p.l(entry7b.o)
    0x080000c8   0x080000c8   0x00000000   Code   RO         2271    .ARM.Collect$$$$0000000A  mc_p.l(entry8b.o)
    0x080000c8   0x080000c8   0x00000008   Code   RO         2272    .ARM.Collect$$$$0000000B  mc_p.l(entry9a.o)
    0x080000d0   0x080000d0   0x00000000   Code   RO         2274    .ARM.Collect$$$$0000000D  mc_p.l(entry10a.o)
    0x080000d0   0x080000d0   0x00000000   Code   RO         2276    .ARM.Collect$$$$0000000F  mc_p.l(entry11a.o)
    0x080000d0   0x080000d0   0x00000004   Code   RO         2265    .ARM.Collect$$$$00002712  mc_p.l(entry2.o)
    0x080000d4   0x080000d4   0x0000001c   Code   RO            4    .text               startup_stm32l062xx.o
    0x080000f0   0x080000f0   0x0000002c   Code   RO         2252    .text               mc_p.l(uidiv.o)
    0x0800011c   0x0800011c   0x00000060   Code   RO         2254    .text               mc_p.l(uldiv.o)
    0x0800017c   0x0800017c   0x00000024   Code   RO         2256    .text               mc_p.l(memcpya.o)
    0x080001a0   0x080001a0   0x00000024   Code   RO         2258    .text               mc_p.l(memseta.o)
    0x080001c4   0x080001c4   0x0000000e   Code   RO         2260    .text               mc_p.l(strlen.o)
    0x080001d2   0x080001d2   0x00000020   Code   RO         2278    .text               mc_p.l(llshl.o)
    0x080001f2   0x080001f2   0x00000022   Code   RO         2280    .text               mc_p.l(llushr.o)
    0x08000214   0x08000214   0x00000024   Code   RO         2282    .text               mc_p.l(init.o)
    0x08000238   0x08000238   0x00000c04   Code   RO          367    i.CR95HF_Process    cr95hf.o
    0x08000e3c   0x08000e3c   0x0000005c   Code   RO          369    i.CR95HF_Send1      cr95hf.o
    0x08000e98   0x08000e98   0x00000084   Code   RO          370    i.CR95HF_UART_Init  cr95hf.o
    0x08000f1c   0x08000f1c   0x00000020   Code   RO          371    i.DBG_Print         cr95hf.o
    0x08000f3c   0x08000f3c   0x00000050   Code   RO          372    i.DBG_PrintHex      cr95hf.o
    0x08000f8c   0x08000f8c   0x00000006   Code   RO           12    i.Error_Handler     main.o
    0x08000f92   0x08000f92   0x00000058   Code   RO         1764    i.HAL_DMA_Abort     stm32l0xx_hal_dma.o
    0x08000fea   0x08000fea   0x0000005c   Code   RO         1765    i.HAL_DMA_Abort_IT  stm32l0xx_hal_dma.o
    0x08001046   0x08001046   0x00000002   PAD
    0x08001048   0x08001048   0x0000002c   Code   RO          957    i.HAL_Delay         stm32l0xx_hal.o
    0x08001074   0x08001074   0x000001f0   Code   RO         1704    i.HAL_GPIO_Init     stm32l0xx_hal_gpio.o
    0x08001264   0x08001264   0x0000000c   Code   RO          961    i.HAL_GetTick       stm32l0xx_hal.o
    0x08001270   0x08001270   0x00000018   Code   RO          967    i.HAL_IncTick       stm32l0xx_hal.o
    0x08001288   0x08001288   0x0000002c   Code   RO          968    i.HAL_Init          stm32l0xx_hal.o
    0x080012b4   0x080012b4   0x00000054   Code   RO          969    i.HAL_InitTick      stm32l0xx_hal.o
    0x08001308   0x08001308   0x00000020   Code   RO          208    i.HAL_MspInit       stm32l0xx_hal_msp.o
    0x08001328   0x08001328   0x0000001c   Code   RO         2033    i.HAL_NVIC_EnableIRQ  stm32l0xx_hal_cortex.o
    0x08001344   0x08001344   0x00000012   Code   RO         2037    i.HAL_NVIC_SetPriority  stm32l0xx_hal_cortex.o
    0x08001356   0x08001356   0x00000002   PAD
    0x08001358   0x08001358   0x00000250   Code   RO         1292    i.HAL_RCCEx_PeriphCLKConfig  stm32l0xx_hal_rcc_ex.o
    0x080015a8   0x080015a8   0x00000234   Code   RO         1183    i.HAL_RCC_ClockConfig  stm32l0xx_hal_rcc.o
    0x080017dc   0x080017dc   0x0000000c   Code   RO         1187    i.HAL_RCC_GetHCLKFreq  stm32l0xx_hal_rcc.o
    0x080017e8   0x080017e8   0x00000024   Code   RO         1189    i.HAL_RCC_GetPCLK1Freq  stm32l0xx_hal_rcc.o
    0x0800180c   0x0800180c   0x00000024   Code   RO         1190    i.HAL_RCC_GetPCLK2Freq  stm32l0xx_hal_rcc.o
    0x08001830   0x08001830   0x000000d0   Code   RO         1191    i.HAL_RCC_GetSysClockFreq  stm32l0xx_hal_rcc.o
    0x08001900   0x08001900   0x000006e0   Code   RO         1194    i.HAL_RCC_OscConfig  stm32l0xx_hal_rcc.o
    0x08001fe0   0x08001fe0   0x00000038   Code   RO         2041    i.HAL_SYSTICK_Config  stm32l0xx_hal_cortex.o
    0x08002018   0x08002018   0x00000002   Code   RO          448    i.HAL_UARTEx_RxEventCallback  stm32l0xx_hal_uart.o
    0x0800201a   0x0800201a   0x00000002   Code   RO          858    i.HAL_UARTEx_WakeupCallback  stm32l0xx_hal_uart_ex.o
    0x0800201c   0x0800201c   0x00000002   Code   RO          464    i.HAL_UART_ErrorCallback  stm32l0xx_hal_uart.o
    0x0800201e   0x0800201e   0x00000002   PAD
    0x08002020   0x08002020   0x00000404   Code   RO          467    i.HAL_UART_IRQHandler  stm32l0xx_hal_uart.o
    0x08002424   0x08002424   0x0000007e   Code   RO          468    i.HAL_UART_Init     stm32l0xx_hal_uart.o
    0x080024a2   0x080024a2   0x00000002   PAD
    0x080024a4   0x080024a4   0x000000e4   Code   RO          210    i.HAL_UART_MspInit  stm32l0xx_hal_msp.o
    0x08002588   0x08002588   0x0000008c   Code   RO          473    i.HAL_UART_Receive_IT  stm32l0xx_hal_uart.o
    0x08002614   0x08002614   0x00000050   Code   RO          373    i.HAL_UART_RxCpltCallback  cr95hf.o
    0x08002664   0x08002664   0x000000e8   Code   RO          477    i.HAL_UART_Transmit  stm32l0xx_hal_uart.o
    0x0800274c   0x0800274c   0x00000002   Code   RO          480    i.HAL_UART_TxCpltCallback  stm32l0xx_hal_uart.o
    0x0800274e   0x0800274e   0x00000004   Code   RO          154    i.HardFault_Handler  stm32l0xx_it.o
    0x08002752   0x08002752   0x00000002   PAD
    0x08002754   0x08002754   0x00000044   Code   RO          260    i.MX_USART2_UART_Init  uart.o
    0x08002798   0x08002798   0x00000004   Code   RO          155    i.NMI_Handler       stm32l0xx_it.o
    0x0800279c   0x0800279c   0x00000002   Code   RO          156    i.PendSV_Handler    stm32l0xx_it.o
    0x0800279e   0x0800279e   0x00000002   Code   RO          157    i.SVC_Handler       stm32l0xx_it.o
    0x080027a0   0x080027a0   0x00000008   Code   RO          158    i.SysTick_Handler   stm32l0xx_it.o
    0x080027a8   0x080027a8   0x00000094   Code   RO           14    i.SystemClock_Config  main.o
    0x0800283c   0x0800283c   0x00000002   Code   RO         2219    i.SystemInit        system_stm32l0xx.o
    0x0800283e   0x0800283e   0x000000f0   Code   RO          482    i.UART_AdvFeatureConfig  stm32l0xx_hal_uart.o
    0x0800292e   0x0800292e   0x00000002   PAD
    0x08002930   0x08002930   0x00000100   Code   RO          483    i.UART_CheckIdleState  stm32l0xx_hal_uart.o
    0x08002a30   0x08002a30   0x00000014   Code   RO          484    i.UART_DMAAbortOnError  stm32l0xx_hal_uart.o
    0x08002a44   0x08002a44   0x00000080   Code   RO          494    i.UART_EndRxTransfer  stm32l0xx_hal_uart.o
    0x08002ac4   0x08002ac4   0x00000036   Code   RO          495    i.UART_EndTransmit_IT  stm32l0xx_hal_uart.o
    0x08002afa   0x08002afa   0x00000002   PAD
    0x08002afc   0x08002afc   0x00000130   Code   RO          497    i.UART_RxISR_16BIT  stm32l0xx_hal_uart.o
    0x08002c2c   0x08002c2c   0x00000130   Code   RO          498    i.UART_RxISR_8BIT   stm32l0xx_hal_uart.o
    0x08002d5c   0x08002d5c   0x00000310   Code   RO          499    i.UART_SetConfig    stm32l0xx_hal_uart.o
    0x0800306c   0x0800306c   0x00000120   Code   RO          501    i.UART_Start_Receive_IT  stm32l0xx_hal_uart.o
    0x0800318c   0x0800318c   0x000000b4   Code   RO          504    i.UART_WaitOnFlagUntilTimeout  stm32l0xx_hal_uart.o
    0x08003240   0x08003240   0x00000010   Code   RO          159    i.USART1_IRQHandler  stm32l0xx_it.o
    0x08003250   0x08003250   0x0000003c   Code   RO          374    i.WaitRx            cr95hf.o
    0x0800328c   0x0800328c   0x00000030   Code   RO          837    i.__ARM_common_ll_muluu  stm32l0xx_hal_uart.o
    0x080032bc   0x080032bc   0x0000001c   Code   RO          425    i.__ARM_common_switch8  cr95hf.o
    0x080032d8   0x080032d8   0x00000078   Code   RO         2043    i.__NVIC_SetPriority  stm32l0xx_hal_cortex.o
    0x08003350   0x08003350   0x00000006   Code   RO          505    i.__get_PRIMASK     stm32l0xx_hal_uart.o
    0x08003356   0x08003356   0x0000000e   Code   RO         2286    i.__scatterload_copy  mc_p.l(handlers.o)
    0x08003364   0x08003364   0x00000002   Code   RO         2287    i.__scatterload_null  mc_p.l(handlers.o)
    0x08003366   0x08003366   0x0000000e   Code   RO         2288    i.__scatterload_zeroinit  mc_p.l(handlers.o)
    0x08003374   0x08003374   0x00000006   Code   RO          506    i.__set_PRIMASK     stm32l0xx_hal_uart.o
    0x0800337a   0x0800337a   0x0000001e   Code   RO           15    i.main              main.o
    0x08003398   0x08003398   0x00000011   Data   RO          376    .constdata          cr95hf.o
    0x080033a9   0x080033a9   0x00000021   Data   RO         2220    .constdata          system_stm32l0xx.o
    0x080033ca   0x080033ca   0x00000002   PAD
    0x080033cc   0x080033cc   0x00000020   Data   RO         2284    Region$$Table       anon$$obj.o


    Execution Region RW_IRAM1 (Exec base: 0x20000000, Load base: 0x080033ec, Size: 0x00000690, Max: 0x00002000, ABSOLUTE)

    Exec Addr    Load Addr    Size         Type   Attr      Idx    E Section Name        Object

    0x20000000   0x080033ec   0x00000012   Data   RW          377    .data               cr95hf.o
    0x20000012   0x080033fe   0x00000002   PAD
    0x20000014   0x08003400   0x00000009   Data   RW          979    .data               stm32l0xx_hal.o
    0x2000001d   0x08003409   0x00000003   PAD
    0x20000020   0x0800340c   0x00000004   Data   RW         2221    .data               system_stm32l0xx.o
    0x20000024        -       0x00000152   Zero   RW          267    .bss                uart.o
    0x20000176   0x08003410   0x00000002   PAD
    0x20000178        -       0x00000112   Zero   RW          375    .bss                cr95hf.o
    0x2000028a   0x08003410   0x00000006   PAD
    0x20000290        -       0x00000400   Zero   RW            1    STACK               startup_stm32l062xx.o


==============================================================================

Image component sizes


      Code (inc. data)   RO Data    RW Data    ZI Data      Debug   Object Name

      3580       1094         17         18        274       6952   cr95hf.o
       184          6          0          0          0     342288   main.o
        28          8        192          0       1024        620   startup_stm32l062xx.o
       208         40          0          9          0       8533   stm32l0xx_hal.o
       222         26          0          0          0      12081   stm32l0xx_hal_cortex.o
       180          0          0          0          0       1671   stm32l0xx_hal_dma.o
       496         28          0          0          0       1336   stm32l0xx_hal_gpio.o
       260         24          0          0          0       1461   stm32l0xx_hal_msp.o
      2616        110          0          0          0       6096   stm32l0xx_hal_rcc.o
       592         12          0          0          0       1468   stm32l0xx_hal_rcc_ex.o
      4150        108          0          0          0      19109   stm32l0xx_hal_uart.o
         2          0          0          0          0        940   stm32l0xx_hal_uart_ex.o
        36          6          0          0          0       2535   stm32l0xx_it.o
         2          0         33          4          0       1139   system_stm32l0xx.o
        68         10          0          0        338       1594   uart.o

    ----------------------------------------------------------------------
     12638       1472        276         36       1644     407823   Object Totals
         0          0         32          0          0          0   (incl. Generated)
        14          0          2          5          8          0   (incl. Padding)

    ----------------------------------------------------------------------

      Code (inc. data)   RO Data    RW Data    ZI Data      Debug   Library Member Name

         0          0          0          0          0          0   entry.o
         0          0          0          0          0          0   entry10a.o
         0          0          0          0          0          0   entry11a.o
         8          4          0          0          0          0   entry2.o
         4          0          0          0          0          0   entry5.o
         0          0          0          0          0          0   entry7b.o
         0          0          0          0          0          0   entry8b.o
         8          4          0          0          0          0   entry9a.o
        30          0          0          0          0          0   handlers.o
        36          8          0          0          0         68   init.o
        32          0          0          0          0         68   llshl.o
        34          0          0          0          0         68   llushr.o
        36          0          0          0          0         60   memcpya.o
        36          0          0          0          0        100   memseta.o
        14          0          0          0          0         60   strlen.o
        44          0          0          0          0         72   uidiv.o
        96          0          0          0          0         84   uldiv.o

    ----------------------------------------------------------------------
       378         16          0          0          0        580   Library Totals
         0          0          0          0          0          0   (incl. Padding)

    ----------------------------------------------------------------------

      Code (inc. data)   RO Data    RW Data    ZI Data      Debug   Library Name

       378         16          0          0          0        580   mc_p.l

    ----------------------------------------------------------------------
       378         16          0          0          0        580   Library Totals

    ----------------------------------------------------------------------

==============================================================================


      Code (inc. data)   RO Data    RW Data    ZI Data      Debug   

     13016       1488        276         36       1644     405871   Grand Totals
     13016       1488        276         36       1644     405871   ELF Image Totals
     13016       1488        276         36          0          0   ROM Totals

==============================================================================

    Total RO  Size (Code + RO Data)                13292 (  12.98kB)
    Total RW  Size (RW Data + ZI Data)              1680 (   1.64kB)
    Total ROM Size (Code + RO Data + RW Data)      13328 (  13.02kB)

==============================================================================

