Component: ARM Compiler 5.06 update 6 (build 750) Tool: armlink [4d35ed]

==============================================================================

Section Cross References

    startup_stm32l062xx.o(STACK) refers (Special) to heapauxi.o(.text) for __use_two_region_memory
    startup_stm32l062xx.o(HEAP) refers (Special) to heapauxi.o(.text) for __use_two_region_memory
    startup_stm32l062xx.o(RESET) refers (Special) to heapauxi.o(.text) for __use_two_region_memory
    startup_stm32l062xx.o(RESET) refers to startup_stm32l062xx.o(STACK) for __initial_sp
    startup_stm32l062xx.o(RESET) refers to startup_stm32l062xx.o(.text) for Reset_Handler
    startup_stm32l062xx.o(RESET) refers to stm32l0xx_it.o(i.NMI_Handler) for NMI_Handler
    startup_stm32l062xx.o(RESET) refers to stm32l0xx_it.o(i.HardFault_Handler) for HardFault_Handler
    startup_stm32l062xx.o(RESET) refers to stm32l0xx_it.o(i.SVC_Handler) for SVC_Handler
    startup_stm32l062xx.o(RESET) refers to stm32l0xx_it.o(i.PendSV_Handler) for PendSV_Handler
    startup_stm32l062xx.o(RESET) refers to stm32l0xx_it.o(i.SysTick_Handler) for SysTick_Handler
    startup_stm32l062xx.o(RESET) refers to stm32l0xx_it.o(i.USART1_IRQHandler) for USART1_IRQHandler
    startup_stm32l062xx.o(RESET) refers to stm32l0xx_it.o(i.USART2_IRQHandler) for USART2_IRQHandler
    startup_stm32l062xx.o(.text) refers (Special) to heapauxi.o(.text) for __use_two_region_memory
    startup_stm32l062xx.o(.text) refers to system_stm32l0xx.o(i.SystemInit) for SystemInit
    startup_stm32l062xx.o(.text) refers to __main.o(!!!main) for __main
    startup_stm32l062xx.o(.text) refers to startup_stm32l062xx.o(HEAP) for Heap_Mem
    startup_stm32l062xx.o(.text) refers to startup_stm32l062xx.o(STACK) for Stack_Mem
    main.o(i.SystemClock_Config) refers to rt_memclr.o(.text) for __aeabi_memclr4
    main.o(i.SystemClock_Config) refers to stm32l0xx_hal_rcc.o(i.HAL_RCC_OscConfig) for HAL_RCC_OscConfig
    main.o(i.SystemClock_Config) refers to stm32l0xx_hal_rcc.o(i.HAL_RCC_ClockConfig) for HAL_RCC_ClockConfig
    main.o(i.SystemClock_Config) refers to stm32l0xx_hal_rcc_ex.o(i.HAL_RCCEx_PeriphCLKConfig) for HAL_RCCEx_PeriphCLKConfig
    main.o(i.fputc) refers to stm32l0xx_hal_uart.o(i.HAL_UART_Transmit) for HAL_UART_Transmit
    main.o(i.fputc) refers to uart.o(.bss) for huart2
    main.o(i.main) refers to _printf_pad.o(.text) for _printf_pre_padding
    main.o(i.main) refers to _printf_percent.o(.ARM.Collect$$_printf_percent$$00000000) for _printf_percent
    main.o(i.main) refers to _printf_x.o(.ARM.Collect$$_printf_percent$$0000000C) for _printf_x
    main.o(i.main) refers to _printf_hex_int.o(.text) for _printf_longlong_hex
    main.o(i.main) refers to stm32l0xx_hal.o(i.HAL_Init) for HAL_Init
    main.o(i.main) refers to main.o(i.SystemClock_Config) for SystemClock_Config
    main.o(i.main) refers to uart.o(i.MX_USART1_UART_Init) for MX_USART1_UART_Init
    main.o(i.main) refers to uart.o(i.MX_USART2_UART_Init) for MX_USART2_UART_Init
    main.o(i.main) refers to stm32l0xx_hal.o(i.HAL_Delay) for HAL_Delay
    main.o(i.main) refers to uart.o(i.UART_StartReception) for UART_StartReception
    main.o(i.main) refers to uart.o(i.CR95HF_Echo) for CR95HF_Echo
    main.o(i.main) refers to noretval__2printf.o(.text) for __2printf
    main.o(i.main) refers to uart.o(i.CR95HF_SelectProtocol_ISO14443A) for CR95HF_SelectProtocol_ISO14443A
    main.o(i.main) refers to uart.o(i.CR95HF_GetUID) for CR95HF_GetUID
    main.o(i.main) refers to uart.o(i.UART1_IsFrameReceived) for UART1_IsFrameReceived
    main.o(i.main) refers to uart.o(i.UART1_GetBuffer) for UART1_GetBuffer
    main.o(i.main) refers to uart.o(i.UART1_GetLength) for UART1_GetLength
    main.o(i.main) refers to uart.o(i.UART2_IsFrameReceived) for UART2_IsFrameReceived
    main.o(i.main) refers to uart.o(i.UART2_GetBuffer) for UART2_GetBuffer
    main.o(i.main) refers to uart.o(.bss) for cr95hf_full_uid
    main.o(i.main) refers to uart.o(.data) for cr95hf_uid_length
    stm32l0xx_it.o(i.SysTick_Handler) refers to stm32l0xx_hal.o(i.HAL_IncTick) for HAL_IncTick
    stm32l0xx_it.o(i.USART1_IRQHandler) refers to stm32l0xx_hal_uart.o(i.HAL_UART_IRQHandler) for HAL_UART_IRQHandler
    stm32l0xx_it.o(i.USART1_IRQHandler) refers to uart.o(.bss) for huart1
    stm32l0xx_it.o(i.USART2_IRQHandler) refers to stm32l0xx_hal_uart.o(i.HAL_UART_IRQHandler) for HAL_UART_IRQHandler
    stm32l0xx_it.o(i.USART2_IRQHandler) refers to uart.o(.bss) for huart2
    stm32l0xx_hal_msp.o(i.HAL_UART_MspDeInit) refers to stm32l0xx_hal_gpio.o(i.HAL_GPIO_DeInit) for HAL_GPIO_DeInit
    stm32l0xx_hal_msp.o(i.HAL_UART_MspDeInit) refers to stm32l0xx_hal_cortex.o(i.HAL_NVIC_DisableIRQ) for HAL_NVIC_DisableIRQ
    stm32l0xx_hal_msp.o(i.HAL_UART_MspInit) refers to rt_memclr.o(.text) for __aeabi_memclr4
    stm32l0xx_hal_msp.o(i.HAL_UART_MspInit) refers to stm32l0xx_hal_gpio.o(i.HAL_GPIO_Init) for HAL_GPIO_Init
[...]
    ../clib/heapaux.c                        0x00000000   Number         0  heapauxa.o ABSOLUTE
    ../clib/heapaux.c                        0x00000000   Number         0  heapauxi.o ABSOLUTE
    ../clib/libinit.s                        0x00000000   Number         0  libinit2.o ABSOLUTE
    ../clib/libinit.s                        0x00000000   Number         0  libinit.o ABSOLUTE
    ../clib/libinit.s                        0x00000000   Number         0  libshutdown.o ABSOLUTE
    ../clib/libinit.s                        0x00000000   Number         0  libshutdown2.o ABSOLUTE
    ../clib/memcpset.c                       0x00000000   Number         0  rt_memclr.o ABSOLUTE
    ../clib/memcpset.c                       0x00000000   Number         0  rt_memcpy.o ABSOLUTE
    ../clib/memcpset.c                       0x00000000   Number         0  rt_memcpy.o ABSOLUTE
    ../clib/misc.s                           0x00000000   Number         0  printf_stubs.o ABSOLUTE
    ../clib/printf.c                         0x00000000   Number         0  _printf_char_common.o ABSOLUTE
    ../clib/printf.c                         0x00000000   Number         0  _printf_hex_int.o ABSOLUTE
    ../clib/printf.c                         0x00000000   Number         0  _printf_hex_ll.o ABSOLUTE
    ../clib/printf.c                         0x00000000   Number         0  _printf_pad.o ABSOLUTE
    ../clib/printf.c                         0x00000000   Number         0  __printf.o ABSOLUTE
    ../clib/printf.c                         0x00000000   Number         0  __printf_flags_ss.o ABSOLUTE
    ../clib/printf.c                         0x00000000   Number         0  noretval__2printf.o ABSOLUTE
    ../clib/printf.c                         0x00000000   Number         0  _printf_char_file.o ABSOLUTE
    ../clib/printf.c                         0x00000000   Number         0  __printf_wp.o ABSOLUTE
    ../clib/printf.c                         0x00000000   Number         0  _printf_intcommon.o ABSOLUTE
    ../clib/printf.c                         0x00000000   Number         0  __printf_flags.o ABSOLUTE
    ../clib/printf.c                         0x00000000   Number         0  __printf_flags_wp.o ABSOLUTE
    ../clib/printf.c                         0x00000000   Number         0  __printf_ss_wp.o ABSOLUTE
    ../clib/printf.c                         0x00000000   Number         0  __printf_flags_ss_wp.o ABSOLUTE
    ../clib/printf.c                         0x00000000   Number         0  __printf_ss.o ABSOLUTE
    ../clib/printf.c                         0x00000000   Number         0  _printf_hex_int_ll_ptr.o ABSOLUTE
    ../clib/printf.c                         0x00000000   Number         0  __2printf.o ABSOLUTE
    ../clib/printf.c                         0x00000000   Number         0  _printf_hex_ll_ptr.o ABSOLUTE
    ../clib/printf.c                         0x00000000   Number         0  _printf_hex_int_ptr.o ABSOLUTE
    ../clib/printf.c                         0x00000000   Number         0  _printf_hex_int_ll.o ABSOLUTE
    ../clib/printf.c                         0x00000000   Number         0  __printf_nopercent.o ABSOLUTE
    ../clib/printf.c                         0x00000000   Number         0  _printf_hex_ptr.o ABSOLUTE
    ../clib/printf_percent.s                 0x00000000   Number         0  _printf_percent.o ABSOLUTE
    ../clib/printf_percent.s                 0x00000000   Number         0  _printf_x.o ABSOLUTE
    ../clib/printf_percent.s                 0x00000000   Number         0  _printf_percent_end.o ABSOLUTE
    ../clib/signal.c                         0x00000000   Number         0  defsig_fpe_outer.o ABSOLUTE
    ../clib/signal.c                         0x00000000   Number         0  defsig_rtmem_formal.o ABSOLUTE
    ../clib/signal.c                         0x00000000   Number         0  defsig_rtmem_outer.o ABSOLUTE
    ../clib/signal.c                         0x00000000   Number         0  defsig_general.o ABSOLUTE
    ../clib/signal.c                         0x00000000   Number         0  defsig_rtmem_inner.o ABSOLUTE
    ../clib/signal.c                         0x00000000   Number         0  __raise.o ABSOLUTE
    ../clib/signal.c                         0x00000000   Number         0  defsig_rtred_inner.o ABSOLUTE
    ../clib/signal.c                         0x00000000   Number         0  defsig_fpe_inner.o ABSOLUTE
    ../clib/signal.c                         0x00000000   Number         0  defsig_exit.o ABSOLUTE
    ../clib/signal.c                         0x00000000   Number         0  defsig_abrt_inner.o ABSOLUTE
    ../clib/signal.c                         0x00000000   Number         0  defsig_stak_inner.o ABSOLUTE
    ../clib/signal.c                         0x00000000   Number         0  defsig_pvfn_inner.o ABSOLUTE
    ../clib/signal.c                         0x00000000   Number         0  defsig_cppl_inner.o ABSOLUTE
    ../clib/signal.c                         0x00000000   Number         0  defsig_segv_inner.o ABSOLUTE
    ../clib/signal.c                         0x00000000   Number         0  defsig_other.o ABSOLUTE
    ../clib/signal.c                         0x00000000   Number         0  defsig_rtred_formal.o ABSOLUTE
    ../clib/signal.c                         0x00000000   Number         0  defsig_rtred_outer.o ABSOLUTE
    ../clib/signal.c                         0x00000000   Number         0  defsig_fpe_formal.o ABSOLUTE
    ../clib/signal.s                         0x00000000   Number         0  defsig.o ABSOLUTE
    ../clib/stdio.c                          0x00000000   Number         0  fopen.o ABSOLUTE
    ../clib/stdio.c                          0x00000000   Number         0  fclose.o ABSOLUTE
    ../clib/stdio.c                          0x00000000   Number         0  setvbuf_locked.o ABSOLUTE
    ../clib/stdio.c                          0x00000000   Number         0  fopen_locked.o ABSOLUTE
    ../clib/stdio.c                          0x00000000   Number         0  ftell.o ABSOLUTE
    ../clib/stdio.c                          0x00000000   Number         0  stdio_streams.o ABSOLUTE
    ../clib/stdio.c                          0x00000000   Number         0  initio_locked.o ABSOLUTE
    ../clib/stdio.c                          0x00000000   Number         0  ferror_locked.o ABSOLUTE
    ../clib/stdio.c                          0x00000000   Number         0  initio.o ABSOLUTE
    ../clib/stdio.c                          0x00000000   Number         0  ferror.o ABSOLUTE
    ../clib/stdio.c                          0x00000000   Number         0  stdio.o ABSOLUTE
    ../clib/stdio.c                          0x00000000   Number         0  fseek.o ABSOLUTE
    ../clib/stdio.c                          0x00000000   Number         0  streamlock.o ABSOLUTE
    ../clib/stdio.c                          0x00000000   Number         0  setvbuf.o ABSOLUTE
    ../clib/stdlib.c                         0x00000000   Number         0  exit.o ABSOLUTE
    ../clib/string.c                         0x00000000   Number         0  strlen.o ABSOLUTE
    ../fplib/cfplib/fpinit.c                 0x00000000   Number         0  fpinit.o ABSOLUTE
    ..\Core\Src\main.c                       0x00000000   Number         0  main.o ABSOLUTE
    ..\Core\Src\modbus.c                     0x00000000   Number         0  modbus.o ABSOLUTE
    ..\Core\Src\stm32l0xx_hal_msp.c          0x00000000   Number         0  stm32l0xx_hal_msp.o ABSOLUTE
    ..\Core\Src\stm32l0xx_it.c               0x00000000   Number         0  stm32l0xx_it.o ABSOLUTE
    ..\Core\Src\system_stm32l0xx.c           0x00000000   Number         0  system_stm32l0xx.o ABSOLUTE
    ..\Core\Src\uart.c                       0x00000000   Number         0  uart.o ABSOLUTE
    ..\Drivers\STM32L0xx_HAL_Driver\Src\stm32l0xx_hal.c 0x00000000   Number         0  stm32l0xx_hal.o ABSOLUTE
    ..\Drivers\STM32L0xx_HAL_Driver\Src\stm32l0xx_hal_cortex.c 0x00000000   Number         0  stm32l0xx_hal_cortex.o ABSOLUTE
    ..\Drivers\STM32L0xx_HAL_Driver\Src\stm32l0xx_hal_dma.c 0x00000000   Number         0  stm32l0xx_hal_dma.o ABSOLUTE
    ..\Drivers\STM32L0xx_HAL_Driver\Src\stm32l0xx_hal_exti.c 0x00000000   Number         0  stm32l0xx_hal_exti.o ABSOLUTE
    ..\Drivers\STM32L0xx_HAL_Driver\Src\stm32l0xx_hal_flash.c 0x00000000   Number         0  stm32l0xx_hal_flash.o ABSOLUTE
    ..\Drivers\STM32L0xx_HAL_Driver\Src\stm32l0xx_hal_flash_ex.c 0x00000000   Number         0  stm32l0xx_hal_flash_ex.o ABSOLUTE
    ..\Drivers\STM32L0xx_HAL_Driver\Src\stm32l0xx_hal_flash_ramfunc.c 0x00000000   Number         0  stm32l0xx_hal_flash_ramfunc.o ABSOLUTE
    ..\Drivers\STM32L0xx_HAL_Driver\Src\stm32l0xx_hal_gpio.c 0x00000000   Number         0  stm32l0xx_hal_gpio.o ABSOLUTE
    ..\Drivers\STM32L0xx_HAL_Driver\Src\stm32l0xx_hal_i2c.c 0x00000000   Number         0  stm32l0xx_hal_i2c.o ABSOLUTE
    ..\Drivers\STM32L0xx_HAL_Driver\Src\stm32l0xx_hal_i2c_ex.c 0x00000000   Number         0  stm32l0xx_hal_i2c_ex.o ABSOLUTE
    ..\Drivers\STM32L0xx_HAL_Driver\Src\stm32l0xx_hal_pwr.c 0x00000000   Number         0  stm32l0xx_hal_pwr.o ABSOLUTE
    ..\Drivers\STM32L0xx_HAL_Driver\Src\stm32l0xx_hal_pwr_ex.c 0x00000000   Number         0  stm32l0xx_hal_pwr_ex.o ABSOLUTE
    ..\Drivers\STM32L0xx_HAL_Driver\Src\stm32l0xx_hal_rcc.c 0x00000000   Number         0  stm32l0xx_hal_rcc.o ABSOLUTE
    ..\Drivers\STM32L0xx_HAL_Driver\Src\stm32l0xx_hal_rcc_ex.c 0x00000000   Number         0  stm32l0xx_hal_rcc_ex.o ABSOLUTE
    ..\Drivers\STM32L0xx_HAL_Driver\Src\stm32l0xx_hal_uart.c 0x00000000   Number         0  stm32l0xx_hal_uart.o ABSOLUTE
    ..\Drivers\STM32L0xx_HAL_Driver\Src\stm32l0xx_hal_uart_ex.c 0x00000000   Number         0  stm32l0xx_hal_uart_ex.o ABSOLUTE
    ..\\Core\\Src\\uart.c                    0x00000000   Number         0  uart.o ABSOLUTE
    dc.s                                     0x00000000   Number         0  dc.o ABSOLUTE
    startup_stm32l062xx.s                    0x00000000   Number         0  startup_stm32l062xx.o ABSOLUTE
    RESET                                    0x08000000   Section      192  startup_stm32l062xx.o(RESET)
    !!!main                                  0x080000c0   Section        8  __main.o(!!!main)
    !!!scatter                               0x080000c8   Section       60  __scatter.o(!!!scatter)
    !!handler_copy                           0x08000104   Section       26  __scatter_copy.o(!!handler_copy)
    !!handler_zi                             0x08000120   Section       28  __scatter_zi.o(!!handler_zi)
    .ARM.Collect$$_printf_percent$$00000000  0x0800013c   Section        2  _printf_percent.o(.ARM.Collect$$_printf_percent$$00000000)
    .ARM.Collect$$_printf_percent$$0000000C  0x0800013e   Section       10  _printf_x.o(.ARM.Collect$$_printf_percent$$0000000C)
    .ARM.Collect$$_printf_percent$$00000017  0x08000148   Section        4  _printf_percent_end.o(.ARM.Collect$$_printf_percent$$00000017)
    .ARM.Collect$$libinit$$00000000          0x0800014c   Section        2  libinit.o(.ARM.Collect$$libinit$$00000000)
    .ARM.Collect$$libinit$$00000002          0x0800014e   Section        0  libinit2.o(.ARM.Collect$$libinit$$00000002)
    .ARM.Collect$$libinit$$00000004          0x0800014e   Section        0  libinit2.o(.ARM.Collect$$libinit$$00000004)
    .ARM.Collect$$libinit$$00000005          0x0800014e   Section        8  libinit2.o(.ARM.Collect$$libinit$$00000005)
    .ARM.Collect$$libinit$$0000000A          0x08000156   Section        0  libinit2.o(.ARM.Collect$$libinit$$0000000A)
    .ARM.Collect$$libinit$$0000000C          0x08000156   Section        0  libinit2.o(.ARM.Collect$$libinit$$0000000C)
    .ARM.Collect$$libinit$$0000000E          0x08000156   Section        0  libinit2.o(.ARM.Collect$$libinit$$0000000E)
    .ARM.Collect$$libinit$$00000011          0x08000156   Section        0  libinit2.o(.ARM.Collect$$libinit$$00000011)
    .ARM.Collect$$libinit$$00000013          0x08000156   Section        0  libinit2.o(.ARM.Collect$$libinit$$00000013)
    .ARM.Collect$$libinit$$00000015          0x08000156   Section        0  libinit2.o(.ARM.Collect$$libinit$$00000015)
    .ARM.Collect$$libinit$$00000017          0x08000156   Section        0  libinit2.o(.ARM.Collect$$libinit$$00000017)
    .ARM.Collect$$libinit$$00000019          0x08000156   Section        0  libinit2.o(.ARM.Collect$$libinit$$00000019)
    .ARM.Collect$$libinit$$0000001B          0x08000156   Section        0  libinit2.o(.ARM.Collect$$libinit$$0000001B)
    .ARM.Collect$$libinit$$0000001D          0x08000156   Section        0  libinit2.o(.ARM.Collect$$libinit$$0000001D)
    .ARM.Collect$$libinit$$0000001F          0x08000156   Section        0  libinit2.o(.ARM.Collect$$libinit$$0000001F)
    .ARM.Collect$$libinit$$00000021          0x08000156   Section        0  libinit2.o(.ARM.Collect$$libinit$$00000021)
    .ARM.Collect$$libinit$$00000023          0x08000156   Section        0  libinit2.o(.ARM.Collect$$libinit$$00000023)
    .ARM.Collect$$libinit$$00000024          0x08000156   Section        4  libinit2.o(.ARM.Collect$$libinit$$00000024)
    .ARM.Collect$$libinit$$00000025          0x0800015a   Section        0  libinit2.o(.ARM.Collect$$libinit$$00000025)
    .ARM.Collect$$libinit$$0000002C          0x0800015a   Section        0  libinit2.o(.ARM.Collect$$libinit$$0000002C)
    .ARM.Collect$$libinit$$0000002E          0x0800015a   Section        0  libinit2.o(.ARM.Collect$$libinit$$0000002E)
    .ARM.Collect$$libinit$$00000030          0x0800015a   Section        0  libinit2.o(.ARM.Collect$$libinit$$00000030)
    .ARM.Collect$$libinit$$00000032          0x0800015a   Section        0  libinit2.o(.ARM.Collect$$libinit$$00000032)
    .ARM.Collect$$libinit$$00000033          0x0800015a   Section        2  libinit2.o(.ARM.Collect$$libinit$$00000033)
    .ARM.Collect$$libshutdown$$00000000      0x0800015c   Section        2  libshutdown.o(.ARM.Collect$$libshutdown$$00000000)
    .ARM.Collect$$libshutdown$$00000002      0x0800015e   Section        0  libshutdown2.o(.ARM.Collect$$libshutdown$$00000002)
    .ARM.Collect$$libshutdown$$00000003      0x0800015e   Section        4  libshutdown2.o(.ARM.Collect$$libshutdown$$00000003)
    .ARM.Collect$$libshutdown$$00000004      0x08000162   Section        0  libshutdown2.o(.ARM.Collect$$libshutdown$$00000004)
    .ARM.Collect$$libshutdown$$00000007      0x08000162   Section        0  libshutdown2.o(.ARM.Collect$$libshutdown$$00000007)
    .ARM.Collect$$libshutdown$$0000000A      0x08000162   Section        0  libshutdown2.o(.ARM.Collect$$libshutdown$$0000000A)
    .ARM.Collect$$libshutdown$$0000000C      0x08000162   Section        0  libshutdown2.o(.ARM.Collect$$libshutdown$$0000000C)
    .ARM.Collect$$libshutdown$$0000000F      0x08000162   Section        0  libshutdown2.o(.ARM.Collect$$libshutdown$$0000000F)
    .ARM.Collect$$libshutdown$$00000010      0x08000162   Section        2  libshutdown2.o(.ARM.Collect$$libshutdown$$00000010)
    .ARM.Collect$$rtentry$$00000000          0x08000164   Section        0  __rtentry.o(.ARM.Collect$$rtentry$$00000000)
    .ARM.Collect$$rtentry$$00000002          0x08000164   Section        0  __rtentry2.o(.ARM.Collect$$rtentry$$00000002)
    .ARM.Collect$$rtentry$$00000004          0x08000164   Section        6  __rtentry4.o(.ARM.Collect$$rtentry$$00000004)
    .ARM.Collect$$rtentry$$00000009          0x0800016a   Section        0  __rtentry2.o(.ARM.Collect$$rtentry$$00000009)
    .ARM.Collect$$rtentry$$0000000A          0x0800016a   Section        4  __rtentry2.o(.ARM.Collect$$rtentry$$0000000A)
    .ARM.Collect$$rtentry$$0000000C          0x0800016e   Section        0  __rtentry2.o(.ARM.Collect$$rtentry$$0000000C)
    .ARM.Collect$$rtentry$$0000000D          0x0800016e   Section        8  __rtentry2.o(.ARM.Collect$$rtentry$$0000000D)
    .ARM.Collect$$rtexit$$00000000           0x08000176   Section        2  rtexit.o(.ARM.Collect$$rtexit$$00000000)
    .ARM.Collect$$rtexit$$00000002           0x08000178   Section        0  rtexit2.o(.ARM.Collect$$rtexit$$00000002)
    .ARM.Collect$$rtexit$$00000003           0x08000178   Section        4  rtexit2.o(.ARM.Collect$$rtexit$$00000003)
    .ARM.Collect$$rtexit$$00000004           0x0800017c   Section        6  rtexit2.o(.ARM.Collect$$rtexit$$00000004)
    .emb_text                                0x08000184   Section       56  rt_memcpy.o(.emb_text)
    .emb_text                                0x080001bc   Section        0  maybetermalloc1.o(.emb_text)
    .text                                    0x080001bc   Section       56  startup_stm32l062xx.o(.text)
    .text                                    0x080001f4   Section        0  lludiv.o(.text)
    .text                                    0x080002f8   Section        0  noretval__2printf.o(.text)
    .text                                    0x08000314   Section        0  _printf_pad.o(.text)
    .text                                    0x08000364   Section        0  _printf_hex_int.o(.text)
    .text                                    0x080003bc   Section        0  __printf_flags_wp.o(.text)
    .text                                    0x080004f4   Section        0  rt_memcpy.o(.text)
    .text                                    0x08000576   Section        0  rt_memclr.o(.text)
    .text                                    0x080005b6   Section      346  aeabi_sdiv.o(.text)
    .text                                    0x08000710   Section        0  heapauxi.o(.text)
    .text                                    0x08000716   Section        0  _printf_intcommon.o(.text)
    .text                                    0x080007c8   Section        0  _printf_char_file.o(.text)
    .text                                    0x080007f0   Section        0  _printf_char_common.o(.text)
    _printf_input_char                       0x080007f1   Thumb Code    10  _printf_char_common.o(.text)
    .text                                    0x08000820   Section        0  ferror.o(.text)
    .text                                    0x08000828   Section        0  initio.o(.text)
    .text                                    0x08000964   Section        0  sys_io.o(.text)
    .text                                    0x080009ca   Section       62  sys_stackheap_outer.o(.text)
    .text                                    0x08000a08   Section        0  h1_free.o(.text)
    .text                                    0x08000a54   Section        0  setvbuf.o(.text)
    .text                                    0x08000aa0   Section        0  fopen.o(.text)
    _freopen_locked                          0x08000aa1   Thumb Code     0  fopen.o(.text)
    .text                                    0x08000b88   Section        0  fclose.o(.text)
    .text                                    0x08000bd4   Section        0  exit.o(.text)
    .text                                    0x08000be4   Section        0  defsig_rtred_outer.o(.text)
    .text                                    0x08000bf0   Section        8  libspace.o(.text)
    .text                                    0x08000bf8   Section        2  use_no_semi.o(.text)
    .text                                    0x08000bfa   Section        0  indicate_semi.o(.text)
    .text                                    0x08000bfc   Section        8  rt_heap_descriptor_intlibspace.o(.text)
    .text                                    0x08000c04   Section        0  hguard.o(.text)
    .text                                    0x08000c08   Section        0  init_alloc.o(.text)
    .text                                    0x08000c90   Section        0  h1_alloc.o(.text)
    .text                                    0x08000cf4   Section        0  fseek.o(.text)
    .text                                    0x08000de8   Section        0  stdio.o(.text)
    .text                                    0x08000ed8   Section        0  defsig_exit.o(.text)
    .text                                    0x08000ee4   Section        0  defsig_rtred_inner.o(.text)
    .text                                    0x08000f18   Section        0  strlen.o(.text)
    .text                                    0x08000f5c   Section        0  sys_exit.o(.text)
    .text                                    0x08000f68   Section        0  h1_init.o(.text)
    .text                                    0x08000f76   Section        0  h1_extend.o(.text)
    .text                                    0x08000faa   Section        0  ftell.o(.text)
    .text                                    0x08000fec   Section        0  defsig_general.o(.text)
    .text                                    0x08001020   Section        0  defsig_rtmem_outer.o(.text)
    .text                                    0x0800102c   Section        0  sys_wrch.o(.text)
    .text                                    0x08001038   Section        8  rt_errno_addr_intlibspace.o(.text)
    .text                                    0x08001040   Section        0  defsig_rtmem_inner.o(.text)
    i.CR95HF_Anticollision                   0x08001090   Section        0  uart.o(i.CR95HF_Anticollision)
    i.CR95HF_Echo                            0x080010d0   Section        0  uart.o(i.CR95HF_Echo)
    i.CR95HF_GetUID                          0x08001118   Section        0  uart.o(i.CR95HF_GetUID)
    i.CR95HF_IsTransactionDone               0x0800119c   Section        0  uart.o(i.CR95HF_IsTransactionDone)
    i.CR95HF_REQA                            0x080011bc   Section        0  uart.o(i.CR95HF_REQA)
    i.CR95HF_Select                          0x080011d4   Section        0  uart.o(i.CR95HF_Select)
    i.CR95HF_SelectProtocol_ISO14443A        0x08001214   Section        0  uart.o(i.CR95HF_SelectProtocol_ISO14443A)
    i.CR95HF_Send                            0x08001230   Section        0  uart.o(i.CR95HF_Send)
    i.CR95HF_SendCommand                     0x08001254   Section        0  uart.o(i.CR95HF_SendCommand)
    i.Error_Handler                          0x08001284   Section        0  main.o(i.Error_Handler)
    i.HAL_DMA_Abort                          0x08001288   Section        0  stm32l0xx_hal_dma.o(i.HAL_DMA_Abort)
    i.HAL_DMA_Abort_IT                       0x080012cc   Section        0  stm32l0xx_hal_dma.o(i.HAL_DMA_Abort_IT)
    i.HAL_Delay                              0x08001318   Section        0  stm32l0xx_hal.o(i.HAL_Delay)
    i.HAL_GPIO_Init                          0x0800133c   Section        0  stm32l0xx_hal_gpio.o(i.HAL_GPIO_Init)
    i.HAL_GetTick                            0x080014ec   Section        0  stm32l0xx_hal.o(i.HAL_GetTick)
    i.HAL_IncTick                            0x080014f8   Section        0  stm32l0xx_hal.o(i.HAL_IncTick)
    i.HAL_Init                               0x08001508   Section        0  stm32l0xx_hal.o(i.HAL_Init)
    i.HAL_InitTick                           0x08001530   Section        0  stm32l0xx_hal.o(i.HAL_InitTick)
    i.HAL_MspInit                            0x08001574   Section        0  stm32l0xx_hal_msp.o(i.HAL_MspInit)
    i.HAL_NVIC_EnableIRQ                     0x0800158c   Section        0  stm32l0xx_hal_cortex.o(i.HAL_NVIC_EnableIRQ)
    i.HAL_NVIC_SetPriority                   0x080015a4   Section        0  stm32l0xx_hal_cortex.o(i.HAL_NVIC_SetPriority)
    i.HAL_RCCEx_PeriphCLKConfig              0x080015ac   Section        0  stm32l0xx_hal_rcc_ex.o(i.HAL_RCCEx_PeriphCLKConfig)
    i.HAL_RCC_ClockConfig                    0x08001728   Section        0  stm32l0xx_hal_rcc.o(i.HAL_RCC_ClockConfig)
    i.HAL_RCC_GetPCLK1Freq                   0x080018c4   Section        0  stm32l0xx_hal_rcc.o(i.HAL_RCC_GetPCLK1Freq)
    i.HAL_RCC_GetPCLK2Freq                   0x080018e4   Section        0  stm32l0xx_hal_rcc.o(i.HAL_RCC_GetPCLK2Freq)
    i.HAL_RCC_GetSysClockFreq                0x08001904   Section        0  stm32l0xx_hal_rcc.o(i.HAL_RCC_GetSysClockFreq)
    i.HAL_RCC_OscConfig                      0x0800197c   Section        0  stm32l0xx_hal_rcc.o(i.HAL_RCC_OscConfig)
    i.HAL_SYSTICK_Config                     0x08001e0c   Section        0  stm32l0xx_hal_cortex.o(i.HAL_SYSTICK_Config)
    i.HAL_UARTEx_RxEventCallback             0x08001e3c   Section        0  stm32l0xx_hal_uart.o(i.HAL_UARTEx_RxEventCallback)
    i.HAL_UARTEx_WakeupCallback              0x08001e3e   Section        0  stm32l0xx_hal_uart_ex.o(i.HAL_UARTEx_WakeupCallback)
    i.HAL_UART_ErrorCallback                 0x08001e40   Section        0  stm32l0xx_hal_uart.o(i.HAL_UART_ErrorCallback)
    i.HAL_UART_IRQHandler                    0x08001e44   Section        0  stm32l0xx_hal_uart.o(i.HAL_UART_IRQHandler)
    i.HAL_UART_Init                          0x08002104   Section        0  stm32l0xx_hal_uart.o(i.HAL_UART_Init)
    i.HAL_UART_MspInit                       0x08002170   Section        0  stm32l0xx_hal_msp.o(i.HAL_UART_MspInit)
    i.HAL_UART_Receive                       0x08002218   Section        0  stm32l0xx_hal_uart.o(i.HAL_UART_Receive)
    i.HAL_UART_Receive_IT                    0x08002320   Section        0  stm32l0xx_hal_uart.o(i.HAL_UART_Receive_IT)
    i.HAL_UART_RxCpltCallback                0x08002384   Section        0  uart.o(i.HAL_UART_RxCpltCallback)
    i.HAL_UART_Transmit                      0x080023f8   Section        0  stm32l0xx_hal_uart.o(i.HAL_UART_Transmit)
    i.HAL_UART_TxCpltCallback                0x080024b8   Section        0  stm32l0xx_hal_uart.o(i.HAL_UART_TxCpltCallback)
    i.HardFault_Handler                      0x080024ba   Section        0  stm32l0xx_it.o(i.HardFault_Handler)
    i.MX_USART1_UART_Init                    0x080024bc   Section        0  uart.o(i.MX_USART1_UART_Init)
    i.MX_USART2_UART_Init                    0x080024f8   Section        0  uart.o(i.MX_USART2_UART_Init)
    i.NMI_Handler                            0x08002530   Section        0  stm32l0xx_it.o(i.NMI_Handler)
    i.PendSV_Handler                         0x08002532   Section        0  stm32l0xx_it.o(i.PendSV_Handler)
    i.SVC_Handler                            0x08002534   Section        0  stm32l0xx_it.o(i.SVC_Handler)
    i.SysTick_Handler                        0x08002536   Section        0  stm32l0xx_it.o(i.SysTick_Handler)
    i.SystemClock_Config                     0x08002540   Section        0  main.o(i.SystemClock_Config)
    i.SystemInit                             0x080025c8   Section        0  system_stm32l0xx.o(i.SystemInit)
    i.UART1_GetBuffer                        0x080025cc   Section        0  uart.o(i.UART1_GetBuffer)
    i.UART1_GetLength                        0x080025e0   Section        0  uart.o(i.UART1_GetLength)
    i.UART1_IsFrameReceived                  0x080025ec   Section        0  uart.o(i.UART1_IsFrameReceived)
    i.UART2_GetBuffer                        0x080025f8   Section        0  uart.o(i.UART2_GetBuffer)
    i.UART2_IsFrameReceived                  0x0800260c   Section        0  uart.o(i.UART2_IsFrameReceived)
    i.UART_AdvFeatureConfig                  0x08002618   Section        0  stm32l0xx_hal_uart.o(i.UART_AdvFeatureConfig)
    i.UART_CheckIdleState                    0x080026e4   Section        0  stm32l0xx_hal_uart.o(i.UART_CheckIdleState)
    i.UART_DMAAbortOnError                   0x080027a8   Section        0  stm32l0xx_hal_uart.o(i.UART_DMAAbortOnError)
    UART_DMAAbortOnError                     0x080027a9   Thumb Code    16  stm32l0xx_hal_uart.o(i.UART_DMAAbortOnError)
    i.UART_EndRxTransfer                     0x080027b8   Section        0  stm32l0xx_hal_uart.o(i.UART_EndRxTransfer)
    UART_EndRxTransfer                       0x080027b9   Thumb Code    96  stm32l0xx_hal_uart.o(i.UART_EndRxTransfer)
    i.UART_RxISR_16BIT                       0x08002818   Section        0  stm32l0xx_hal_uart.o(i.UART_RxISR_16BIT)
    UART_RxISR_16BIT                         0x08002819   Thumb Code   212  stm32l0xx_hal_uart.o(i.UART_RxISR_16BIT)
    i.UART_RxISR_8BIT                        0x080028f0   Section        0  stm32l0xx_hal_uart.o(i.UART_RxISR_8BIT)
    UART_RxISR_8BIT                          0x080028f1   Thumb Code   212  stm32l0xx_hal_uart.o(i.UART_RxISR_8BIT)
    i.UART_SetConfig                         0x080029c8   Section        0  stm32l0xx_hal_uart.o(i.UART_SetConfig)
    i.UART_StartReception                    0x08002bc8   Section        0  uart.o(i.UART_StartReception)
    i.UART_Start_Receive_IT                  0x08002c40   Section        0  stm32l0xx_hal_uart.o(i.UART_Start_Receive_IT)
    i.UART_WaitOnFlagUntilTimeout            0x08002d08   Section        0  stm32l0xx_hal_uart.o(i.UART_WaitOnFlagUntilTimeout)
    i.USART1_IRQHandler                      0x08002da0   Section        0  stm32l0xx_it.o(i.USART1_IRQHandler)
    i.USART2_IRQHandler                      0x08002db0   Section        0  stm32l0xx_it.o(i.USART2_IRQHandler)
    i.__ARM_common_switch8                   0x08002dc0   Section        0  stm32l0xx_hal_uart.o(i.__ARM_common_switch8)
    i.__NVIC_SetPriority                     0x08002ddc   Section        0  stm32l0xx_hal_cortex.o(i.__NVIC_SetPriority)
    __NVIC_SetPriority                       0x08002ddd   Thumb Code    60  stm32l0xx_hal_cortex.o(i.__NVIC_SetPriority)
    i._is_digit                              0x08002e20   Section        0  __printf_wp.o(i._is_digit)
    i.fputc                                  0x08002e30   Section        0  main.o(i.fputc)
    i.main                                   0x08002e48   Section        0  main.o(i.main)
    .constdata                               0x08002f90   Section       25  system_stm32l0xx.o(.constdata)
    .constdata                               0x08002fa9   Section        8  system_stm32l0xx.o(.constdata)
    .constdata                               0x08002fb1   Section       40  _printf_hex_int.o(.constdata)
    uc_hextab                                0x08002fb1   Data          20  _printf_hex_int.o(.constdata)
    lc_hextab                                0x08002fc5   Data          20  _printf_hex_int.o(.constdata)
    .constdata                               0x08002fd9   Section       17  __printf_flags_wp.o(.constdata)
    maptable                                 0x08002fd9   Data          17  __printf_flags_wp.o(.constdata)
    .constdata                               0x08002fea   Section        4  sys_io.o(.constdata)
    .constdata                               0x08002fee   Section        4  sys_io.o(.constdata)
    .constdata                               0x08002ff2   Section        4  sys_io.o(.constdata)
    .data                                    0x20000000   Section       24  uart.o(.data)
    uart1_frame_ready                        0x20000001   Data           1  uart.o(.data)
    uart2_frame_ready                        0x20000002   Data           1  uart.o(.data)
    cr95hf_transaction_done                  0x20000003   Data           1  uart.o(.data)
    uart1_rx_byte                            0x20000004   Data           1  uart.o(.data)
    uart2_rx_byte                            0x20000005   Data           1  uart.o(.data)
    uart1_rx_index                           0x20000006   Data           2  uart.o(.data)
    uart1_expected_len                       0x20000008   Data           2  uart.o(.data)
    uart2_rx_index                           0x2000000a   Data           2  uart.o(.data)
    uart2_expected_len                       0x2000000c   Data           2  uart.o(.data)
    cr95hf_expected_len                      0x2000000e   Data           2  uart.o(.data)
    cr95hf_timeout_ms                        0x20000010   Data           4  uart.o(.data)
    cr95hf_start_tick                        0x20000014   Data           4  uart.o(.data)
    .data                                    0x20000018   Section       12  stm32l0xx_hal.o(.data)
    .data                                    0x20000024   Section        4  system_stm32l0xx.o(.data)
    .data                                    0x20000028   Section        4  stdio_streams.o(.data)
    .data                                    0x2000002c   Section        4  stdio_streams.o(.data)
    .data                                    0x20000030   Section        4  stdio_streams.o(.data)
    .bss                                     0x20000034   Section      602  uart.o(.bss)
    uart1_rx_buffer                          0x2000018e   Data         128  uart.o(.bss)
    uart2_rx_buffer                          0x2000020e   Data         128  uart.o(.bss)
    .bss                                     0x20000290   Section       84  stdio_streams.o(.bss)
    .bss                                     0x200002e4   Section       84  stdio_streams.o(.bss)
    .bss                                     0x20000338   Section       84  stdio_streams.o(.bss)
    .bss                                     0x2000038c   Section       96  libspace.o(.bss)
    HEAP                                     0x200003f0   Section      512  startup_stm32l062xx.o(HEAP)
    Heap_Mem                                 0x200003f0   Data         512  startup_stm32l062xx.o(HEAP)
    STACK                                    0x200005f0   Section     1024  startup_stm32l062xx.o(STACK)
    Stack_Mem                                0x200005f0   Data        1024  startup_stm32l062xx.o(STACK)
    __initial_sp                             0x200009f0   Data           0  startup_stm32l062xx.o(STACK)

    Global Symbols

    Symbol Name                              Value     Ov Type        Size  Object(Section)

    BuildAttributes$$THM_ISAv3M$S$PE$A:L22$X:L11$S22$IEEE1$IW$USESV6$~STKCKD$USESV7$~SHL$OTIME$ROPI$EBA8$UX$STANDARDLIB$REQ8$PRES8$EABIv2 0x00000000   Number         0  anon$$obj.o ABSOLUTE
    __ARM_use_no_argv                        0x00000000   Number         0  main.o ABSOLUTE
    _printf_flags                            0x00000000   Number         0  printf_stubs.o ABSOLUTE
    _printf_return_value                     0x00000000   Number         0  printf_stubs.o ABSOLUTE
    _printf_sizespec                         0x00000000   Number         0  printf_stubs.o ABSOLUTE
    _printf_widthprec                        0x00000000   Number         0  printf_stubs.o ABSOLUTE
    __ARM_exceptions_init                     - Undefined Weak Reference
    __alloca_initialize                       - Undefined Weak Reference
    __arm_preinit_                            - Undefined Weak Reference
    __cpp_initialize__aeabi_                  - Undefined Weak Reference
    __cxa_finalize                            - Undefined Weak Reference
    __rt_locale                               - Undefined Weak Reference
    __sigvec_lookup                           - Undefined Weak Reference
    __user_heap_extent                        - Undefined Weak Reference
    _atexit_init                              - Undefined Weak Reference
    _call_atexit_fns                          - Undefined Weak Reference
    _clock_init                               - Undefined Weak Reference
    _fp_trap_init                             - Undefined Weak Reference
    _fp_trap_shutdown                         - Undefined Weak Reference
    _get_lc_collate                           - Undefined Weak Reference
    _get_lc_ctype                             - Undefined Weak Reference
    _get_lc_monetary                          - Undefined Weak Reference
    _get_lc_numeric                           - Undefined Weak Reference
    _get_lc_time                              - Undefined Weak Reference
    _getenv_init                              - Undefined Weak Reference
    _handle_redirection                       - Undefined Weak Reference
    _mutex_acquire                            - Undefined Weak Reference
    _mutex_free                               - Undefined Weak Reference
    _mutex_release                            - Undefined Weak Reference
    _printf_truncate_unsigned                 - Undefined Weak Reference
    _rand_init                                - Undefined Weak Reference
    _signal_finish                            - Undefined Weak Reference
    _signal_init                              - Undefined Weak Reference
    __Vectors_Size                           0x000000c0   Number         0  startup_stm32l062xx.o ABSOLUTE
    __Vectors                                0x08000000   Data           4  startup_stm32l062xx.o(RESET)
    __Vectors_End                            0x080000c0   Data           0  startup_stm32l062xx.o(RESET)
    __main                                   0x080000c1   Thumb Code     8  __main.o(!!!main)
    __scatterload                            0x080000c9   Thumb Code     0  __scatter.o(!!!scatter)
    __scatterload_rt2                        0x080000c9   Thumb Code    52  __scatter.o(!!!scatter)
    __scatterload_rt2_thumb_only             0x080000c9   Thumb Code     0  __scatter.o(!!!scatter)
    __scatterload_null                       0x080000d9   Thumb Code     0  __scatter.o(!!!scatter)
    __scatterload_copy                       0x08000105   Thumb Code    26  __scatter_copy.o(!!handler_copy)
    __scatterload_zeroinit                   0x08000121   Thumb Code    28  __scatter_zi.o(!!handler_zi)
    _printf_percent                          0x0800013d   Thumb Code     0  _printf_percent.o(.ARM.Collect$$_printf_percent$$00000000)
    _printf_x                                0x0800013f   Thumb Code     0  _printf_x.o(.ARM.Collect$$_printf_percent$$0000000C)
    _printf_percent_end                      0x08000149   Thumb Code     0  _printf_percent_end.o(.ARM.Collect$$_printf_percent$$00000017)
    __rt_lib_init                            0x0800014d   Thumb Code     0  libinit.o(.ARM.Collect$$libinit$$00000000)
    __rt_lib_init_fp_1                       0x0800014f   Thumb Code     0  libinit2.o(.ARM.Collect$$libinit$$00000002)
    __rt_lib_init_heap_2                     0x0800014f   Thumb Code     0  libinit2.o(.ARM.Collect$$libinit$$00000005)
    __rt_lib_init_preinit_1                  0x0800014f   Thumb Code     0  libinit2.o(.ARM.Collect$$libinit$$00000004)
    __rt_lib_init_atexit_1                   0x08000157   Thumb Code     0  libinit2.o(.ARM.Collect$$libinit$$0000001B)
    __rt_lib_init_clock_1                    0x08000157   Thumb Code     0  libinit2.o(.ARM.Collect$$libinit$$00000021)
    __rt_lib_init_fp_trap_1                  0x08000157   Thumb Code     0  libinit2.o(.ARM.Collect$$libinit$$0000001F)
    __rt_lib_init_getenv_1                   0x08000157   Thumb Code     0  libinit2.o(.ARM.Collect$$libinit$$00000023)
    __rt_lib_init_heap_1                     0x08000157   Thumb Code     0  libinit2.o(.ARM.Collect$$libinit$$0000000A)
    __rt_lib_init_lc_collate_1               0x08000157   Thumb Code     0  libinit2.o(.ARM.Collect$$libinit$$00000011)
    __rt_lib_init_lc_ctype_1                 0x08000157   Thumb Code     0  libinit2.o(.ARM.Collect$$libinit$$00000013)
    __rt_lib_init_lc_monetary_1              0x08000157   Thumb Code     0  libinit2.o(.ARM.Collect$$libinit$$00000015)
    __rt_lib_init_lc_numeric_1               0x08000157   Thumb Code     0  libinit2.o(.ARM.Collect$$libinit$$00000017)
    __rt_lib_init_lc_time_1                  0x08000157   Thumb Code     0  libinit2.o(.ARM.Collect$$libinit$$00000019)
    __rt_lib_init_rand_1                     0x08000157   Thumb Code     0  libinit2.o(.ARM.Collect$$libinit$$0000000E)
    __rt_lib_init_signal_1                   0x08000157   Thumb Code     0  libinit2.o(.ARM.Collect$$libinit$$0000001D)
    __rt_lib_init_stdio_2                    0x08000157   Thumb Code     0  libinit2.o(.ARM.Collect$$libinit$$00000024)
    __rt_lib_init_user_alloc_1               0x08000157   Thumb Code     0  libinit2.o(.ARM.Collect$$libinit$$0000000C)
    __rt_lib_init_alloca_1                   0x0800015b   Thumb Code     0  libinit2.o(.ARM.Collect$$libinit$$0000002E)
    __rt_lib_init_argv_1                     0x0800015b   Thumb Code     0  libinit2.o(.ARM.Collect$$libinit$$0000002C)
    __rt_lib_init_cpp_1                      0x0800015b   Thumb Code     0  libinit2.o(.ARM.Collect$$libinit$$00000032)
    __rt_lib_init_exceptions_1               0x0800015b   Thumb Code     0  libinit2.o(.ARM.Collect$$libinit$$00000030)
    __rt_lib_init_return                     0x0800015b   Thumb Code     0  libinit2.o(.ARM.Collect$$libinit$$00000033)
    __rt_lib_init_stdio_1                    0x0800015b   Thumb Code     0  libinit2.o(.ARM.Collect$$libinit$$00000025)
    __rt_lib_shutdown                        0x0800015d   Thumb Code     0  libshutdown.o(.ARM.Collect$$libshutdown$$00000000)
    __rt_lib_shutdown_cpp_1                  0x0800015f   Thumb Code     0  libshutdown2.o(.ARM.Collect$$libshutdown$$00000002)
    __rt_lib_shutdown_stdio_2                0x0800015f   Thumb Code     0  libshutdown2.o(.ARM.Collect$$libshutdown$$00000003)
    __rt_lib_shutdown_fp_trap_1              0x08000163   Thumb Code     0  libshutdown2.o(.ARM.Collect$$libshutdown$$00000007)
    __rt_lib_shutdown_heap_1                 0x08000163   Thumb Code     0  libshutdown2.o(.ARM.Collect$$libshutdown$$0000000F)
    __rt_lib_shutdown_return                 0x08000163   Thumb Code     0  libshutdown2.o(.ARM.Collect$$libshutdown$$00000010)
    __rt_lib_shutdown_signal_1               0x08000163   Thumb Code     0  libshutdown2.o(.ARM.Collect$$libshutdown$$0000000A)
    __rt_lib_shutdown_stdio_1                0x08000163   Thumb Code     0  libshutdown2.o(.ARM.Collect$$libshutdown$$00000004)
    __rt_lib_shutdown_user_alloc_1           0x08000163   Thumb Code     0  libshutdown2.o(.ARM.Collect$$libshutdown$$0000000C)
    __rt_entry                               0x08000165   Thumb Code     0  __rtentry.o(.ARM.Collect$$rtentry$$00000000)
    __rt_entry_presh_1                       0x08000165   Thumb Code     0  __rtentry2.o(.ARM.Collect$$rtentry$$00000002)
    __rt_entry_sh                            0x08000165   Thumb Code     0  __rtentry4.o(.ARM.Collect$$rtentry$$00000004)
    __rt_entry_li                            0x0800016b   Thumb Code     0  __rtentry2.o(.ARM.Collect$$rtentry$$0000000A)
    __rt_entry_postsh_1                      0x0800016b   Thumb Code     0  __rtentry2.o(.ARM.Collect$$rtentry$$00000009)
    __rt_entry_main                          0x0800016f   Thumb Code     0  __rtentry2.o(.ARM.Collect$$rtentry$$0000000D)
    __rt_entry_postli_1                      0x0800016f   Thumb Code     0  __rtentry2.o(.ARM.Collect$$rtentry$$0000000C)
    __rt_exit                                0x08000177   Thumb Code     0  rtexit.o(.ARM.Collect$$rtexit$$00000000)
    __rt_exit_ls                             0x08000179   Thumb Code     0  rtexit2.o(.ARM.Collect$$rtexit$$00000003)
    __rt_exit_prels_1                        0x08000179   Thumb Code     0  rtexit2.o(.ARM.Collect$$rtexit$$00000002)
    __rt_exit_exit                           0x0800017d   Thumb Code     0  rtexit2.o(.ARM.Collect$$rtexit$$00000004)
    __aeabi_memcpy4                          0x08000185   Thumb Code    56  rt_memcpy.o(.emb_text)
    __aeabi_memcpy8                          0x08000185   Thumb Code     0  rt_memcpy.o(.emb_text)
    Reset_Handler                            0x080001bd   Thumb Code     8  startup_stm32l062xx.o(.text)
    _maybe_terminate_alloc                   0x080001bd   Thumb Code     0  maybetermalloc1.o(.emb_text)
    ADC1_COMP_IRQHandler                     0x080001cf   Thumb Code     0  startup_stm32l062xx.o(.text)
    AES_RNG_LPUART1_IRQHandler               0x080001cf   Thumb Code     0  startup_stm32l062xx.o(.text)
    DMA1_Channel1_IRQHandler                 0x080001cf   Thumb Code     0  startup_stm32l062xx.o(.text)
    DMA1_Channel2_3_IRQHandler               0x080001cf   Thumb Code     0  startup_stm32l062xx.o(.text)
    DMA1_Channel4_5_6_7_IRQHandler           0x080001cf   Thumb Code     0  startup_stm32l062xx.o(.text)
    EXTI0_1_IRQHandler                       0x080001cf   Thumb Code     0  startup_stm32l062xx.o(.text)
    EXTI2_3_IRQHandler                       0x080001cf   Thumb Code     0  startup_stm32l062xx.o(.text)
    EXTI4_15_IRQHandler                      0x080001cf   Thumb Code     0  startup_stm32l062xx.o(.text)
    FLASH_IRQHandler                         0x080001cf   Thumb Code     0  startup_stm32l062xx.o(.text)
    I2C1_IRQHandler                          0x080001cf   Thumb Code     0  startup_stm32l062xx.o(.text)
    I2C2_IRQHandler                          0x080001cf   Thumb Code     0  startup_stm32l062xx.o(.text)
    LPTIM1_IRQHandler                        0x080001cf   Thumb Code     0  startup_stm32l062xx.o(.text)
    PVD_IRQHandler                           0x080001cf   Thumb Code     0  startup_stm32l062xx.o(.text)
    RCC_CRS_IRQHandler                       0x080001cf   Thumb Code     0  startup_stm32l062xx.o(.text)
    RTC_IRQHandler                           0x080001cf   Thumb Code     0  startup_stm32l062xx.o(.text)
    SPI1_IRQHandler                          0x080001cf   Thumb Code     0  startup_stm32l062xx.o(.text)
    SPI2_IRQHandler                          0x080001cf   Thumb Code     0  startup_stm32l062xx.o(.text)
    TIM21_IRQHandler                         0x080001cf   Thumb Code     0  startup_stm32l062xx.o(.text)
    TIM22_IRQHandler                         0x080001cf   Thumb Code     0  startup_stm32l062xx.o(.text)
    TIM2_IRQHandler                          0x080001cf   Thumb Code     0  startup_stm32l062xx.o(.text)
    TIM6_DAC_IRQHandler                      0x080001cf   Thumb Code     0  startup_stm32l062xx.o(.text)
    TSC_IRQHandler                           0x080001cf   Thumb Code     0  startup_stm32l062xx.o(.text)
    USB_IRQHandler                           0x080001cf   Thumb Code     0  startup_stm32l062xx.o(.text)
    WWDG_IRQHandler                          0x080001cf   Thumb Code     0  startup_stm32l062xx.o(.text)
    __user_initial_stackheap                 0x080001d1   Thumb Code     0  startup_stm32l062xx.o(.text)
    __aeabi_uldivmod                         0x080001f5   Thumb Code   258  lludiv.o(.text)
    _ll_udiv                                 0x080001f5   Thumb Code     0  lludiv.o(.text)
    __2printf                                0x080002f9   Thumb Code    22  noretval__2printf.o(.text)
    _printf_pre_padding                      0x08000315   Thumb Code    44  _printf_pad.o(.text)
    _printf_post_padding                     0x08000341   Thumb Code    34  _printf_pad.o(.text)
    _printf_int_hex                          0x08000365   Thumb Code    84  _printf_hex_int.o(.text)
    _printf_longlong_hex                     0x08000365   Thumb Code     0  _printf_hex_int.o(.text)
    __printf                                 0x080003bd   Thumb Code   306  __printf_flags_wp.o(.text)
    __aeabi_memcpy                           0x080004f5   Thumb Code   130  rt_memcpy.o(.text)
    __rt_memcpy                              0x080004f5   Thumb Code     0  rt_memcpy.o(.text)
    _memset_w                                0x08000577   Thumb Code    26  rt_memclr.o(.text)
    _memset                                  0x08000591   Thumb Code    30  rt_memclr.o(.text)
    __aeabi_memclr                           0x080005af   Thumb Code     4  rt_memclr.o(.text)
    __rt_memclr                              0x080005af   Thumb Code     0  rt_memclr.o(.text)
    __aeabi_memclr4                          0x080005b3   Thumb Code     0  rt_memclr.o(.text)
    __aeabi_memclr8                          0x080005b3   Thumb Code     0  rt_memclr.o(.text)
    __rt_memclr_w                            0x080005b3   Thumb Code     4  rt_memclr.o(.text)
    __aeabi_uidiv                            0x080005b7   Thumb Code     0  aeabi_sdiv.o(.text)
    __aeabi_uidivmod                         0x080005b7   Thumb Code    20  aeabi_sdiv.o(.text)
    __aeabi_idiv                             0x080005cb   Thumb Code     0  aeabi_sdiv.o(.text)
    __aeabi_idivmod                          0x080005cb   Thumb Code   326  aeabi_sdiv.o(.text)
    __use_two_region_memory                  0x08000711   Thumb Code     2  heapauxi.o(.text)
    __rt_heap_escrow                         0x08000713   Thumb Code     2  heapauxi.o(.text)
    __rt_heap_expand                         0x08000715   Thumb Code     2  heapauxi.o(.text)
    _printf_int_common                       0x08000717   Thumb Code   176  _printf_intcommon.o(.text)
    _printf_char_file                        0x080007c9   Thumb Code    34  _printf_char_file.o(.text)
    _printf_char_common                      0x080007fb   Thumb Code    32  _printf_char_common.o(.text)
    ferror                                   0x08000821   Thumb Code     8  ferror.o(.text)
    _initio                                  0x08000829   Thumb Code   216  initio.o(.text)
    _terminateio                             0x08000901   Thumb Code    56  initio.o(.text)
    _sys_open                                0x08000965   Thumb Code    20  sys_io.o(.text)
    _sys_close                               0x08000979   Thumb Code    12  sys_io.o(.text)
    _sys_write                               0x08000985   Thumb Code    16  sys_io.o(.text)
    _sys_read                                0x08000995   Thumb Code    14  sys_io.o(.text)
    _sys_istty                               0x080009a3   Thumb Code    12  sys_io.o(.text)
    _sys_seek                                0x080009af   Thumb Code    14  sys_io.o(.text)
    _sys_ensure                              0x080009bd   Thumb Code     2  sys_io.o(.text)
    _sys_flen                                0x080009bf   Thumb Code    12  sys_io.o(.text)
    __user_setup_stackheap                   0x080009cb   Thumb Code    62  sys_stackheap_outer.o(.text)
    free                                     0x08000a09   Thumb Code    76  h1_free.o(.text)
    setvbuf                                  0x08000a55   Thumb Code    72  setvbuf.o(.text)
    freopen                                  0x08000aa1   Thumb Code   148  fopen.o(.text)
    fopen                                    0x08000b35   Thumb Code    76  fopen.o(.text)
    _fclose_internal                         0x08000b89   Thumb Code    72  fclose.o(.text)
    fclose                                   0x08000b89   Thumb Code     0  fclose.o(.text)
    exit                                     0x08000bd5   Thumb Code    16  exit.o(.text)
    __rt_SIGRTRED                            0x08000be5   Thumb Code    12  defsig_rtred_outer.o(.text)
    __user_libspace                          0x08000bf1   Thumb Code     8  libspace.o(.text)
    __user_perproc_libspace                  0x08000bf1   Thumb Code     0  libspace.o(.text)
    __user_perthread_libspace                0x08000bf1   Thumb Code     0  libspace.o(.text)
    __I$use$semihosting                      0x08000bf9   Thumb Code     0  use_no_semi.o(.text)
    __use_no_semihosting_swi                 0x08000bf9   Thumb Code     2  use_no_semi.o(.text)
    __semihosting_library_function           0x08000bfb   Thumb Code     0  indicate_semi.o(.text)
    __rt_heap_descriptor                     0x08000bfd   Thumb Code     8  rt_heap_descriptor_intlibspace.o(.text)
    __use_no_heap                            0x08000c05   Thumb Code     2  hguard.o(.text)
    __heap$guard                             0x08000c07   Thumb Code     2  hguard.o(.text)
    _terminate_user_alloc                    0x08000c09   Thumb Code     2  init_alloc.o(.text)
    _init_user_alloc                         0x08000c0b   Thumb Code     2  init_alloc.o(.text)
    __Heap_Full                              0x08000c0d   Thumb Code    32  init_alloc.o(.text)
    __Heap_Broken                            0x08000c2d   Thumb Code    10  init_alloc.o(.text)
    _init_alloc                              0x08000c37   Thumb Code    90  init_alloc.o(.text)
    malloc                                   0x08000c91   Thumb Code    98  h1_alloc.o(.text)
    _fseek                                   0x08000cf5   Thumb Code   240  fseek.o(.text)
    fseek                                    0x08000cf5   Thumb Code     0  fseek.o(.text)
    _seterr                                  0x08000de9   Thumb Code    20  stdio.o(.text)
    _writebuf                                0x08000dfd   Thumb Code    76  stdio.o(.text)
    _fflush                                  0x08000e49   Thumb Code    76  stdio.o(.text)
    _deferredlazyseek                        0x08000e95   Thumb Code    60  stdio.o(.text)
    __sig_exit                               0x08000ed9   Thumb Code    12  defsig_exit.o(.text)
    __rt_SIGRTRED_inner                      0x08000ee5   Thumb Code    14  defsig_rtred_inner.o(.text)
    strlen                                   0x08000f19   Thumb Code    62  strlen.o(.text)
    _sys_exit                                0x08000f5d   Thumb Code     8  sys_exit.o(.text)
    __Heap_Initialize                        0x08000f69   Thumb Code    10  h1_init.o(.text)
    __Heap_DescSize                          0x08000f73   Thumb Code     4  h1_init.o(.text)
    __Heap_ProvideMemory                     0x08000f77   Thumb Code    52  h1_extend.o(.text)
    _ftell_internal                          0x08000fab   Thumb Code    66  ftell.o(.text)
    ftell                                    0x08000fab   Thumb Code     0  ftell.o(.text)
    __default_signal_display                 0x08000fed   Thumb Code    52  defsig_general.o(.text)
    __rt_SIGRTMEM                            0x08001021   Thumb Code    12  defsig_rtmem_outer.o(.text)
    _ttywrch                                 0x0800102d   Thumb Code    12  sys_wrch.o(.text)
    __aeabi_errno_addr                       0x08001039   Thumb Code     8  rt_errno_addr_intlibspace.o(.text)
    __errno$intlibspace                      0x08001039   Thumb Code     0  rt_errno_addr_intlibspace.o(.text)
    __rt_errno_addr$intlibspace              0x08001039   Thumb Code     0  rt_errno_addr_intlibspace.o(.text)
    __rt_SIGRTMEM_inner                      0x08001041   Thumb Code    22  defsig_rtmem_inner.o(.text)
    CR95HF_Anticollision                     0x08001091   Thumb Code    60  uart.o(i.CR95HF_Anticollision)
    CR95HF_Echo                              0x080010d1   Thumb Code    64  uart.o(i.CR95HF_Echo)
    CR95HF_GetUID                            0x08001119   Thumb Code   122  uart.o(i.CR95HF_GetUID)
    CR95HF_IsTransactionDone                 0x0800119d   Thumb Code    26  uart.o(i.CR95HF_IsTransactionDone)
    CR95HF_REQA                              0x080011bd   Thumb Code    18  uart.o(i.CR95HF_REQA)
    CR95HF_Select                            0x080011d5   Thumb Code    58  uart.o(i.CR95HF_Select)
    CR95HF_SelectProtocol_ISO14443A          0x08001215   Thumb Code    20  uart.o(i.CR95HF_SelectProtocol_ISO14443A)
    CR95HF_Send                              0x08001231   Thumb Code    32  uart.o(i.CR95HF_Send)
    CR95HF_SendCommand                       0x08001255   Thumb Code    38  uart.o(i.CR95HF_SendCommand)
    Error_Handler                            0x08001285   Thumb Code     4  main.o(i.Error_Handler)
    HAL_DMA_Abort                            0x08001289   Thumb Code    68  stm32l0xx_hal_dma.o(i.HAL_DMA_Abort)
    HAL_DMA_Abort_IT                         0x080012cd   Thumb Code    76  stm32l0xx_hal_dma.o(i.HAL_DMA_Abort_IT)
    HAL_Delay                                0x08001319   Thumb Code    32  stm32l0xx_hal.o(i.HAL_Delay)
    HAL_GPIO_Init                            0x0800133d   Thumb Code   402  stm32l0xx_hal_gpio.o(i.HAL_GPIO_Init)
    HAL_GetTick                              0x080014ed   Thumb Code     6  stm32l0xx_hal.o(i.HAL_GetTick)
    HAL_IncTick                              0x080014f9   Thumb Code    12  stm32l0xx_hal.o(i.HAL_IncTick)
    HAL_Init                                 0x08001509   Thumb Code    36  stm32l0xx_hal.o(i.HAL_Init)
    HAL_InitTick                             0x08001531   Thumb Code    58  stm32l0xx_hal.o(i.HAL_InitTick)
    HAL_MspInit                              0x08001575   Thumb Code    20  stm32l0xx_hal_msp.o(i.HAL_MspInit)
    HAL_NVIC_EnableIRQ                       0x0800158d   Thumb Code    18  stm32l0xx_hal_cortex.o(i.HAL_NVIC_EnableIRQ)
    HAL_NVIC_SetPriority                     0x080015a5   Thumb Code     8  stm32l0xx_hal_cortex.o(i.HAL_NVIC_SetPriority)
    HAL_RCCEx_PeriphCLKConfig                0x080015ad   Thumb Code   368  stm32l0xx_hal_rcc_ex.o(i.HAL_RCCEx_PeriphCLKConfig)
    HAL_RCC_ClockConfig                      0x08001729   Thumb Code   386  stm32l0xx_hal_rcc.o(i.HAL_RCC_ClockConfig)
    HAL_RCC_GetPCLK1Freq                     0x080018c5   Thumb Code    20  stm32l0xx_hal_rcc.o(i.HAL_RCC_GetPCLK1Freq)
    HAL_RCC_GetPCLK2Freq                     0x080018e5   Thumb Code    20  stm32l0xx_hal_rcc.o(i.HAL_RCC_GetPCLK2Freq)
    HAL_RCC_GetSysClockFreq                  0x08001905   Thumb Code   100  stm32l0xx_hal_rcc.o(i.HAL_RCC_GetSysClockFreq)
    HAL_RCC_OscConfig                        0x0800197d   Thumb Code  1166  stm32l0xx_hal_rcc.o(i.HAL_RCC_OscConfig)
    HAL_SYSTICK_Config                       0x08001e0d   Thumb Code    38  stm32l0xx_hal_cortex.o(i.HAL_SYSTICK_Config)
    HAL_UARTEx_RxEventCallback               0x08001e3d   Thumb Code     2  stm32l0xx_hal_uart.o(i.HAL_UARTEx_RxEventCallback)
    HAL_UARTEx_WakeupCallback                0x08001e3f   Thumb Code     2  stm32l0xx_hal_uart_ex.o(i.HAL_UARTEx_WakeupCallback)
    HAL_UART_ErrorCallback                   0x08001e41   Thumb Code     2  stm32l0xx_hal_uart.o(i.HAL_UART_ErrorCallback)
    HAL_UART_IRQHandler                      0x08001e45   Thumb Code   692  stm32l0xx_hal_uart.o(i.HAL_UART_IRQHandler)
    HAL_UART_Init                            0x08002105   Thumb Code   106  stm32l0xx_hal_uart.o(i.HAL_UART_Init)
    HAL_UART_MspInit                         0x08002171   Thumb Code   150  stm32l0xx_hal_msp.o(i.HAL_UART_MspInit)
    HAL_UART_Receive                         0x08002219   Thumb Code   258  stm32l0xx_hal_uart.o(i.HAL_UART_Receive)
    HAL_UART_Receive_IT                      0x08002321   Thumb Code    94  stm32l0xx_hal_uart.o(i.HAL_UART_Receive_IT)
    HAL_UART_RxCpltCallback                  0x08002385   Thumb Code    94  uart.o(i.HAL_UART_RxCpltCallback)
    HAL_UART_Transmit                        0x080023f9   Thumb Code   192  stm32l0xx_hal_uart.o(i.HAL_UART_Transmit)
    HAL_UART_TxCpltCallback                  0x080024b9   Thumb Code     2  stm32l0xx_hal_uart.o(i.HAL_UART_TxCpltCallback)
    HardFault_Handler                        0x080024bb   Thumb Code     2  stm32l0xx_it.o(i.HardFault_Handler)
    MX_USART1_UART_Init                      0x080024bd   Thumb Code    52  uart.o(i.MX_USART1_UART_Init)
    MX_USART2_UART_Init                      0x080024f9   Thumb Code    48  uart.o(i.MX_USART2_UART_Init)
    NMI_Handler                              0x08002531   Thumb Code     2  stm32l0xx_it.o(i.NMI_Handler)
    PendSV_Handler                           0x08002533   Thumb Code     2  stm32l0xx_it.o(i.PendSV_Handler)
    SVC_Handler                              0x08002535   Thumb Code     2  stm32l0xx_it.o(i.SVC_Handler)
    SysTick_Handler                          0x08002537   Thumb Code     8  stm32l0xx_it.o(i.SysTick_Handler)
    SystemClock_Config                       0x08002541   Thumb Code   132  main.o(i.SystemClock_Config)
    SystemInit                               0x080025c9   Thumb Code     2  system_stm32l0xx.o(i.SystemInit)
    UART1_GetBuffer                          0x080025cd   Thumb Code    10  uart.o(i.UART1_GetBuffer)
    UART1_GetLength                          0x080025e1   Thumb Code     6  uart.o(i.UART1_GetLength)
    UART1_IsFrameReceived                    0x080025ed   Thumb Code     6  uart.o(i.UART1_IsFrameReceived)
    UART2_GetBuffer                          0x080025f9   Thumb Code    10  uart.o(i.UART2_GetBuffer)
    UART2_IsFrameReceived                    0x0800260d   Thumb Code     6  uart.o(i.UART2_IsFrameReceived)
    UART_AdvFeatureConfig                    0x08002619   Thumb Code   202  stm32l0xx_hal_uart.o(i.UART_AdvFeatureConfig)
    UART_CheckIdleState                      0x080026e5   Thumb Code   190  stm32l0xx_hal_uart.o(i.UART_CheckIdleState)
    UART_SetConfig                           0x080029c9   Thumb Code   480  stm32l0xx_hal_uart.o(i.UART_SetConfig)
    UART_StartReception                      0x08002bc9   Thumb Code    78  uart.o(i.UART_StartReception)
    UART_Start_Receive_IT                    0x08002c41   Thumb Code   188  stm32l0xx_hal_uart.o(i.UART_Start_Receive_IT)
    UART_WaitOnFlagUntilTimeout              0x08002d09   Thumb Code   150  stm32l0xx_hal_uart.o(i.UART_WaitOnFlagUntilTimeout)
    USART1_IRQHandler                        0x08002da1   Thumb Code    10  stm32l0xx_it.o(i.USART1_IRQHandler)
    USART2_IRQHandler                        0x08002db1   Thumb Code    10  stm32l0xx_it.o(i.USART2_IRQHandler)
    __ARM_common_switch8                     0x08002dc1   Thumb Code    26  stm32l0xx_hal_uart.o(i.__ARM_common_switch8)
    _is_digit                                0x08002e21   Thumb Code    14  __printf_wp.o(i._is_digit)
    fputc                                    0x08002e31   Thumb Code    18  main.o(i.fputc)
    main                                     0x08002e49   Thumb Code   202  main.o(i.main)
    AHBPrescTable                            0x08002f90   Data          16  system_stm32l0xx.o(.constdata)
    PLLMulTable                              0x08002fa0   Data           9  system_stm32l0xx.o(.constdata)
    APBPrescTable                            0x08002fa9   Data           8  system_stm32l0xx.o(.constdata)
    __stdin_name                             0x08002fea   Data           4  sys_io.o(.constdata)
    __stdout_name                            0x08002fee   Data           4  sys_io.o(.constdata)
    __stderr_name                            0x08002ff2   Data           4  sys_io.o(.constdata)
    Region$$Table$$Base                      0x08002ff8   Number         0  anon$$obj.o(Region$$Table)
    Region$$Table$$Limit                     0x08003018   Number         0  anon$$obj.o(Region$$Table)
    cr95hf_uid_length                        0x20000000   Data           1  uart.o(.data)
    uwTickFreq                               0x20000018   Data           1  stm32l0xx_hal.o(.data)
    uwTickPrio                               0x2000001c   Data           4  stm32l0xx_hal.o(.data)
    uwTick                                   0x20000020   Data           4  stm32l0xx_hal.o(.data)
    SystemCoreClock                          0x20000024   Data           4  system_stm32l0xx.o(.data)
    __aeabi_stdin                            0x20000028   Data           4  stdio_streams.o(.data)
    __aeabi_stdout                           0x2000002c   Data           4  stdio_streams.o(.data)
    __aeabi_stderr                           0x20000030   Data           4  stdio_streams.o(.data)
    huart1                                   0x20000034   Data         136  uart.o(.bss)
    huart2                                   0x200000bc   Data         136  uart.o(.bss)
    cr95hf_tx_buf                            0x20000144   Data          32  uart.o(.bss)
    cr95hf_rx_buf                            0x20000164   Data          32  uart.o(.bss)
    cr95hf_full_uid                          0x20000184   Data          10  uart.o(.bss)
    __stdin                                  0x20000290   Data          84  stdio_streams.o(.bss)
    __stdout                                 0x200002e4   Data          84  stdio_streams.o(.bss)
    __stderr                                 0x20000338   Data          84  stdio_streams.o(.bss)
    __libspace_start                         0x2000038c   Data          96  libspace.o(.bss)
    __temporary_stack_top$libspace           0x200003ec   Data           0  libspace.o(.bss)



==============================================================================

Memory Map of the image

  Image Entry point : 0x080000c1

  Load Region LR_IROM1 (Base: 0x08000000, Size: 0x0000304c, Max: 0x00010000, ABSOLUTE)

    Execution Region ER_IROM1 (Exec base: 0x08000000, Load base: 0x08000000, Size: 0x00003018, Max: 0x00010000, ABSOLUTE)

    Exec Addr    Load Addr    Size         Type   Attr      Idx    E Section Name        Object

    0x08000000   0x08000000   0x000000c0   Data   RO            3    RESET               startup_stm32l062xx.o
    0x080000c0   0x080000c0   0x00000008   Code   RO         2201  * !!!main             c_p.l(__main.o)
    0x080000c8   0x080000c8   0x0000003c   Code   RO         2536    !!!scatter          c_p.l(__scatter.o)
    0x08000104   0x08000104   0x0000001a   Code   RO         2538    !!handler_copy      c_p.l(__scatter_copy.o)
    0x0800011e   0x0800011e   0x00000002   PAD
    0x08000120   0x08000120   0x0000001c   Code   RO         2540    !!handler_zi        c_p.l(__scatter_zi.o)
    0x0800013c   0x0800013c   0x00000002   Code   RO         2188    .ARM.Collect$$_printf_percent$$00000000  c_p.l(_printf_percent.o)
    0x0800013e   0x0800013e   0x0000000a   Code   RO         2187    .ARM.Collect$$_printf_percent$$0000000C  c_p.l(_printf_x.o)
    0x08000148   0x08000148   0x00000004   Code   RO         2216    .ARM.Collect$$_printf_percent$$00000017  c_p.l(_printf_percent_end.o)
    0x0800014c   0x0800014c   0x00000002   Code   RO         2344    .ARM.Collect$$libinit$$00000000  c_p.l(libinit.o)
    0x0800014e   0x0800014e   0x00000000   Code   RO         2346    .ARM.Collect$$libinit$$00000002  c_p.l(libinit2.o)
    0x0800014e   0x0800014e   0x00000000   Code   RO         2348    .ARM.Collect$$libinit$$00000004  c_p.l(libinit2.o)
    0x0800014e   0x0800014e   0x00000008   Code   RO         2349    .ARM.Collect$$libinit$$00000005  c_p.l(libinit2.o)
    0x08000156   0x08000156   0x00000000   Code   RO         2351    .ARM.Collect$$libinit$$0000000A  c_p.l(libinit2.o)
    0x08000156   0x08000156   0x00000000   Code   RO         2353    .ARM.Collect$$libinit$$0000000C  c_p.l(libinit2.o)
    0x08000156   0x08000156   0x00000000   Code   RO         2355    .ARM.Collect$$libinit$$0000000E  c_p.l(libinit2.o)
    0x08000156   0x08000156   0x00000000   Code   RO         2358    .ARM.Collect$$libinit$$00000011  c_p.l(libinit2.o)
    0x08000156   0x08000156   0x00000000   Code   RO         2360    .ARM.Collect$$libinit$$00000013  c_p.l(libinit2.o)
    0x08000156   0x08000156   0x00000000   Code   RO         2362    .ARM.Collect$$libinit$$00000015  c_p.l(libinit2.o)
    0x08000156   0x08000156   0x00000000   Code   RO         2364    .ARM.Collect$$libinit$$00000017  c_p.l(libinit2.o)
    0x08000156   0x08000156   0x00000000   Code   RO         2366    .ARM.Collect$$libinit$$00000019  c_p.l(libinit2.o)
    0x08000156   0x08000156   0x00000000   Code   RO         2368    .ARM.Collect$$libinit$$0000001B  c_p.l(libinit2.o)
    0x08000156   0x08000156   0x00000000   Code   RO         2370    .ARM.Collect$$libinit$$0000001D  c_p.l(libinit2.o)
    0x08000156   0x08000156   0x00000000   Code   RO         2372    .ARM.Collect$$libinit$$0000001F  c_p.l(libinit2.o)
    0x08000156   0x08000156   0x00000000   Code   RO         2374    .ARM.Collect$$libinit$$00000021  c_p.l(libinit2.o)
    0x08000156   0x08000156   0x00000000   Code   RO         2376    .ARM.Collect$$libinit$$00000023  c_p.l(libinit2.o)
    0x08000156   0x08000156   0x00000004   Code   RO         2377    .ARM.Collect$$libinit$$00000024  c_p.l(libinit2.o)
    0x0800015a   0x0800015a   0x00000000   Code   RO         2378    .ARM.Collect$$libinit$$00000025  c_p.l(libinit2.o)
    0x0800015a   0x0800015a   0x00000000   Code   RO         2382    .ARM.Collect$$libinit$$0000002C  c_p.l(libinit2.o)
    0x0800015a   0x0800015a   0x00000000   Code   RO         2384    .ARM.Collect$$libinit$$0000002E  c_p.l(libinit2.o)
    0x0800015a   0x0800015a   0x00000000   Code   RO         2386    .ARM.Collect$$libinit$$00000030  c_p.l(libinit2.o)
    0x0800015a   0x0800015a   0x00000000   Code   RO         2388    .ARM.Collect$$libinit$$00000032  c_p.l(libinit2.o)
    0x0800015a   0x0800015a   0x00000002   Code   RO         2389    .ARM.Collect$$libinit$$00000033  c_p.l(libinit2.o)
    0x0800015c   0x0800015c   0x00000002   Code   RO         2517    .ARM.Collect$$libshutdown$$00000000  c_p.l(libshutdown.o)
    0x0800015e   0x0800015e   0x00000000   Code   RO         2391    .ARM.Collect$$libshutdown$$00000002  c_p.l(libshutdown2.o)
    0x0800015e   0x0800015e   0x00000004   Code   RO         2392    .ARM.Collect$$libshutdown$$00000003  c_p.l(libshutdown2.o)
    0x08000162   0x08000162   0x00000000   Code   RO         2393    .ARM.Collect$$libshutdown$$00000004  c_p.l(libshutdown2.o)
    0x08000162   0x08000162   0x00000000   Code   RO         2396    .ARM.Collect$$libshutdown$$00000007  c_p.l(libshutdown2.o)
    0x08000162   0x08000162   0x00000000   Code   RO         2399    .ARM.Collect$$libshutdown$$0000000A  c_p.l(libshutdown2.o)
    0x08000162   0x08000162   0x00000000   Code   RO         2401    .ARM.Collect$$libshutdown$$0000000C  c_p.l(libshutdown2.o)
    0x08000162   0x08000162   0x00000000   Code   RO         2404    .ARM.Collect$$libshutdown$$0000000F  c_p.l(libshutdown2.o)
    0x08000162   0x08000162   0x00000002   Code   RO         2405    .ARM.Collect$$libshutdown$$00000010  c_p.l(libshutdown2.o)
    0x08000164   0x08000164   0x00000000   Code   RO         2203    .ARM.Collect$$rtentry$$00000000  c_p.l(__rtentry.o)
    0x08000164   0x08000164   0x00000000   Code   RO         2224    .ARM.Collect$$rtentry$$00000002  c_p.l(__rtentry2.o)
    0x08000164   0x08000164   0x00000006   Code   RO         2236    .ARM.Collect$$rtentry$$00000004  c_p.l(__rtentry4.o)
    0x0800016a   0x0800016a   0x00000000   Code   RO         2226    .ARM.Collect$$rtentry$$00000009  c_p.l(__rtentry2.o)
    0x0800016a   0x0800016a   0x00000004   Code   RO         2227    .ARM.Collect$$rtentry$$0000000A  c_p.l(__rtentry2.o)
    0x0800016e   0x0800016e   0x00000000   Code   RO         2229    .ARM.Collect$$rtentry$$0000000C  c_p.l(__rtentry2.o)
    0x0800016e   0x0800016e   0x00000008   Code   RO         2230    .ARM.Collect$$rtentry$$0000000D  c_p.l(__rtentry2.o)
    0x08000176   0x08000176   0x00000002   Code   RO         2413    .ARM.Collect$$rtexit$$00000000  c_p.l(rtexit.o)
    0x08000178   0x08000178   0x00000000   Code   RO         2463    .ARM.Collect$$rtexit$$00000002  c_p.l(rtexit2.o)
    0x08000178   0x08000178   0x00000004   Code   RO         2464    .ARM.Collect$$rtexit$$00000003  c_p.l(rtexit2.o)
    0x0800017c   0x0800017c   0x00000006   Code   RO         2465    .ARM.Collect$$rtexit$$00000004  c_p.l(rtexit2.o)
    0x08000182   0x08000182   0x00000002   PAD
    0x08000184   0x08000184   0x00000038   Code   RO         2189    .emb_text           c_p.l(rt_memcpy.o)
    0x080001bc   0x080001bc   0x00000000   Code   RO         2469    .emb_text           c_p.l(maybetermalloc1.o)
    0x080001bc   0x080001bc   0x00000038   Code   RO            4    .text               startup_stm32l062xx.o
    0x080001f4   0x080001f4   0x00000102   Code   RO         2136    .text               c_p.l(lludiv.o)
    0x080002f6   0x080002f6   0x00000002   PAD
    0x080002f8   0x080002f8   0x0000001c   Code   RO         2140    .text               c_p.l(noretval__2printf.o)
    0x08000314   0x08000314   0x0000004e   Code   RO         2144    .text               c_p.l(_printf_pad.o)
    0x08000362   0x08000362   0x00000002   PAD
    0x08000364   0x08000364   0x00000058   Code   RO         2149    .text               c_p.l(_printf_hex_int.o)
    0x080003bc   0x080003bc   0x00000138   Code   RO         2179    .text               c_p.l(__printf_flags_wp.o)
    0x080004f4   0x080004f4   0x00000082   Code   RO         2190    .text               c_p.l(rt_memcpy.o)
    0x08000576   0x08000576   0x00000040   Code   RO         2193    .text               c_p.l(rt_memclr.o)
    0x080005b6   0x080005b6   0x0000015a   Code   RO         2195    .text               c_p.l(aeabi_sdiv.o)
    0x08000710   0x08000710   0x00000006   Code   RO         2199    .text               c_p.l(heapauxi.o)
    0x08000716   0x08000716   0x000000b0   Code   RO         2212    .text               c_p.l(_printf_intcommon.o)
    0x080007c6   0x080007c6   0x00000002   PAD
    0x080007c8   0x080007c8   0x00000028   Code   RO         2214    .text               c_p.l(_printf_char_file.o)
    0x080007f0   0x080007f0   0x00000030   Code   RO         2240    .text               c_p.l(_printf_char_common.o)
    0x08000820   0x08000820   0x00000008   Code   RO         2242    .text               c_p.l(ferror.o)
    0x08000828   0x08000828   0x0000013c   Code   RO         2244    .text               c_p.l(initio.o)
    0x08000964   0x08000964   0x00000066   Code   RO         2250    .text               c_p.l(sys_io.o)
    0x080009ca   0x080009ca   0x0000003e   Code   RO         2257    .text               c_p.l(sys_stackheap_outer.o)
    0x08000a08   0x08000a08   0x0000004c   Code   RO         2262    .text               c_p.l(h1_free.o)
    0x08000a54   0x08000a54   0x0000004c   Code   RO         2318    .text               c_p.l(setvbuf.o)
    0x08000aa0   0x08000aa0   0x000000e8   Code   RO         2321    .text               c_p.l(fopen.o)
    0x08000b88   0x08000b88   0x0000004c   Code   RO         2323    .text               c_p.l(fclose.o)
    0x08000bd4   0x08000bd4   0x00000010   Code   RO         2329    .text               c_p.l(exit.o)
    0x08000be4   0x08000be4   0x0000000c   Code   RO         2335    .text               c_p.l(defsig_rtred_outer.o)
    0x08000bf0   0x08000bf0   0x00000008   Code   RO         2406    .text               c_p.l(libspace.o)
    0x08000bf8   0x08000bf8   0x00000002   Code   RO         2409    .text               c_p.l(use_no_semi.o)
    0x08000bfa   0x08000bfa   0x00000000   Code   RO         2411    .text               c_p.l(indicate_semi.o)
    0x08000bfa   0x08000bfa   0x00000002   PAD
    0x08000bfc   0x08000bfc   0x00000008   Code   RO         2420    .text               c_p.l(rt_heap_descriptor_intlibspace.o)
    0x08000c04   0x08000c04   0x00000004   Code   RO         2422    .text               c_p.l(hguard.o)
    0x08000c08   0x08000c08   0x00000088   Code   RO         2424    .text               c_p.l(init_alloc.o)
    0x08000c90   0x08000c90   0x00000062   Code   RO         2430    .text               c_p.l(h1_alloc.o)
    0x08000cf2   0x08000cf2   0x00000002   PAD
    0x08000cf4   0x08000cf4   0x000000f4   Code   RO         2444    .text               c_p.l(fseek.o)
    0x08000de8   0x08000de8   0x000000f0   Code   RO         2446    .text               c_p.l(stdio.o)
    0x08000ed8   0x08000ed8   0x0000000c   Code   RO         2448    .text               c_p.l(defsig_exit.o)
    0x08000ee4   0x08000ee4   0x00000034   Code   RO         2452    .text               c_p.l(defsig_rtred_inner.o)
    0x08000f18   0x08000f18   0x00000044   Code   RO         2454    .text               c_p.l(strlen.o)
    0x08000f5c   0x08000f5c   0x0000000c   Code   RO         2460    .text               c_p.l(sys_exit.o)
    0x08000f68   0x08000f68   0x0000000e   Code   RO         2471    .text               c_p.l(h1_init.o)
    0x08000f76   0x08000f76   0x00000034   Code   RO         2473    .text               c_p.l(h1_extend.o)
    0x08000faa   0x08000faa   0x00000042   Code   RO         2479    .text               c_p.l(ftell.o)
    0x08000fec   0x08000fec   0x00000034   Code   RO         2483    .text               c_p.l(defsig_general.o)
    0x08001020   0x08001020   0x0000000c   Code   RO         2485    .text               c_p.l(defsig_rtmem_outer.o)
    0x0800102c   0x0800102c   0x0000000c   Code   RO         2498    .text               c_p.l(sys_wrch.o)
    0x08001038   0x08001038   0x00000008   Code   RO         2505    .text               c_p.l(rt_errno_addr_intlibspace.o)
    0x08001040   0x08001040   0x00000050   Code   RO         2511    .text               c_p.l(defsig_rtmem_inner.o)
    0x08001090   0x08001090   0x00000040   Code   RO          256    i.CR95HF_Anticollision  uart.o
    0x080010d0   0x080010d0   0x00000048   Code   RO          257    i.CR95HF_Echo       uart.o
    0x08001118   0x08001118   0x00000084   Code   RO          258    i.CR95HF_GetUID     uart.o
    0x0800119c   0x0800119c   0x00000020   Code   RO          259    i.CR95HF_IsTransactionDone  uart.o
    0x080011bc   0x080011bc   0x00000018   Code   RO          260    i.CR95HF_REQA       uart.o
    0x080011d4   0x080011d4   0x00000040   Code   RO          261    i.CR95HF_Select     uart.o
    0x08001214   0x08001214   0x0000001c   Code   RO          262    i.CR95HF_SelectProtocol_ISO14443A  uart.o
    0x08001230   0x08001230   0x00000024   Code   RO          263    i.CR95HF_Send       uart.o
    0x08001254   0x08001254   0x00000030   Code   RO          264    i.CR95HF_SendCommand  uart.o
    0x08001284   0x08001284   0x00000004   Code   RO           12    i.Error_Handler     main.o
    0x08001288   0x08001288   0x00000044   Code   RO         1648    i.HAL_DMA_Abort     stm32l0xx_hal_dma.o
    0x080012cc   0x080012cc   0x0000004c   Code   RO         1649    i.HAL_DMA_Abort_IT  stm32l0xx_hal_dma.o
    0x08001318   0x08001318   0x00000024   Code   RO          886    i.HAL_Delay         stm32l0xx_hal.o
    0x0800133c   0x0800133c   0x000001b0   Code   RO         1588    i.HAL_GPIO_Init     stm32l0xx_hal_gpio.o
    0x080014ec   0x080014ec   0x0000000c   Code   RO          890    i.HAL_GetTick       stm32l0xx_hal.o
    0x080014f8   0x080014f8   0x00000010   Code   RO          896    i.HAL_IncTick       stm32l0xx_hal.o
    0x08001508   0x08001508   0x00000028   Code   RO          897    i.HAL_Init          stm32l0xx_hal.o
    0x08001530   0x08001530   0x00000044   Code   RO          898    i.HAL_InitTick      stm32l0xx_hal.o
    0x08001574   0x08001574   0x00000018   Code   RO          212    i.HAL_MspInit       stm32l0xx_hal_msp.o
    0x0800158c   0x0800158c   0x00000018   Code   RO         1917    i.HAL_NVIC_EnableIRQ  stm32l0xx_hal_cortex.o
    0x080015a4   0x080015a4   0x00000008   Code   RO         1921    i.HAL_NVIC_SetPriority  stm32l0xx_hal_cortex.o
    0x080015ac   0x080015ac   0x0000017c   Code   RO         1221    i.HAL_RCCEx_PeriphCLKConfig  stm32l0xx_hal_rcc_ex.o
    0x08001728   0x08001728   0x0000019c   Code   RO         1112    i.HAL_RCC_ClockConfig  stm32l0xx_hal_rcc.o
    0x080018c4   0x080018c4   0x00000020   Code   RO         1118    i.HAL_RCC_GetPCLK1Freq  stm32l0xx_hal_rcc.o
    0x080018e4   0x080018e4   0x00000020   Code   RO         1119    i.HAL_RCC_GetPCLK2Freq  stm32l0xx_hal_rcc.o
    0x08001904   0x08001904   0x00000078   Code   RO         1120    i.HAL_RCC_GetSysClockFreq  stm32l0xx_hal_rcc.o
    0x0800197c   0x0800197c   0x0000048e   Code   RO         1123    i.HAL_RCC_OscConfig  stm32l0xx_hal_rcc.o
    0x08001e0a   0x08001e0a   0x00000002   PAD
    0x08001e0c   0x08001e0c   0x00000030   Code   RO         1925    i.HAL_SYSTICK_Config  stm32l0xx_hal_cortex.o
    0x08001e3c   0x08001e3c   0x00000002   Code   RO          407    i.HAL_UARTEx_RxEventCallback  stm32l0xx_hal_uart.o
    0x08001e3e   0x08001e3e   0x00000002   Code   RO          802    i.HAL_UARTEx_WakeupCallback  stm32l0xx_hal_uart_ex.o
    0x08001e40   0x08001e40   0x00000002   Code   RO          423    i.HAL_UART_ErrorCallback  stm32l0xx_hal_uart.o
    0x08001e42   0x08001e42   0x00000002   PAD
    0x08001e44   0x08001e44   0x000002c0   Code   RO          426    i.HAL_UART_IRQHandler  stm32l0xx_hal_uart.o
    0x08002104   0x08002104   0x0000006a   Code   RO          427    i.HAL_UART_Init     stm32l0xx_hal_uart.o
    0x0800216e   0x0800216e   0x00000002   PAD
    0x08002170   0x08002170   0x000000a8   Code   RO          214    i.HAL_UART_MspInit  stm32l0xx_hal_msp.o
    0x08002218   0x08002218   0x00000108   Code   RO          430    i.HAL_UART_Receive  stm32l0xx_hal_uart.o
    0x08002320   0x08002320   0x00000064   Code   RO          432    i.HAL_UART_Receive_IT  stm32l0xx_hal_uart.o
    0x08002384   0x08002384   0x00000074   Code   RO          265    i.HAL_UART_RxCpltCallback  uart.o
    0x080023f8   0x080023f8   0x000000c0   Code   RO          436    i.HAL_UART_Transmit  stm32l0xx_hal_uart.o
    0x080024b8   0x080024b8   0x00000002   Code   RO          439    i.HAL_UART_TxCpltCallback  stm32l0xx_hal_uart.o
    0x080024ba   0x080024ba   0x00000002   Code   RO          152    i.HardFault_Handler  stm32l0xx_it.o
    0x080024bc   0x080024bc   0x0000003c   Code   RO          266    i.MX_USART1_UART_Init  uart.o
    0x080024f8   0x080024f8   0x00000038   Code   RO          267    i.MX_USART2_UART_Init  uart.o
    0x08002530   0x08002530   0x00000002   Code   RO          153    i.NMI_Handler       stm32l0xx_it.o
    0x08002532   0x08002532   0x00000002   Code   RO          154    i.PendSV_Handler    stm32l0xx_it.o
    0x08002534   0x08002534   0x00000002   Code   RO          155    i.SVC_Handler       stm32l0xx_it.o
    0x08002536   0x08002536   0x00000008   Code   RO          156    i.SysTick_Handler   stm32l0xx_it.o
    0x0800253e   0x0800253e   0x00000002   PAD
    0x08002540   0x08002540   0x00000088   Code   RO           13    i.SystemClock_Config  main.o
    0x080025c8   0x080025c8   0x00000002   Code   RO         2103    i.SystemInit        system_stm32l0xx.o
    0x080025ca   0x080025ca   0x00000002   PAD
    0x080025cc   0x080025cc   0x00000014   Code   RO          268    i.UART1_GetBuffer   uart.o
    0x080025e0   0x080025e0   0x0000000c   Code   RO          269    i.UART1_GetLength   uart.o
    0x080025ec   0x080025ec   0x0000000c   Code   RO          270    i.UART1_IsFrameReceived  uart.o
    0x080025f8   0x080025f8   0x00000014   Code   RO          272    i.UART2_GetBuffer   uart.o
    0x0800260c   0x0800260c   0x0000000c   Code   RO          274    i.UART2_IsFrameReceived  uart.o
    0x08002618   0x08002618   0x000000ca   Code   RO          441    i.UART_AdvFeatureConfig  stm32l0xx_hal_uart.o
    0x080026e2   0x080026e2   0x00000002   PAD
    0x080026e4   0x080026e4   0x000000c4   Code   RO          442    i.UART_CheckIdleState  stm32l0xx_hal_uart.o
    0x080027a8   0x080027a8   0x00000010   Code   RO          443    i.UART_DMAAbortOnError  stm32l0xx_hal_uart.o
    0x080027b8   0x080027b8   0x00000060   Code   RO          453    i.UART_EndRxTransfer  stm32l0xx_hal_uart.o
    0x08002818   0x08002818   0x000000d8   Code   RO          455    i.UART_RxISR_16BIT  stm32l0xx_hal_uart.o
    0x080028f0   0x080028f0   0x000000d8   Code   RO          456    i.UART_RxISR_8BIT   stm32l0xx_hal_uart.o
    0x080029c8   0x080029c8   0x00000200   Code   RO          457    i.UART_SetConfig    stm32l0xx_hal_uart.o
    0x08002bc8   0x08002bc8   0x00000078   Code   RO          275    i.UART_StartReception  uart.o
    0x08002c40   0x08002c40   0x000000c8   Code   RO          459    i.UART_Start_Receive_IT  stm32l0xx_hal_uart.o
    0x08002d08   0x08002d08   0x00000096   Code   RO          462    i.UART_WaitOnFlagUntilTimeout  stm32l0xx_hal_uart.o
    0x08002d9e   0x08002d9e   0x00000002   PAD
    0x08002da0   0x08002da0   0x00000010   Code   RO          157    i.USART1_IRQHandler  stm32l0xx_it.o
    0x08002db0   0x08002db0   0x00000010   Code   RO          158    i.USART2_IRQHandler  stm32l0xx_it.o
    0x08002dc0   0x08002dc0   0x0000001a   Code   RO          781    i.__ARM_common_switch8  stm32l0xx_hal_uart.o
    0x08002dda   0x08002dda   0x00000002   PAD
    0x08002ddc   0x08002ddc   0x00000044   Code   RO         1927    i.__NVIC_SetPriority  stm32l0xx_hal_cortex.o
    0x08002e20   0x08002e20   0x0000000e   Code   RO         2177    i._is_digit         c_p.l(__printf_wp.o)
    0x08002e2e   0x08002e2e   0x00000002   PAD
    0x08002e30   0x08002e30   0x00000018   Code   RO           14    i.fputc             main.o
    0x08002e48   0x08002e48   0x00000148   Code   RO           15    i.main              main.o
    0x08002f90   0x08002f90   0x00000019   Data   RO         2104    .constdata          system_stm32l0xx.o
    0x08002fa9   0x08002fa9   0x00000008   Data   RO         2105    .constdata          system_stm32l0xx.o
    0x08002fb1   0x08002fb1   0x00000028   Data   RO         2150    .constdata          c_p.l(_printf_hex_int.o)
    0x08002fd9   0x08002fd9   0x00000011   Data   RO         2180    .constdata          c_p.l(__printf_flags_wp.o)
    0x08002fea   0x08002fea   0x00000004   Data   RO         2251    .constdata          c_p.l(sys_io.o)
    0x08002fee   0x08002fee   0x00000004   Data   RO         2252    .constdata          c_p.l(sys_io.o)
    0x08002ff2   0x08002ff2   0x00000004   Data   RO         2253    .constdata          c_p.l(sys_io.o)
    0x08002ff6   0x08002ff6   0x00000002   PAD
    0x08002ff8   0x08002ff8   0x00000020   Data   RO         2534    Region$$Table       anon$$obj.o


    Execution Region RW_IRAM1 (Exec base: 0x20000000, Load base: 0x08003018, Size: 0x000009f0, Max: 0x00002000, ABSOLUTE)

    Exec Addr    Load Addr    Size         Type   Attr      Idx    E Section Name        Object

    0x20000000   0x08003018   0x00000018   Data   RW          277    .data               uart.o
    0x20000018   0x08003030   0x0000000c   Data   RW          908    .data               stm32l0xx_hal.o
    0x20000024   0x0800303c   0x00000004   Data   RW         2106    .data               system_stm32l0xx.o
    0x20000028   0x08003040   0x00000004   Data   RW         2220    .data               c_p.l(stdio_streams.o)
    0x2000002c   0x08003044   0x00000004   Data   RW         2221    .data               c_p.l(stdio_streams.o)
    0x20000030   0x08003048   0x00000004   Data   RW         2222    .data               c_p.l(stdio_streams.o)
    0x20000034        -       0x0000025a   Zero   RW          276    .bss                uart.o
    0x2000028e   0x0800304c   0x00000002   PAD
    0x20000290        -       0x00000054   Zero   RW         2217    .bss                c_p.l(stdio_streams.o)
    0x200002e4        -       0x00000054   Zero   RW         2218    .bss                c_p.l(stdio_streams.o)
    0x20000338        -       0x00000054   Zero   RW         2219    .bss                c_p.l(stdio_streams.o)
    0x2000038c        -       0x00000060   Zero   RW         2407    .bss                c_p.l(libspace.o)
    0x200003ec   0x0800304c   0x00000004   PAD
    0x200003f0        -       0x00000200   Zero   RW            2    HEAP                startup_stm32l062xx.o
    0x200005f0        -       0x00000400   Zero   RW            1    STACK               startup_stm32l062xx.o


==============================================================================

Image component sizes


      Code (inc. data)   RO Data    RW Data    ZI Data      Debug   Object Name

       492        136          0          0          0     348087   main.o
        56         26        192          0       1536        628   startup_stm32l062xx.o
       172         28          0         12          0       8549   stm32l0xx_hal.o
       148         24          0          0          0      12045   stm32l0xx_hal_cortex.o
       144          0          0          0          0       1687   stm32l0xx_hal_dma.o
       432         30          0          0          0       1460   stm32l0xx_hal_gpio.o
       192         22          0          0          0       1461   stm32l0xx_hal_msp.o
      1762        102          0          0          0       5548   stm32l0xx_hal_rcc.o
       380         12          0          0          0       1444   stm32l0xx_hal_rcc_ex.o
      3202        106          0          0          0      22592   stm32l0xx_hal_uart.o
         2          0          0          0          0        984   stm32l0xx_hal_uart_ex.o
        48         12          0          0          0       2983   stm32l0xx_it.o
         2          0         33          4          0       1139   system_stm32l0xx.o
       928        180          0         24        602      10691   uart.o

    ----------------------------------------------------------------------
      7976        678        257         40       2140     419298   Object Totals
         0          0         32          0          0          0   (incl. Generated)
        16          0          0          0          2          0   (incl. Padding)

    ----------------------------------------------------------------------

      Code (inc. data)   RO Data    RW Data    ZI Data      Debug   Library Member Name

         8          0          0          0          0         68   __main.o
       312          6         17          0          0         76   __printf_flags_wp.o
        14          0          0          0          0         60   __printf_wp.o
         0          0          0          0          0          0   __rtentry.o
        12          0          0          0          0          0   __rtentry2.o
         6          0          0          0          0          0   __rtentry4.o
        60          8          0          0          0          0   __scatter.o
        26          0          0          0          0          0   __scatter_copy.o
        28          0          0          0          0          0   __scatter_zi.o
        48          6          0          0          0         88   _printf_char_common.o
        40          6          0          0          0         72   _printf_char_file.o
        88          4         40          0          0         72   _printf_hex_int.o
       176          0          0          0          0         84   _printf_intcommon.o
        78          0          0          0          0        100   _printf_pad.o
         2          0          0          0          0          0   _printf_percent.o
         4          0          0          0          0          0   _printf_percent_end.o
        10          0          0          0          0          0   _printf_x.o
       346          0          0          0          0         92   aeabi_sdiv.o
        12          0          0          0          0         68   defsig_exit.o
        52          0          0          0          0         72   defsig_general.o
        80         58          0          0          0         68   defsig_rtmem_inner.o
        12          0          0          0          0         68   defsig_rtmem_outer.o
        52         38          0          0          0         68   defsig_rtred_inner.o
        12          0          0          0          0         68   defsig_rtred_outer.o
        16          0          0          0          0         68   exit.o
        76          4          0          0          0         76   fclose.o
         8          0          0          0          0         60   ferror.o
       232          8          0          0          0        108   fopen.o
       244          4          0          0          0         76   fseek.o
        66          0          0          0          0         68   ftell.o
        98          0          0          0          0         72   h1_alloc.o
        52          0          0          0          0         68   h1_extend.o
        76          0          0          0          0         72   h1_free.o
        14          0          0          0          0         76   h1_init.o
         6          0          0          0          0        136   heapauxi.o
         4          0          0          0          0        120   hguard.o
         0          0          0          0          0          0   indicate_semi.o
       136          0          0          0          0        160   init_alloc.o
       316         44          0          0          0         96   initio.o
         2          0          0          0          0          0   libinit.o
        14          0          0          0          0          0   libinit2.o
         2          0          0          0          0          0   libshutdown.o
         6          0          0          0          0          0   libshutdown2.o
         8          4          0          0         96         68   libspace.o
       258          0          0          0          0         88   lludiv.o
         0          0          0          0          0          0   maybetermalloc1.o
        28          6          0          0          0         84   noretval__2printf.o
         8          4          0          0          0         68   rt_errno_addr_intlibspace.o
         8          4          0          0          0         68   rt_heap_descriptor_intlibspace.o
        64          0          0          0          0        108   rt_memclr.o
       186          0          0          0          0        144   rt_memcpy.o
         2          0          0          0          0          0   rtexit.o
        10          0          0          0          0          0   rtexit2.o
        76          4          0          0          0         72   setvbuf.o
       240          8          0          0          0        144   stdio.o
         0          0          0         12        252          0   stdio_streams.o
        68          6          0          0          0         72   strlen.o
        12          4          0          0          0         60   sys_exit.o
       102          0         12          0          0        232   sys_io.o
        62          0          0          0          0         80   sys_stackheap_outer.o
        12          0          0          0          0         68   sys_wrch.o
         2          0          0          0          0         68   use_no_semi.o

    ----------------------------------------------------------------------
      4008        226         71         12        352       3804   Library Totals
        16          0          2          0          4          0   (incl. Padding)

    ----------------------------------------------------------------------

      Code (inc. data)   RO Data    RW Data    ZI Data      Debug   Library Name

      3992        226         69         12        348       3804   c_p.l

    ----------------------------------------------------------------------
      4008        226         71         12        352       3804   Library Totals

    ----------------------------------------------------------------------

==============================================================================


      Code (inc. data)   RO Data    RW Data    ZI Data      Debug   

     11984        904        328         52       2492     418402   Grand Totals
     11984        904        328         52       2492     418402   ELF Image Totals
     11984        904        328         52          0          0   ROM Totals

==============================================================================

    Total RO  Size (Code + RO Data)                12312 (  12.02kB)
    Total RW  Size (RW Data + ZI Data)              2544 (   2.48kB)
    Total ROM Size (Code + RO Data + RW Data)      12364 (  12.07kB)

==============================================================================

