<html>
<body>
<pre>
<h1>µVision Build Log</h1>
<h2>Tool Versions:</h2>
IDE-Version: µVision V5.29.0.0
Copyright (C) 2019 ARM Ltd and ARM Germany GmbH. All rights reserved.
License Information: anurag info@zenneraqumet.com, stu, LIC=----
 
Tool Versions:
Toolchain:       MDK-Lite  Version: 5.29.0.0
Toolchain Path:  C:\Keil_v5\ARM\ARMCC\Bin
C Compiler:      Armcc.exe V5.06 update 6 (build 750)
Assembler:       Armasm.exe V5.06 update 6 (build 750)
Linker/Locator:  ArmLink.exe V5.06 update 6 (build 750)
Library Manager: ArmAr.exe V5.06 update 6 (build 750)
Hex Converter:   FromElf.exe V5.06 update 6 (build 750)
CPU DLL:         SARMCM3.DLL V5.29.0.0
Dialog DLL:      DARMCM1.DLL V1.19.2.0
Target DLL:      STLink\ST-LINKIII-KEIL_SWO.dll V3.0.7.0
Dialog DLL:      TARMCM1.DLL V1.14.1.0
 
<h2>Project:</h2>
D:\MODBUS_CONVERTER\MODBUS_CONVERTER_L062KBT6\MDK-ARM\MODBUS_CONVERTER_L062KBT6.uvprojx
Project File Date:  02/19/2026

<h2>Output:</h2>
*** Using Compiler 'V5.06 update 6 (build 750)', folder: 'C:\Keil_v5\ARM\ARMCC\Bin'
Build target 'MODBUS_CONVERTER_L062KBT6'
compiling uart.c...
..\Core\Src\uart.c(370): warning:  #177-D: variable "bcc"  was declared but never referenced
      uint8_t bcc = uid_part[0] ^ uid_part[1] ^
..\Core\Src\uart.c: 1 warning, 0 errors
compiling main.c...
../Core/Src/main.c(186): warning:  #177-D: function "MX_GPIO_Init"  was declared but never referenced
  static void MX_GPIO_Init(void)
../Core/Src/main.c: 1 warning, 0 errors
linking...
Program Size: Code=11984 RO-data=328 RW-data=52 ZI-data=2492  
FromELF: creating hex file...
"MODBUS_CONVERTER_L062KBT6\MODBUS_CONVERTER_L062KBT6.axf" - 0 Error(s), 2 Warning(s).

<h2>Software Packages used:</h2>

Package Vendor: ARM
                https://www.keil.com/pack/ARM.CMSIS.6.2.0.pack
                ARM.CMSIS.6.2.0
                CMSIS (Common Microcontroller Software Interface Standard)
   * Component: CORE Version: 6.1.1

Package Vendor: Keil
                https://www.keil.com/pack/Keil.STM32L0xx_DFP.3.1.0.pack
                Keil.STM32L0xx_DFP.3.1.0
                STMicroelectronics STM32L0 Series Device Support

<h2>Collection of Component include folders:</h2>
  .\RTE\_MODBUS_CONVERTER_L062KBT6
  C:\Users\Anurag\AppData\Local\Arm\Packs\ARM\CMSIS\6.2.0_backup\CMSIS\Core\Include

<h2>Collection of Component Files used:</h2>

   * Component: ARM::CMSIS:CORE:6.1.1
      Include file:  CMSIS\Core\Include\tz_context.h
Build Time Elapsed:  00:00:02
</pre>
</body>
</html>
